<testsuites id="" name="" tests="165" failures="146" skipped="0" errors="0" time="232.282136">
<testsuite name="ui-comprehensive.spec.ts" timestamp="2025-09-22T03:04:54.793Z" hostname="chromium" tests="33" failures="29" skipped="0" time="647.917" errors="0">
<testcase name="UI Comprehensive Tests › Landing Page UI › should display the main navigation correctly" classname="ui-comprehensive.spec.ts" time="8.394">
<failure message="ui-comprehensive.spec.ts:12:5 should display the main navigation correctly" type="FAILURE">
<![CDATA[  [chromium] › ui-comprehensive.spec.ts:12:5 › UI Comprehensive Tests › Landing Page UI › should display the main navigation correctly 

    Error: expect(locator).toBeVisible() failed

    Locator:  locator('nav')
    Expected: visible
    Received: <element(s) not found>
    Timeout:  5000ms

    Call log:
      - Expect "toBeVisible" with timeout 5000ms
      - waiting for locator('nav')


      12 |     test('should display the main navigation correctly', async () => {
      13 |       // Check if the main navigation elements are present
    > 14 |       await expect(page.locator('nav')).toBeVisible();
         |                                         ^
      15 |       await expect(page.locator('text=Ministry Platform')).toBeVisible();
      16 |       
      17 |       // Check for main navigation links
        at /Users/aomira/Documents/Work/MOCT/Dev/tawasal.moct.gov.sy/tests/e2e/ui-comprehensive.spec.ts:14:41

    attachment #1: screenshot (image/png) ──────────────────────────────────────────────────────────
    ../../test-results/ui-comprehensive-UI-Compre-f02f4-e-main-navigation-correctly-chromium/test-failed-1.png
    ────────────────────────────────────────────────────────────────────────────────────────────────

    attachment #2: video (video/webm) ──────────────────────────────────────────────────────────────
    ../../test-results/ui-comprehensive-UI-Compre-f02f4-e-main-navigation-correctly-chromium/video.webm
    ────────────────────────────────────────────────────────────────────────────────────────────────

    Error Context: ../../test-results/ui-comprehensive-UI-Compre-f02f4-e-main-navigation-correctly-chromium/error-context.md
]]>
</failure>
<system-out>
<![CDATA[
[[ATTACHMENT|ui-comprehensive-UI-Compre-f02f4-e-main-navigation-correctly-chromium/test-failed-1.png]]

[[ATTACHMENT|ui-comprehensive-UI-Compre-f02f4-e-main-navigation-correctly-chromium/video.webm]]

[[ATTACHMENT|ui-comprehensive-UI-Compre-f02f4-e-main-navigation-correctly-chromium/error-context.md]]
]]>
</system-out>
</testcase>
<testcase name="UI Comprehensive Tests › Landing Page UI › should have responsive design" classname="ui-comprehensive.spec.ts" time="8.394">
<failure message="ui-comprehensive.spec.ts:22:5 should have responsive design" type="FAILURE">
<![CDATA[  [chromium] › ui-comprehensive.spec.ts:22:5 › UI Comprehensive Tests › Landing Page UI › should have responsive design 

    Error: expect(locator).toBeVisible() failed

    Locator:  locator('nav')
    Expected: visible
    Received: <element(s) not found>
    Timeout:  5000ms

    Call log:
      - Expect "toBeVisible" with timeout 5000ms
      - waiting for locator('nav')


      23 |       // Test mobile viewport
      24 |       await page.setViewportSize({ width: 375, height: 667 });
    > 25 |       await expect(page.locator('nav')).toBeVisible();
         |                                         ^
      26 |       
      27 |       // Test tablet viewport
      28 |       await page.setViewportSize({ width: 768, height: 1024 });
        at /Users/aomira/Documents/Work/MOCT/Dev/tawasal.moct.gov.sy/tests/e2e/ui-comprehensive.spec.ts:25:41

    attachment #1: screenshot (image/png) ──────────────────────────────────────────────────────────
    ../../test-results/ui-comprehensive-UI-Compre-22532-ould-have-responsive-design-chromium/test-failed-1.png
    ────────────────────────────────────────────────────────────────────────────────────────────────

    attachment #2: video (video/webm) ──────────────────────────────────────────────────────────────
    ../../test-results/ui-comprehensive-UI-Compre-22532-ould-have-responsive-design-chromium/video.webm
    ────────────────────────────────────────────────────────────────────────────────────────────────

    Error Context: ../../test-results/ui-comprehensive-UI-Compre-22532-ould-have-responsive-design-chromium/error-context.md
]]>
</failure>
<system-out>
<![CDATA[
[[ATTACHMENT|ui-comprehensive-UI-Compre-22532-ould-have-responsive-design-chromium/test-failed-1.png]]

[[ATTACHMENT|ui-comprehensive-UI-Compre-22532-ould-have-responsive-design-chromium/video.webm]]

[[ATTACHMENT|ui-comprehensive-UI-Compre-22532-ould-have-responsive-design-chromium/error-context.md]]
]]>
</system-out>
</testcase>
<testcase name="UI Comprehensive Tests › Landing Page UI › should display proper error handling for tenant not found" classname="ui-comprehensive.spec.ts" time="3.454">
</testcase>
<testcase name="UI Comprehensive Tests › Form Builder UI › should display form builder interface" classname="ui-comprehensive.spec.ts" time="30.788">
<failure message="ui-comprehensive.spec.ts:48:5 should display form builder interface" type="FAILURE">
<![CDATA[  [chromium] › ui-comprehensive.spec.ts:48:5 › UI Comprehensive Tests › Form Builder UI › should display form builder interface 

    Test timeout of 30000ms exceeded while running "beforeEach" hook.

      41 |
      42 |   test.describe('Form Builder UI', () => {
    > 43 |     test.beforeEach(async () => {
         |          ^
      44 |       // Navigate to forms page
      45 |       await page.click('text=Forms');
      46 |     });
        at /Users/aomira/Documents/Work/MOCT/Dev/tawasal.moct.gov.sy/tests/e2e/ui-comprehensive.spec.ts:43:10

    Error: page.click: Test timeout of 30000ms exceeded.
    Call log:
      - waiting for locator('text=Forms')


      43 |     test.beforeEach(async () => {
      44 |       // Navigate to forms page
    > 45 |       await page.click('text=Forms');
         |                  ^
      46 |     });
      47 |
      48 |     test('should display form builder interface', async () => {
        at /Users/aomira/Documents/Work/MOCT/Dev/tawasal.moct.gov.sy/tests/e2e/ui-comprehensive.spec.ts:45:18

    attachment #1: screenshot (image/png) ──────────────────────────────────────────────────────────
    ../../test-results/ui-comprehensive-UI-Compre-2875b-play-form-builder-interface-chromium/test-failed-1.png
    ────────────────────────────────────────────────────────────────────────────────────────────────

    attachment #2: video (video/webm) ──────────────────────────────────────────────────────────────
    ../../test-results/ui-comprehensive-UI-Compre-2875b-play-form-builder-interface-chromium/video.webm
    ────────────────────────────────────────────────────────────────────────────────────────────────

    Error Context: ../../test-results/ui-comprehensive-UI-Compre-2875b-play-form-builder-interface-chromium/error-context.md
]]>
</failure>
<system-out>
<![CDATA[
[[ATTACHMENT|ui-comprehensive-UI-Compre-2875b-play-form-builder-interface-chromium/test-failed-1.png]]

[[ATTACHMENT|ui-comprehensive-UI-Compre-2875b-play-form-builder-interface-chromium/video.webm]]

[[ATTACHMENT|ui-comprehensive-UI-Compre-2875b-play-form-builder-interface-chromium/error-context.md]]
]]>
</system-out>
</testcase>
<testcase name="UI Comprehensive Tests › Form Builder UI › should have drag and drop functionality" classname="ui-comprehensive.spec.ts" time="30.815">
<failure message="ui-comprehensive.spec.ts:56:5 should have drag and drop functionality" type="FAILURE">
<![CDATA[  [chromium] › ui-comprehensive.spec.ts:56:5 › UI Comprehensive Tests › Form Builder UI › should have drag and drop functionality 

    Test timeout of 30000ms exceeded while running "beforeEach" hook.

      41 |
      42 |   test.describe('Form Builder UI', () => {
    > 43 |     test.beforeEach(async () => {
         |          ^
      44 |       // Navigate to forms page
      45 |       await page.click('text=Forms');
      46 |     });
        at /Users/aomira/Documents/Work/MOCT/Dev/tawasal.moct.gov.sy/tests/e2e/ui-comprehensive.spec.ts:43:10

    Error: page.click: Test timeout of 30000ms exceeded.
    Call log:
      - waiting for locator('text=Forms')


      43 |     test.beforeEach(async () => {
      44 |       // Navigate to forms page
    > 45 |       await page.click('text=Forms');
         |                  ^
      46 |     });
      47 |
      48 |     test('should display form builder interface', async () => {
        at /Users/aomira/Documents/Work/MOCT/Dev/tawasal.moct.gov.sy/tests/e2e/ui-comprehensive.spec.ts:45:18

    attachment #1: screenshot (image/png) ──────────────────────────────────────────────────────────
    ../../test-results/ui-comprehensive-UI-Compre-ba17e-drag-and-drop-functionality-chromium/test-failed-1.png
    ────────────────────────────────────────────────────────────────────────────────────────────────

    attachment #2: video (video/webm) ──────────────────────────────────────────────────────────────
    ../../test-results/ui-comprehensive-UI-Compre-ba17e-drag-and-drop-functionality-chromium/video.webm
    ────────────────────────────────────────────────────────────────────────────────────────────────

    Error Context: ../../test-results/ui-comprehensive-UI-Compre-ba17e-drag-and-drop-functionality-chromium/error-context.md
]]>
</failure>
<system-out>
<![CDATA[
[[ATTACHMENT|ui-comprehensive-UI-Compre-ba17e-drag-and-drop-functionality-chromium/test-failed-1.png]]

[[ATTACHMENT|ui-comprehensive-UI-Compre-ba17e-drag-and-drop-functionality-chromium/video.webm]]

[[ATTACHMENT|ui-comprehensive-UI-Compre-ba17e-drag-and-drop-functionality-chromium/error-context.md]]
]]>
</system-out>
</testcase>
<testcase name="UI Comprehensive Tests › Form Builder UI › should display property panel when component is selected" classname="ui-comprehensive.spec.ts" time="30.852">
<failure message="ui-comprehensive.spec.ts:67:5 should display property panel when component is selected" type="FAILURE">
<![CDATA[  [chromium] › ui-comprehensive.spec.ts:67:5 › UI Comprehensive Tests › Form Builder UI › should display property panel when component is selected 

    Test timeout of 30000ms exceeded while running "beforeEach" hook.

      41 |
      42 |   test.describe('Form Builder UI', () => {
    > 43 |     test.beforeEach(async () => {
         |          ^
      44 |       // Navigate to forms page
      45 |       await page.click('text=Forms');
      46 |     });
        at /Users/aomira/Documents/Work/MOCT/Dev/tawasal.moct.gov.sy/tests/e2e/ui-comprehensive.spec.ts:43:10

    Error: page.click: Test timeout of 30000ms exceeded.
    Call log:
      - waiting for locator('text=Forms')


      43 |     test.beforeEach(async () => {
      44 |       // Navigate to forms page
    > 45 |       await page.click('text=Forms');
         |                  ^
      46 |     });
      47 |
      48 |     test('should display form builder interface', async () => {
        at /Users/aomira/Documents/Work/MOCT/Dev/tawasal.moct.gov.sy/tests/e2e/ui-comprehensive.spec.ts:45:18

    attachment #1: screenshot (image/png) ──────────────────────────────────────────────────────────
    ../../test-results/ui-comprehensive-UI-Compre-4bcd4--when-component-is-selected-chromium/test-failed-1.png
    ────────────────────────────────────────────────────────────────────────────────────────────────

    attachment #2: video (video/webm) ──────────────────────────────────────────────────────────────
    ../../test-results/ui-comprehensive-UI-Compre-4bcd4--when-component-is-selected-chromium/video.webm
    ────────────────────────────────────────────────────────────────────────────────────────────────

    Error Context: ../../test-results/ui-comprehensive-UI-Compre-4bcd4--when-component-is-selected-chromium/error-context.md
]]>
</failure>
<system-out>
<![CDATA[
[[ATTACHMENT|ui-comprehensive-UI-Compre-4bcd4--when-component-is-selected-chromium/test-failed-1.png]]

[[ATTACHMENT|ui-comprehensive-UI-Compre-4bcd4--when-component-is-selected-chromium/video.webm]]

[[ATTACHMENT|ui-comprehensive-UI-Compre-4bcd4--when-component-is-selected-chromium/error-context.md]]
]]>
</system-out>
</testcase>
<testcase name="UI Comprehensive Tests › Form Builder UI › should support component customization" classname="ui-comprehensive.spec.ts" time="30.796">
<failure message="ui-comprehensive.spec.ts:80:5 should support component customization" type="FAILURE">
<![CDATA[  [chromium] › ui-comprehensive.spec.ts:80:5 › UI Comprehensive Tests › Form Builder UI › should support component customization 

    Test timeout of 30000ms exceeded while running "beforeEach" hook.

      41 |
      42 |   test.describe('Form Builder UI', () => {
    > 43 |     test.beforeEach(async () => {
         |          ^
      44 |       // Navigate to forms page
      45 |       await page.click('text=Forms');
      46 |     });
        at /Users/aomira/Documents/Work/MOCT/Dev/tawasal.moct.gov.sy/tests/e2e/ui-comprehensive.spec.ts:43:10

    Error: page.click: Test timeout of 30000ms exceeded.
    Call log:
      - waiting for locator('text=Forms')


      43 |     test.beforeEach(async () => {
      44 |       // Navigate to forms page
    > 45 |       await page.click('text=Forms');
         |                  ^
      46 |     });
      47 |
      48 |     test('should display form builder interface', async () => {
        at /Users/aomira/Documents/Work/MOCT/Dev/tawasal.moct.gov.sy/tests/e2e/ui-comprehensive.spec.ts:45:18

    attachment #1: screenshot (image/png) ──────────────────────────────────────────────────────────
    ../../test-results/ui-comprehensive-UI-Compre-66f6a-ort-component-customization-chromium/test-failed-1.png
    ────────────────────────────────────────────────────────────────────────────────────────────────

    attachment #2: video (video/webm) ──────────────────────────────────────────────────────────────
    ../../test-results/ui-comprehensive-UI-Compre-66f6a-ort-component-customization-chromium/video.webm
    ────────────────────────────────────────────────────────────────────────────────────────────────

    Error Context: ../../test-results/ui-comprehensive-UI-Compre-66f6a-ort-component-customization-chromium/error-context.md
]]>
</failure>
<system-out>
<![CDATA[
[[ATTACHMENT|ui-comprehensive-UI-Compre-66f6a-ort-component-customization-chromium/test-failed-1.png]]

[[ATTACHMENT|ui-comprehensive-UI-Compre-66f6a-ort-component-customization-chromium/video.webm]]

[[ATTACHMENT|ui-comprehensive-UI-Compre-66f6a-ort-component-customization-chromium/error-context.md]]
]]>
</system-out>
</testcase>
<testcase name="UI Comprehensive Tests › Form Builder UI › should support conditional logic builder" classname="ui-comprehensive.spec.ts" time="30.809">
<failure message="ui-comprehensive.spec.ts:98:5 should support conditional logic builder" type="FAILURE">
<![CDATA[  [chromium] › ui-comprehensive.spec.ts:98:5 › UI Comprehensive Tests › Form Builder UI › should support conditional logic builder 

    Test timeout of 30000ms exceeded while running "beforeEach" hook.

      41 |
      42 |   test.describe('Form Builder UI', () => {
    > 43 |     test.beforeEach(async () => {
         |          ^
      44 |       // Navigate to forms page
      45 |       await page.click('text=Forms');
      46 |     });
        at /Users/aomira/Documents/Work/MOCT/Dev/tawasal.moct.gov.sy/tests/e2e/ui-comprehensive.spec.ts:43:10

    Error: page.click: Test timeout of 30000ms exceeded.
    Call log:
      - waiting for locator('text=Forms')


      43 |     test.beforeEach(async () => {
      44 |       // Navigate to forms page
    > 45 |       await page.click('text=Forms');
         |                  ^
      46 |     });
      47 |
      48 |     test('should display form builder interface', async () => {
        at /Users/aomira/Documents/Work/MOCT/Dev/tawasal.moct.gov.sy/tests/e2e/ui-comprehensive.spec.ts:45:18

    attachment #1: screenshot (image/png) ──────────────────────────────────────────────────────────
    ../../test-results/ui-comprehensive-UI-Compre-ff3ab-t-conditional-logic-builder-chromium/test-failed-1.png
    ────────────────────────────────────────────────────────────────────────────────────────────────

    attachment #2: video (video/webm) ──────────────────────────────────────────────────────────────
    ../../test-results/ui-comprehensive-UI-Compre-ff3ab-t-conditional-logic-builder-chromium/video.webm
    ────────────────────────────────────────────────────────────────────────────────────────────────

    Error Context: ../../test-results/ui-comprehensive-UI-Compre-ff3ab-t-conditional-logic-builder-chromium/error-context.md
]]>
</failure>
<system-out>
<![CDATA[
[[ATTACHMENT|ui-comprehensive-UI-Compre-ff3ab-t-conditional-logic-builder-chromium/test-failed-1.png]]

[[ATTACHMENT|ui-comprehensive-UI-Compre-ff3ab-t-conditional-logic-builder-chromium/video.webm]]

[[ATTACHMENT|ui-comprehensive-UI-Compre-ff3ab-t-conditional-logic-builder-chromium/error-context.md]]
]]>
</system-out>
</testcase>
<testcase name="UI Comprehensive Tests › Form Builder UI › should support multi-step forms" classname="ui-comprehensive.spec.ts" time="30.822">
<failure message="ui-comprehensive.spec.ts:115:5 should support multi-step forms" type="FAILURE">
<![CDATA[  [chromium] › ui-comprehensive.spec.ts:115:5 › UI Comprehensive Tests › Form Builder UI › should support multi-step forms 

    Test timeout of 30000ms exceeded while running "beforeEach" hook.

      41 |
      42 |   test.describe('Form Builder UI', () => {
    > 43 |     test.beforeEach(async () => {
         |          ^
      44 |       // Navigate to forms page
      45 |       await page.click('text=Forms');
      46 |     });
        at /Users/aomira/Documents/Work/MOCT/Dev/tawasal.moct.gov.sy/tests/e2e/ui-comprehensive.spec.ts:43:10

    Error: page.click: Test timeout of 30000ms exceeded.
    Call log:
      - waiting for locator('text=Forms')


      43 |     test.beforeEach(async () => {
      44 |       // Navigate to forms page
    > 45 |       await page.click('text=Forms');
         |                  ^
      46 |     });
      47 |
      48 |     test('should display form builder interface', async () => {
        at /Users/aomira/Documents/Work/MOCT/Dev/tawasal.moct.gov.sy/tests/e2e/ui-comprehensive.spec.ts:45:18

    attachment #1: screenshot (image/png) ──────────────────────────────────────────────────────────
    ../../test-results/ui-comprehensive-UI-Compre-96e2b-ld-support-multi-step-forms-chromium/test-failed-1.png
    ────────────────────────────────────────────────────────────────────────────────────────────────

    attachment #2: video (video/webm) ──────────────────────────────────────────────────────────────
    ../../test-results/ui-comprehensive-UI-Compre-96e2b-ld-support-multi-step-forms-chromium/video.webm
    ────────────────────────────────────────────────────────────────────────────────────────────────

    Error Context: ../../test-results/ui-comprehensive-UI-Compre-96e2b-ld-support-multi-step-forms-chromium/error-context.md
]]>
</failure>
<system-out>
<![CDATA[
[[ATTACHMENT|ui-comprehensive-UI-Compre-96e2b-ld-support-multi-step-forms-chromium/test-failed-1.png]]

[[ATTACHMENT|ui-comprehensive-UI-Compre-96e2b-ld-support-multi-step-forms-chromium/video.webm]]

[[ATTACHMENT|ui-comprehensive-UI-Compre-96e2b-ld-support-multi-step-forms-chromium/error-context.md]]
]]>
</system-out>
</testcase>
<testcase name="UI Comprehensive Tests › Form Builder UI › should support form templates" classname="ui-comprehensive.spec.ts" time="30.803">
<failure message="ui-comprehensive.spec.ts:125:5 should support form templates" type="FAILURE">
<![CDATA[  [chromium] › ui-comprehensive.spec.ts:125:5 › UI Comprehensive Tests › Form Builder UI › should support form templates 

    Test timeout of 30000ms exceeded while running "beforeEach" hook.

      41 |
      42 |   test.describe('Form Builder UI', () => {
    > 43 |     test.beforeEach(async () => {
         |          ^
      44 |       // Navigate to forms page
      45 |       await page.click('text=Forms');
      46 |     });
        at /Users/aomira/Documents/Work/MOCT/Dev/tawasal.moct.gov.sy/tests/e2e/ui-comprehensive.spec.ts:43:10

    Error: page.click: Test timeout of 30000ms exceeded.
    Call log:
      - waiting for locator('text=Forms')


      43 |     test.beforeEach(async () => {
      44 |       // Navigate to forms page
    > 45 |       await page.click('text=Forms');
         |                  ^
      46 |     });
      47 |
      48 |     test('should display form builder interface', async () => {
        at /Users/aomira/Documents/Work/MOCT/Dev/tawasal.moct.gov.sy/tests/e2e/ui-comprehensive.spec.ts:45:18

    attachment #1: screenshot (image/png) ──────────────────────────────────────────────────────────
    ../../test-results/ui-comprehensive-UI-Compre-d3f6a-ould-support-form-templates-chromium/test-failed-1.png
    ────────────────────────────────────────────────────────────────────────────────────────────────

    attachment #2: video (video/webm) ──────────────────────────────────────────────────────────────
    ../../test-results/ui-comprehensive-UI-Compre-d3f6a-ould-support-form-templates-chromium/video.webm
    ────────────────────────────────────────────────────────────────────────────────────────────────

    Error Context: ../../test-results/ui-comprehensive-UI-Compre-d3f6a-ould-support-form-templates-chromium/error-context.md
]]>
</failure>
<system-out>
<![CDATA[
[[ATTACHMENT|ui-comprehensive-UI-Compre-d3f6a-ould-support-form-templates-chromium/test-failed-1.png]]

[[ATTACHMENT|ui-comprehensive-UI-Compre-d3f6a-ould-support-form-templates-chromium/video.webm]]

[[ATTACHMENT|ui-comprehensive-UI-Compre-d3f6a-ould-support-form-templates-chromium/error-context.md]]
]]>
</system-out>
</testcase>
<testcase name="UI Comprehensive Tests › Form Builder UI › should support form publishing workflow" classname="ui-comprehensive.spec.ts" time="30.678">
<failure message="ui-comprehensive.spec.ts:136:5 should support form publishing workflow" type="FAILURE">
<![CDATA[  [chromium] › ui-comprehensive.spec.ts:136:5 › UI Comprehensive Tests › Form Builder UI › should support form publishing workflow 

    Test timeout of 30000ms exceeded while running "beforeEach" hook.

      41 |
      42 |   test.describe('Form Builder UI', () => {
    > 43 |     test.beforeEach(async () => {
         |          ^
      44 |       // Navigate to forms page
      45 |       await page.click('text=Forms');
      46 |     });
        at /Users/aomira/Documents/Work/MOCT/Dev/tawasal.moct.gov.sy/tests/e2e/ui-comprehensive.spec.ts:43:10

    Error: page.click: Test timeout of 30000ms exceeded.
    Call log:
      - waiting for locator('text=Forms')


      43 |     test.beforeEach(async () => {
      44 |       // Navigate to forms page
    > 45 |       await page.click('text=Forms');
         |                  ^
      46 |     });
      47 |
      48 |     test('should display form builder interface', async () => {
        at /Users/aomira/Documents/Work/MOCT/Dev/tawasal.moct.gov.sy/tests/e2e/ui-comprehensive.spec.ts:45:18

    attachment #1: screenshot (image/png) ──────────────────────────────────────────────────────────
    ../../test-results/ui-comprehensive-UI-Compre-67268-rt-form-publishing-workflow-chromium/test-failed-1.png
    ────────────────────────────────────────────────────────────────────────────────────────────────

    attachment #2: video (video/webm) ──────────────────────────────────────────────────────────────
    ../../test-results/ui-comprehensive-UI-Compre-67268-rt-form-publishing-workflow-chromium/video.webm
    ────────────────────────────────────────────────────────────────────────────────────────────────

    Error Context: ../../test-results/ui-comprehensive-UI-Compre-67268-rt-form-publishing-workflow-chromium/error-context.md
]]>
</failure>
<system-out>
<![CDATA[
[[ATTACHMENT|ui-comprehensive-UI-Compre-67268-rt-form-publishing-workflow-chromium/test-failed-1.png]]

[[ATTACHMENT|ui-comprehensive-UI-Compre-67268-rt-form-publishing-workflow-chromium/video.webm]]

[[ATTACHMENT|ui-comprehensive-UI-Compre-67268-rt-form-publishing-workflow-chromium/error-context.md]]
]]>
</system-out>
</testcase>
<testcase name="UI Comprehensive Tests › Admin Panel UI › should display admin dashboard" classname="ui-comprehensive.spec.ts" time="30.702">
<failure message="ui-comprehensive.spec.ts:149:5 should display admin dashboard" type="FAILURE">
<![CDATA[  [chromium] › ui-comprehensive.spec.ts:149:5 › UI Comprehensive Tests › Admin Panel UI › should display admin dashboard 

    Test timeout of 30000ms exceeded while running "beforeEach" hook.

      142 |
      143 |   test.describe('Admin Panel UI', () => {
    > 144 |     test.beforeEach(async () => {
          |          ^
      145 |       // Navigate to admin page
      146 |       await page.click('text=Admin');
      147 |     });
        at /Users/aomira/Documents/Work/MOCT/Dev/tawasal.moct.gov.sy/tests/e2e/ui-comprehensive.spec.ts:144:10

    Error: page.click: Test timeout of 30000ms exceeded.
    Call log:
      - waiting for locator('text=Admin')


      144 |     test.beforeEach(async () => {
      145 |       // Navigate to admin page
    > 146 |       await page.click('text=Admin');
          |                  ^
      147 |     });
      148 |
      149 |     test('should display admin dashboard', async () => {
        at /Users/aomira/Documents/Work/MOCT/Dev/tawasal.moct.gov.sy/tests/e2e/ui-comprehensive.spec.ts:146:18

    attachment #1: screenshot (image/png) ──────────────────────────────────────────────────────────
    ../../test-results/ui-comprehensive-UI-Compre-d918c-uld-display-admin-dashboard-chromium/test-failed-1.png
    ────────────────────────────────────────────────────────────────────────────────────────────────

    attachment #2: video (video/webm) ──────────────────────────────────────────────────────────────
    ../../test-results/ui-comprehensive-UI-Compre-d918c-uld-display-admin-dashboard-chromium/video.webm
    ────────────────────────────────────────────────────────────────────────────────────────────────

    Error Context: ../../test-results/ui-comprehensive-UI-Compre-d918c-uld-display-admin-dashboard-chromium/error-context.md
]]>
</failure>
<system-out>
<![CDATA[
[[ATTACHMENT|ui-comprehensive-UI-Compre-d918c-uld-display-admin-dashboard-chromium/test-failed-1.png]]

[[ATTACHMENT|ui-comprehensive-UI-Compre-d918c-uld-display-admin-dashboard-chromium/video.webm]]

[[ATTACHMENT|ui-comprehensive-UI-Compre-d918c-uld-display-admin-dashboard-chromium/error-context.md]]
]]>
</system-out>
</testcase>
<testcase name="UI Comprehensive Tests › Admin Panel UI › should support ministry management" classname="ui-comprehensive.spec.ts" time="30.683">
<failure message="ui-comprehensive.spec.ts:157:5 should support ministry management" type="FAILURE">
<![CDATA[  [chromium] › ui-comprehensive.spec.ts:157:5 › UI Comprehensive Tests › Admin Panel UI › should support ministry management 

    Test timeout of 30000ms exceeded while running "beforeEach" hook.

      142 |
      143 |   test.describe('Admin Panel UI', () => {
    > 144 |     test.beforeEach(async () => {
          |          ^
      145 |       // Navigate to admin page
      146 |       await page.click('text=Admin');
      147 |     });
        at /Users/aomira/Documents/Work/MOCT/Dev/tawasal.moct.gov.sy/tests/e2e/ui-comprehensive.spec.ts:144:10

    Error: page.click: Test timeout of 30000ms exceeded.
    Call log:
      - waiting for locator('text=Admin')


      144 |     test.beforeEach(async () => {
      145 |       // Navigate to admin page
    > 146 |       await page.click('text=Admin');
          |                  ^
      147 |     });
      148 |
      149 |     test('should display admin dashboard', async () => {
        at /Users/aomira/Documents/Work/MOCT/Dev/tawasal.moct.gov.sy/tests/e2e/ui-comprehensive.spec.ts:146:18

    attachment #1: screenshot (image/png) ──────────────────────────────────────────────────────────
    ../../test-results/ui-comprehensive-UI-Compre-3e7a1-support-ministry-management-chromium/test-failed-1.png
    ────────────────────────────────────────────────────────────────────────────────────────────────

    attachment #2: video (video/webm) ──────────────────────────────────────────────────────────────
    ../../test-results/ui-comprehensive-UI-Compre-3e7a1-support-ministry-management-chromium/video.webm
    ────────────────────────────────────────────────────────────────────────────────────────────────

    Error Context: ../../test-results/ui-comprehensive-UI-Compre-3e7a1-support-ministry-management-chromium/error-context.md
]]>
</failure>
<system-out>
<![CDATA[
[[ATTACHMENT|ui-comprehensive-UI-Compre-3e7a1-support-ministry-management-chromium/test-failed-1.png]]

[[ATTACHMENT|ui-comprehensive-UI-Compre-3e7a1-support-ministry-management-chromium/video.webm]]

[[ATTACHMENT|ui-comprehensive-UI-Compre-3e7a1-support-ministry-management-chromium/error-context.md]]
]]>
</system-out>
</testcase>
<testcase name="UI Comprehensive Tests › Admin Panel UI › should support user management" classname="ui-comprehensive.spec.ts" time="30.699">
<failure message="ui-comprehensive.spec.ts:171:5 should support user management" type="FAILURE">
<![CDATA[  [chromium] › ui-comprehensive.spec.ts:171:5 › UI Comprehensive Tests › Admin Panel UI › should support user management 

    Test timeout of 30000ms exceeded while running "beforeEach" hook.

      142 |
      143 |   test.describe('Admin Panel UI', () => {
    > 144 |     test.beforeEach(async () => {
          |          ^
      145 |       // Navigate to admin page
      146 |       await page.click('text=Admin');
      147 |     });
        at /Users/aomira/Documents/Work/MOCT/Dev/tawasal.moct.gov.sy/tests/e2e/ui-comprehensive.spec.ts:144:10

    Error: page.click: Test timeout of 30000ms exceeded.
    Call log:
      - waiting for locator('text=Admin')


      144 |     test.beforeEach(async () => {
      145 |       // Navigate to admin page
    > 146 |       await page.click('text=Admin');
          |                  ^
      147 |     });
      148 |
      149 |     test('should display admin dashboard', async () => {
        at /Users/aomira/Documents/Work/MOCT/Dev/tawasal.moct.gov.sy/tests/e2e/ui-comprehensive.spec.ts:146:18

    attachment #1: screenshot (image/png) ──────────────────────────────────────────────────────────
    ../../test-results/ui-comprehensive-UI-Compre-82d8b-uld-support-user-management-chromium/test-failed-1.png
    ────────────────────────────────────────────────────────────────────────────────────────────────

    attachment #2: video (video/webm) ──────────────────────────────────────────────────────────────
    ../../test-results/ui-comprehensive-UI-Compre-82d8b-uld-support-user-management-chromium/video.webm
    ────────────────────────────────────────────────────────────────────────────────────────────────

    Error Context: ../../test-results/ui-comprehensive-UI-Compre-82d8b-uld-support-user-management-chromium/error-context.md
]]>
</failure>
<system-out>
<![CDATA[
[[ATTACHMENT|ui-comprehensive-UI-Compre-82d8b-uld-support-user-management-chromium/test-failed-1.png]]

[[ATTACHMENT|ui-comprehensive-UI-Compre-82d8b-uld-support-user-management-chromium/video.webm]]

[[ATTACHMENT|ui-comprehensive-UI-Compre-82d8b-uld-support-user-management-chromium/error-context.md]]
]]>
</system-out>
</testcase>
<testcase name="UI Comprehensive Tests › Admin Panel UI › should support role management" classname="ui-comprehensive.spec.ts" time="30.689">
<failure message="ui-comprehensive.spec.ts:185:5 should support role management" type="FAILURE">
<![CDATA[  [chromium] › ui-comprehensive.spec.ts:185:5 › UI Comprehensive Tests › Admin Panel UI › should support role management 

    Test timeout of 30000ms exceeded while running "beforeEach" hook.

      142 |
      143 |   test.describe('Admin Panel UI', () => {
    > 144 |     test.beforeEach(async () => {
          |          ^
      145 |       // Navigate to admin page
      146 |       await page.click('text=Admin');
      147 |     });
        at /Users/aomira/Documents/Work/MOCT/Dev/tawasal.moct.gov.sy/tests/e2e/ui-comprehensive.spec.ts:144:10

    Error: page.click: Test timeout of 30000ms exceeded.
    Call log:
      - waiting for locator('text=Admin')


      144 |     test.beforeEach(async () => {
      145 |       // Navigate to admin page
    > 146 |       await page.click('text=Admin');
          |                  ^
      147 |     });
      148 |
      149 |     test('should display admin dashboard', async () => {
        at /Users/aomira/Documents/Work/MOCT/Dev/tawasal.moct.gov.sy/tests/e2e/ui-comprehensive.spec.ts:146:18

    attachment #1: screenshot (image/png) ──────────────────────────────────────────────────────────
    ../../test-results/ui-comprehensive-UI-Compre-0d49a-uld-support-role-management-chromium/test-failed-1.png
    ────────────────────────────────────────────────────────────────────────────────────────────────

    attachment #2: video (video/webm) ──────────────────────────────────────────────────────────────
    ../../test-results/ui-comprehensive-UI-Compre-0d49a-uld-support-role-management-chromium/video.webm
    ────────────────────────────────────────────────────────────────────────────────────────────────

    Error Context: ../../test-results/ui-comprehensive-UI-Compre-0d49a-uld-support-role-management-chromium/error-context.md
]]>
</failure>
<system-out>
<![CDATA[
[[ATTACHMENT|ui-comprehensive-UI-Compre-0d49a-uld-support-role-management-chromium/test-failed-1.png]]

[[ATTACHMENT|ui-comprehensive-UI-Compre-0d49a-uld-support-role-management-chromium/video.webm]]

[[ATTACHMENT|ui-comprehensive-UI-Compre-0d49a-uld-support-role-management-chromium/error-context.md]]
]]>
</system-out>
</testcase>
<testcase name="UI Comprehensive Tests › Admin Panel UI › should support audit logs viewer" classname="ui-comprehensive.spec.ts" time="30.698">
<failure message="ui-comprehensive.spec.ts:199:5 should support audit logs viewer" type="FAILURE">
<![CDATA[  [chromium] › ui-comprehensive.spec.ts:199:5 › UI Comprehensive Tests › Admin Panel UI › should support audit logs viewer 

    Test timeout of 30000ms exceeded while running "beforeEach" hook.

      142 |
      143 |   test.describe('Admin Panel UI', () => {
    > 144 |     test.beforeEach(async () => {
          |          ^
      145 |       // Navigate to admin page
      146 |       await page.click('text=Admin');
      147 |     });
        at /Users/aomira/Documents/Work/MOCT/Dev/tawasal.moct.gov.sy/tests/e2e/ui-comprehensive.spec.ts:144:10

    Error: page.click: Test timeout of 30000ms exceeded.
    Call log:
      - waiting for locator('text=Admin')


      144 |     test.beforeEach(async () => {
      145 |       // Navigate to admin page
    > 146 |       await page.click('text=Admin');
          |                  ^
      147 |     });
      148 |
      149 |     test('should display admin dashboard', async () => {
        at /Users/aomira/Documents/Work/MOCT/Dev/tawasal.moct.gov.sy/tests/e2e/ui-comprehensive.spec.ts:146:18

    attachment #1: screenshot (image/png) ──────────────────────────────────────────────────────────
    ../../test-results/ui-comprehensive-UI-Compre-adfb3-d-support-audit-logs-viewer-chromium/test-failed-1.png
    ────────────────────────────────────────────────────────────────────────────────────────────────

    attachment #2: video (video/webm) ──────────────────────────────────────────────────────────────
    ../../test-results/ui-comprehensive-UI-Compre-adfb3-d-support-audit-logs-viewer-chromium/video.webm
    ────────────────────────────────────────────────────────────────────────────────────────────────

    Error Context: ../../test-results/ui-comprehensive-UI-Compre-adfb3-d-support-audit-logs-viewer-chromium/error-context.md
]]>
</failure>
<system-out>
<![CDATA[
[[ATTACHMENT|ui-comprehensive-UI-Compre-adfb3-d-support-audit-logs-viewer-chromium/test-failed-1.png]]

[[ATTACHMENT|ui-comprehensive-UI-Compre-adfb3-d-support-audit-logs-viewer-chromium/video.webm]]

[[ATTACHMENT|ui-comprehensive-UI-Compre-adfb3-d-support-audit-logs-viewer-chromium/error-context.md]]
]]>
</system-out>
</testcase>
<testcase name="UI Comprehensive Tests › Admin Panel UI › should support encryption management" classname="ui-comprehensive.spec.ts" time="30.752">
<failure message="ui-comprehensive.spec.ts:209:5 should support encryption management" type="FAILURE">
<![CDATA[  [chromium] › ui-comprehensive.spec.ts:209:5 › UI Comprehensive Tests › Admin Panel UI › should support encryption management 

    Test timeout of 30000ms exceeded while running "beforeEach" hook.

      142 |
      143 |   test.describe('Admin Panel UI', () => {
    > 144 |     test.beforeEach(async () => {
          |          ^
      145 |       // Navigate to admin page
      146 |       await page.click('text=Admin');
      147 |     });
        at /Users/aomira/Documents/Work/MOCT/Dev/tawasal.moct.gov.sy/tests/e2e/ui-comprehensive.spec.ts:144:10

    Error: page.click: Test timeout of 30000ms exceeded.
    Call log:
      - waiting for locator('text=Admin')


      144 |     test.beforeEach(async () => {
      145 |       // Navigate to admin page
    > 146 |       await page.click('text=Admin');
          |                  ^
      147 |     });
      148 |
      149 |     test('should display admin dashboard', async () => {
        at /Users/aomira/Documents/Work/MOCT/Dev/tawasal.moct.gov.sy/tests/e2e/ui-comprehensive.spec.ts:146:18

    attachment #1: screenshot (image/png) ──────────────────────────────────────────────────────────
    ../../test-results/ui-comprehensive-UI-Compre-65da1-pport-encryption-management-chromium/test-failed-1.png
    ────────────────────────────────────────────────────────────────────────────────────────────────

    attachment #2: video (video/webm) ──────────────────────────────────────────────────────────────
    ../../test-results/ui-comprehensive-UI-Compre-65da1-pport-encryption-management-chromium/video.webm
    ────────────────────────────────────────────────────────────────────────────────────────────────

    Error Context: ../../test-results/ui-comprehensive-UI-Compre-65da1-pport-encryption-management-chromium/error-context.md
]]>
</failure>
<system-out>
<![CDATA[
[[ATTACHMENT|ui-comprehensive-UI-Compre-65da1-pport-encryption-management-chromium/test-failed-1.png]]

[[ATTACHMENT|ui-comprehensive-UI-Compre-65da1-pport-encryption-management-chromium/video.webm]]

[[ATTACHMENT|ui-comprehensive-UI-Compre-65da1-pport-encryption-management-chromium/error-context.md]]
]]>
</system-out>
</testcase>
<testcase name="UI Comprehensive Tests › Analytics Dashboard UI › should display analytics dashboard" classname="ui-comprehensive.spec.ts" time="30.865">
<failure message="ui-comprehensive.spec.ts:226:5 should display analytics dashboard" type="FAILURE">
<![CDATA[  [chromium] › ui-comprehensive.spec.ts:226:5 › UI Comprehensive Tests › Analytics Dashboard UI › should display analytics dashboard 

    Test timeout of 30000ms exceeded while running "beforeEach" hook.

      219 |
      220 |   test.describe('Analytics Dashboard UI', () => {
    > 221 |     test.beforeEach(async () => {
          |          ^
      222 |       // Navigate to analytics
      223 |       await page.click('text=Analytics');
      224 |     });
        at /Users/aomira/Documents/Work/MOCT/Dev/tawasal.moct.gov.sy/tests/e2e/ui-comprehensive.spec.ts:221:10

    Error: page.click: Test timeout of 30000ms exceeded.
    Call log:
      - waiting for locator('text=Analytics')


      221 |     test.beforeEach(async () => {
      222 |       // Navigate to analytics
    > 223 |       await page.click('text=Analytics');
          |                  ^
      224 |     });
      225 |
      226 |     test('should display analytics dashboard', async () => {
        at /Users/aomira/Documents/Work/MOCT/Dev/tawasal.moct.gov.sy/tests/e2e/ui-comprehensive.spec.ts:223:18

    attachment #1: screenshot (image/png) ──────────────────────────────────────────────────────────
    ../../test-results/ui-comprehensive-UI-Compre-f7374-display-analytics-dashboard-chromium/test-failed-1.png
    ────────────────────────────────────────────────────────────────────────────────────────────────

    attachment #2: video (video/webm) ──────────────────────────────────────────────────────────────
    ../../test-results/ui-comprehensive-UI-Compre-f7374-display-analytics-dashboard-chromium/video.webm
    ────────────────────────────────────────────────────────────────────────────────────────────────

    Error Context: ../../test-results/ui-comprehensive-UI-Compre-f7374-display-analytics-dashboard-chromium/error-context.md
]]>
</failure>
<system-out>
<![CDATA[
[[ATTACHMENT|ui-comprehensive-UI-Compre-f7374-display-analytics-dashboard-chromium/test-failed-1.png]]

[[ATTACHMENT|ui-comprehensive-UI-Compre-f7374-display-analytics-dashboard-chromium/video.webm]]

[[ATTACHMENT|ui-comprehensive-UI-Compre-f7374-display-analytics-dashboard-chromium/error-context.md]]
]]>
</system-out>
</testcase>
<testcase name="UI Comprehensive Tests › Analytics Dashboard UI › should display charts and graphs" classname="ui-comprehensive.spec.ts" time="30.828">
<failure message="ui-comprehensive.spec.ts:233:5 should display charts and graphs" type="FAILURE">
<![CDATA[  [chromium] › ui-comprehensive.spec.ts:233:5 › UI Comprehensive Tests › Analytics Dashboard UI › should display charts and graphs 

    Test timeout of 30000ms exceeded while running "beforeEach" hook.

      219 |
      220 |   test.describe('Analytics Dashboard UI', () => {
    > 221 |     test.beforeEach(async () => {
          |          ^
      222 |       // Navigate to analytics
      223 |       await page.click('text=Analytics');
      224 |     });
        at /Users/aomira/Documents/Work/MOCT/Dev/tawasal.moct.gov.sy/tests/e2e/ui-comprehensive.spec.ts:221:10

    Error: page.click: Test timeout of 30000ms exceeded.
    Call log:
      - waiting for locator('text=Analytics')


      221 |     test.beforeEach(async () => {
      222 |       // Navigate to analytics
    > 223 |       await page.click('text=Analytics');
          |                  ^
      224 |     });
      225 |
      226 |     test('should display analytics dashboard', async () => {
        at /Users/aomira/Documents/Work/MOCT/Dev/tawasal.moct.gov.sy/tests/e2e/ui-comprehensive.spec.ts:223:18

    attachment #1: screenshot (image/png) ──────────────────────────────────────────────────────────
    ../../test-results/ui-comprehensive-UI-Compre-c17c7-d-display-charts-and-graphs-chromium/test-failed-1.png
    ────────────────────────────────────────────────────────────────────────────────────────────────

    attachment #2: video (video/webm) ──────────────────────────────────────────────────────────────
    ../../test-results/ui-comprehensive-UI-Compre-c17c7-d-display-charts-and-graphs-chromium/video.webm
    ────────────────────────────────────────────────────────────────────────────────────────────────

    Error Context: ../../test-results/ui-comprehensive-UI-Compre-c17c7-d-display-charts-and-graphs-chromium/error-context.md
]]>
</failure>
<system-out>
<![CDATA[
[[ATTACHMENT|ui-comprehensive-UI-Compre-c17c7-d-display-charts-and-graphs-chromium/test-failed-1.png]]

[[ATTACHMENT|ui-comprehensive-UI-Compre-c17c7-d-display-charts-and-graphs-chromium/video.webm]]

[[ATTACHMENT|ui-comprehensive-UI-Compre-c17c7-d-display-charts-and-graphs-chromium/error-context.md]]
]]>
</system-out>
</testcase>
<testcase name="UI Comprehensive Tests › Analytics Dashboard UI › should support real-time updates" classname="ui-comprehensive.spec.ts" time="30.836">
<failure message="ui-comprehensive.spec.ts:240:5 should support real-time updates" type="FAILURE">
<![CDATA[  [chromium] › ui-comprehensive.spec.ts:240:5 › UI Comprehensive Tests › Analytics Dashboard UI › should support real-time updates 

    Test timeout of 30000ms exceeded while running "beforeEach" hook.

      219 |
      220 |   test.describe('Analytics Dashboard UI', () => {
    > 221 |     test.beforeEach(async () => {
          |          ^
      222 |       // Navigate to analytics
      223 |       await page.click('text=Analytics');
      224 |     });
        at /Users/aomira/Documents/Work/MOCT/Dev/tawasal.moct.gov.sy/tests/e2e/ui-comprehensive.spec.ts:221:10

    Error: page.click: Test timeout of 30000ms exceeded.
    Call log:
      - waiting for locator('text=Analytics')


      221 |     test.beforeEach(async () => {
      222 |       // Navigate to analytics
    > 223 |       await page.click('text=Analytics');
          |                  ^
      224 |     });
      225 |
      226 |     test('should display analytics dashboard', async () => {
        at /Users/aomira/Documents/Work/MOCT/Dev/tawasal.moct.gov.sy/tests/e2e/ui-comprehensive.spec.ts:223:18

    attachment #1: screenshot (image/png) ──────────────────────────────────────────────────────────
    ../../test-results/ui-comprehensive-UI-Compre-36cfa-d-support-real-time-updates-chromium/test-failed-1.png
    ────────────────────────────────────────────────────────────────────────────────────────────────

    attachment #2: video (video/webm) ──────────────────────────────────────────────────────────────
    ../../test-results/ui-comprehensive-UI-Compre-36cfa-d-support-real-time-updates-chromium/video.webm
    ────────────────────────────────────────────────────────────────────────────────────────────────

    Error Context: ../../test-results/ui-comprehensive-UI-Compre-36cfa-d-support-real-time-updates-chromium/error-context.md
]]>
</failure>
<system-out>
<![CDATA[
[[ATTACHMENT|ui-comprehensive-UI-Compre-36cfa-d-support-real-time-updates-chromium/test-failed-1.png]]

[[ATTACHMENT|ui-comprehensive-UI-Compre-36cfa-d-support-real-time-updates-chromium/video.webm]]

[[ATTACHMENT|ui-comprehensive-UI-Compre-36cfa-d-support-real-time-updates-chromium/error-context.md]]
]]>
</system-out>
</testcase>
<testcase name="UI Comprehensive Tests › Analytics Dashboard UI › should support filtering and date ranges" classname="ui-comprehensive.spec.ts" time="30.796">
<failure message="ui-comprehensive.spec.ts:246:5 should support filtering and date ranges" type="FAILURE">
<![CDATA[  [chromium] › ui-comprehensive.spec.ts:246:5 › UI Comprehensive Tests › Analytics Dashboard UI › should support filtering and date ranges 

    Test timeout of 30000ms exceeded while running "beforeEach" hook.

      219 |
      220 |   test.describe('Analytics Dashboard UI', () => {
    > 221 |     test.beforeEach(async () => {
          |          ^
      222 |       // Navigate to analytics
      223 |       await page.click('text=Analytics');
      224 |     });
        at /Users/aomira/Documents/Work/MOCT/Dev/tawasal.moct.gov.sy/tests/e2e/ui-comprehensive.spec.ts:221:10

    Error: page.click: Test timeout of 30000ms exceeded.
    Call log:
      - waiting for locator('text=Analytics')


      221 |     test.beforeEach(async () => {
      222 |       // Navigate to analytics
    > 223 |       await page.click('text=Analytics');
          |                  ^
      224 |     });
      225 |
      226 |     test('should display analytics dashboard', async () => {
        at /Users/aomira/Documents/Work/MOCT/Dev/tawasal.moct.gov.sy/tests/e2e/ui-comprehensive.spec.ts:223:18

    attachment #1: screenshot (image/png) ──────────────────────────────────────────────────────────
    ../../test-results/ui-comprehensive-UI-Compre-46bfb-t-filtering-and-date-ranges-chromium/test-failed-1.png
    ────────────────────────────────────────────────────────────────────────────────────────────────

    attachment #2: video (video/webm) ──────────────────────────────────────────────────────────────
    ../../test-results/ui-comprehensive-UI-Compre-46bfb-t-filtering-and-date-ranges-chromium/video.webm
    ────────────────────────────────────────────────────────────────────────────────────────────────

    Error Context: ../../test-results/ui-comprehensive-UI-Compre-46bfb-t-filtering-and-date-ranges-chromium/error-context.md
]]>
</failure>
<system-out>
<![CDATA[
[[ATTACHMENT|ui-comprehensive-UI-Compre-46bfb-t-filtering-and-date-ranges-chromium/test-failed-1.png]]

[[ATTACHMENT|ui-comprehensive-UI-Compre-46bfb-t-filtering-and-date-ranges-chromium/video.webm]]

[[ATTACHMENT|ui-comprehensive-UI-Compre-46bfb-t-filtering-and-date-ranges-chromium/error-context.md]]
]]>
</system-out>
</testcase>
<testcase name="UI Comprehensive Tests › Authentication UI › should display login form" classname="ui-comprehensive.spec.ts" time="6.464">
<failure message="ui-comprehensive.spec.ts:258:5 should display login form" type="FAILURE">
<![CDATA[  [chromium] › ui-comprehensive.spec.ts:258:5 › UI Comprehensive Tests › Authentication UI › should display login form 

    Error: expect(locator).toBeVisible() failed

    Locator:  locator('[data-testid="login-form"]')
    Expected: visible
    Received: <element(s) not found>
    Timeout:  5000ms

    Call log:
      - Expect "toBeVisible" with timeout 5000ms
      - waiting for locator('[data-testid="login-form"]')


      261 |       
      262 |       // Check login form elements
    > 263 |       await expect(page.locator('[data-testid="login-form"]')).toBeVisible();
          |                                                                ^
      264 |       await expect(page.locator('[data-testid="username-input"]')).toBeVisible();
      265 |       await expect(page.locator('[data-testid="password-input"]')).toBeVisible();
      266 |       await expect(page.locator('[data-testid="login-button"]')).toBeVisible();
        at /Users/aomira/Documents/Work/MOCT/Dev/tawasal.moct.gov.sy/tests/e2e/ui-comprehensive.spec.ts:263:64

    attachment #1: screenshot (image/png) ──────────────────────────────────────────────────────────
    ../../test-results/ui-comprehensive-UI-Compre-da77d-I-should-display-login-form-chromium/test-failed-1.png
    ────────────────────────────────────────────────────────────────────────────────────────────────

    attachment #2: video (video/webm) ──────────────────────────────────────────────────────────────
    ../../test-results/ui-comprehensive-UI-Compre-da77d-I-should-display-login-form-chromium/video.webm
    ────────────────────────────────────────────────────────────────────────────────────────────────

    Error Context: ../../test-results/ui-comprehensive-UI-Compre-da77d-I-should-display-login-form-chromium/error-context.md
]]>
</failure>
<system-out>
<![CDATA[
[[ATTACHMENT|ui-comprehensive-UI-Compre-da77d-I-should-display-login-form-chromium/test-failed-1.png]]

[[ATTACHMENT|ui-comprehensive-UI-Compre-da77d-I-should-display-login-form-chromium/video.webm]]

[[ATTACHMENT|ui-comprehensive-UI-Compre-da77d-I-should-display-login-form-chromium/error-context.md]]
]]>
</system-out>
</testcase>
<testcase name="UI Comprehensive Tests › Authentication UI › should support MFA setup" classname="ui-comprehensive.spec.ts" time="6.304">
<failure message="ui-comprehensive.spec.ts:269:5 should support MFA setup" type="FAILURE">
<![CDATA[  [chromium] › ui-comprehensive.spec.ts:269:5 › UI Comprehensive Tests › Authentication UI › should support MFA setup 

    Error: expect(locator).toBeVisible() failed

    Locator:  locator('[data-testid="mfa-setup"]')
    Expected: visible
    Received: <element(s) not found>
    Timeout:  5000ms

    Call log:
      - Expect "toBeVisible" with timeout 5000ms
      - waiting for locator('[data-testid="mfa-setup"]')


      272 |       
      273 |       // Check MFA setup components
    > 274 |       await expect(page.locator('[data-testid="mfa-setup"]')).toBeVisible();
          |                                                               ^
      275 |       await expect(page.locator('[data-testid="qr-code"]')).toBeVisible();
      276 |       await expect(page.locator('[data-testid="backup-codes"]')).toBeVisible();
      277 |     });
        at /Users/aomira/Documents/Work/MOCT/Dev/tawasal.moct.gov.sy/tests/e2e/ui-comprehensive.spec.ts:274:63

    attachment #1: screenshot (image/png) ──────────────────────────────────────────────────────────
    ../../test-results/ui-comprehensive-UI-Compre-07349-UI-should-support-MFA-setup-chromium/test-failed-1.png
    ────────────────────────────────────────────────────────────────────────────────────────────────

    attachment #2: video (video/webm) ──────────────────────────────────────────────────────────────
    ../../test-results/ui-comprehensive-UI-Compre-07349-UI-should-support-MFA-setup-chromium/video.webm
    ────────────────────────────────────────────────────────────────────────────────────────────────

    Error Context: ../../test-results/ui-comprehensive-UI-Compre-07349-UI-should-support-MFA-setup-chromium/error-context.md
]]>
</failure>
<system-out>
<![CDATA[
[[ATTACHMENT|ui-comprehensive-UI-Compre-07349-UI-should-support-MFA-setup-chromium/test-failed-1.png]]

[[ATTACHMENT|ui-comprehensive-UI-Compre-07349-UI-should-support-MFA-setup-chromium/video.webm]]

[[ATTACHMENT|ui-comprehensive-UI-Compre-07349-UI-should-support-MFA-setup-chromium/error-context.md]]
]]>
</system-out>
</testcase>
<testcase name="UI Comprehensive Tests › Authentication UI › should support MFA verification" classname="ui-comprehensive.spec.ts" time="6.305">
<failure message="ui-comprehensive.spec.ts:279:5 should support MFA verification" type="FAILURE">
<![CDATA[  [chromium] › ui-comprehensive.spec.ts:279:5 › UI Comprehensive Tests › Authentication UI › should support MFA verification 

    Error: expect(locator).toBeVisible() failed

    Locator:  locator('[data-testid="mfa-verification"]')
    Expected: visible
    Received: <element(s) not found>
    Timeout:  5000ms

    Call log:
      - Expect "toBeVisible" with timeout 5000ms
      - waiting for locator('[data-testid="mfa-verification"]')


      282 |       
      283 |       // Check MFA verification components
    > 284 |       await expect(page.locator('[data-testid="mfa-verification"]')).toBeVisible();
          |                                                                      ^
      285 |       await expect(page.locator('[data-testid="mfa-code-input"]')).toBeVisible();
      286 |       await expect(page.locator('[data-testid="verify-button"]')).toBeVisible();
      287 |     });
        at /Users/aomira/Documents/Work/MOCT/Dev/tawasal.moct.gov.sy/tests/e2e/ui-comprehensive.spec.ts:284:70

    attachment #1: screenshot (image/png) ──────────────────────────────────────────────────────────
    ../../test-results/ui-comprehensive-UI-Compre-ad05e-ld-support-MFA-verification-chromium/test-failed-1.png
    ────────────────────────────────────────────────────────────────────────────────────────────────

    attachment #2: video (video/webm) ──────────────────────────────────────────────────────────────
    ../../test-results/ui-comprehensive-UI-Compre-ad05e-ld-support-MFA-verification-chromium/video.webm
    ────────────────────────────────────────────────────────────────────────────────────────────────

    Error Context: ../../test-results/ui-comprehensive-UI-Compre-ad05e-ld-support-MFA-verification-chromium/error-context.md
]]>
</failure>
<system-out>
<![CDATA[
[[ATTACHMENT|ui-comprehensive-UI-Compre-ad05e-ld-support-MFA-verification-chromium/test-failed-1.png]]

[[ATTACHMENT|ui-comprehensive-UI-Compre-ad05e-ld-support-MFA-verification-chromium/video.webm]]

[[ATTACHMENT|ui-comprehensive-UI-Compre-ad05e-ld-support-MFA-verification-chromium/error-context.md]]
]]>
</system-out>
</testcase>
<testcase name="UI Comprehensive Tests › Accessibility Tests › should have proper ARIA labels" classname="ui-comprehensive.spec.ts" time="5.493">
<failure message="ui-comprehensive.spec.ts:291:5 should have proper ARIA labels" type="FAILURE">
<![CDATA[  [chromium] › ui-comprehensive.spec.ts:291:5 › UI Comprehensive Tests › Accessibility Tests › should have proper ARIA labels 

    Error: expect(locator).toHaveAttribute() failed

    Locator:  locator('button').first()
    Expected: have attribute
    Received: <element(s) not found>
    Timeout:  5000ms

    Call log:
      - Expect "toHaveAttribute" with timeout 5000ms
      - waiting for locator('button').first()


      293 |       const buttons = page.locator('button');
      294 |       const firstButton = buttons.first();
    > 295 |       await expect(firstButton).toHaveAttribute('aria-label');
          |                                 ^
      296 |     });
      297 |
      298 |     test('should support keyboard navigation', async () => {
        at /Users/aomira/Documents/Work/MOCT/Dev/tawasal.moct.gov.sy/tests/e2e/ui-comprehensive.spec.ts:295:33

    attachment #1: screenshot (image/png) ──────────────────────────────────────────────────────────
    ../../test-results/ui-comprehensive-UI-Compre-64b2b-uld-have-proper-ARIA-labels-chromium/test-failed-1.png
    ────────────────────────────────────────────────────────────────────────────────────────────────

    attachment #2: video (video/webm) ──────────────────────────────────────────────────────────────
    ../../test-results/ui-comprehensive-UI-Compre-64b2b-uld-have-proper-ARIA-labels-chromium/video.webm
    ────────────────────────────────────────────────────────────────────────────────────────────────

    Error Context: ../../test-results/ui-comprehensive-UI-Compre-64b2b-uld-have-proper-ARIA-labels-chromium/error-context.md
]]>
</failure>
<system-out>
<![CDATA[
[[ATTACHMENT|ui-comprehensive-UI-Compre-64b2b-uld-have-proper-ARIA-labels-chromium/test-failed-1.png]]

[[ATTACHMENT|ui-comprehensive-UI-Compre-64b2b-uld-have-proper-ARIA-labels-chromium/video.webm]]

[[ATTACHMENT|ui-comprehensive-UI-Compre-64b2b-uld-have-proper-ARIA-labels-chromium/error-context.md]]
]]>
</system-out>
</testcase>
<testcase name="UI Comprehensive Tests › Accessibility Tests › should support keyboard navigation" classname="ui-comprehensive.spec.ts" time="5.671">
<failure message="ui-comprehensive.spec.ts:298:5 should support keyboard navigation" type="FAILURE">
<![CDATA[  [chromium] › ui-comprehensive.spec.ts:298:5 › UI Comprehensive Tests › Accessibility Tests › should support keyboard navigation 

    Error: expect(locator).toBeVisible() failed

    Locator:  locator(':focus')
    Expected: visible
    Received: <element(s) not found>
    Timeout:  5000ms

    Call log:
      - Expect "toBeVisible" with timeout 5000ms
      - waiting for locator(':focus')


      304 |       // Check if focus is visible
      305 |       const focusedElement = page.locator(':focus');
    > 306 |       await expect(focusedElement).toBeVisible();
          |                                    ^
      307 |     });
      308 |
      309 |     test('should have proper color contrast', async () => {
        at /Users/aomira/Documents/Work/MOCT/Dev/tawasal.moct.gov.sy/tests/e2e/ui-comprehensive.spec.ts:306:36

    attachment #1: screenshot (image/png) ──────────────────────────────────────────────────────────
    ../../test-results/ui-comprehensive-UI-Compre-2258e-support-keyboard-navigation-chromium/test-failed-1.png
    ────────────────────────────────────────────────────────────────────────────────────────────────

    attachment #2: video (video/webm) ──────────────────────────────────────────────────────────────
    ../../test-results/ui-comprehensive-UI-Compre-2258e-support-keyboard-navigation-chromium/video.webm
    ────────────────────────────────────────────────────────────────────────────────────────────────

    Error Context: ../../test-results/ui-comprehensive-UI-Compre-2258e-support-keyboard-navigation-chromium/error-context.md
]]>
</failure>
<system-out>
<![CDATA[
[[ATTACHMENT|ui-comprehensive-UI-Compre-2258e-support-keyboard-navigation-chromium/test-failed-1.png]]

[[ATTACHMENT|ui-comprehensive-UI-Compre-2258e-support-keyboard-navigation-chromium/video.webm]]

[[ATTACHMENT|ui-comprehensive-UI-Compre-2258e-support-keyboard-navigation-chromium/error-context.md]]
]]>
</system-out>
</testcase>
<testcase name="UI Comprehensive Tests › Accessibility Tests › should have proper color contrast" classname="ui-comprehensive.spec.ts" time="0.704">
</testcase>
<testcase name="UI Comprehensive Tests › Performance Tests › should load within acceptable time" classname="ui-comprehensive.spec.ts" time="0.493">
</testcase>
<testcase name="UI Comprehensive Tests › Performance Tests › should have good Lighthouse scores" classname="ui-comprehensive.spec.ts" time="0.314">
</testcase>
<testcase name="UI Comprehensive Tests › Error Handling UI › should display proper error messages" classname="ui-comprehensive.spec.ts" time="5.457">
<failure message="ui-comprehensive.spec.ts:337:5 should display proper error messages" type="FAILURE">
<![CDATA[  [chromium] › ui-comprehensive.spec.ts:337:5 › UI Comprehensive Tests › Error Handling UI › should display proper error messages 

    Error: expect(locator).toBeVisible() failed

    Locator:  locator('text=404')
    Expected: visible
    Received: <element(s) not found>
    Timeout:  5000ms

    Call log:
      - Expect "toBeVisible" with timeout 5000ms
      - waiting for locator('text=404')


      338 |       // Test 404 page
      339 |       await page.goto('http://localhost:3000/nonexistent-page');
    > 340 |       await expect(page.locator('text=404')).toBeVisible();
          |                                              ^
      341 |     });
      342 |
      343 |     test('should handle network errors gracefully', async () => {
        at /Users/aomira/Documents/Work/MOCT/Dev/tawasal.moct.gov.sy/tests/e2e/ui-comprehensive.spec.ts:340:46

    attachment #1: screenshot (image/png) ──────────────────────────────────────────────────────────
    ../../test-results/ui-comprehensive-UI-Compre-316dd-splay-proper-error-messages-chromium/test-failed-1.png
    ────────────────────────────────────────────────────────────────────────────────────────────────

    attachment #2: video (video/webm) ──────────────────────────────────────────────────────────────
    ../../test-results/ui-comprehensive-UI-Compre-316dd-splay-proper-error-messages-chromium/video.webm
    ────────────────────────────────────────────────────────────────────────────────────────────────

    Error Context: ../../test-results/ui-comprehensive-UI-Compre-316dd-splay-proper-error-messages-chromium/error-context.md
]]>
</failure>
<system-out>
<![CDATA[
[[ATTACHMENT|ui-comprehensive-UI-Compre-316dd-splay-proper-error-messages-chromium/test-failed-1.png]]

[[ATTACHMENT|ui-comprehensive-UI-Compre-316dd-splay-proper-error-messages-chromium/video.webm]]

[[ATTACHMENT|ui-comprehensive-UI-Compre-316dd-splay-proper-error-messages-chromium/error-context.md]]
]]>
</system-out>
</testcase>
<testcase name="UI Comprehensive Tests › Error Handling UI › should handle network errors gracefully" classname="ui-comprehensive.spec.ts" time="0.386">
<failure message="ui-comprehensive.spec.ts:343:5 should handle network errors gracefully" type="FAILURE">
<![CDATA[  [chromium] › ui-comprehensive.spec.ts:343:5 › UI Comprehensive Tests › Error Handling UI › should handle network errors gracefully 

    Error: page.goto: net::ERR_FAILED at http://localhost:3000/
    Call log:
      - navigating to "http://localhost:3000/", waiting until "load"


      345 |       await page.route('**/*', route => route.abort());
      346 |       
    > 347 |       await page.goto('http://localhost:3000');
          |                  ^
      348 |       // Should show error message or retry button
      349 |     });
      350 |   });
        at /Users/aomira/Documents/Work/MOCT/Dev/tawasal.moct.gov.sy/tests/e2e/ui-comprehensive.spec.ts:347:18

    attachment #1: screenshot (image/png) ──────────────────────────────────────────────────────────
    ../../test-results/ui-comprehensive-UI-Compre-76a7f-e-network-errors-gracefully-chromium/test-failed-1.png
    ────────────────────────────────────────────────────────────────────────────────────────────────

    attachment #2: video (video/webm) ──────────────────────────────────────────────────────────────
    ../../test-results/ui-comprehensive-UI-Compre-76a7f-e-network-errors-gracefully-chromium/video.webm
    ────────────────────────────────────────────────────────────────────────────────────────────────

    Error Context: ../../test-results/ui-comprehensive-UI-Compre-76a7f-e-network-errors-gracefully-chromium/error-context.md
]]>
</failure>
<system-out>
<![CDATA[
[[ATTACHMENT|ui-comprehensive-UI-Compre-76a7f-e-network-errors-gracefully-chromium/test-failed-1.png]]

[[ATTACHMENT|ui-comprehensive-UI-Compre-76a7f-e-network-errors-gracefully-chromium/video.webm]]

[[ATTACHMENT|ui-comprehensive-UI-Compre-76a7f-e-network-errors-gracefully-chromium/error-context.md]]
]]>
</system-out>
</testcase>
<testcase name="UI Comprehensive Tests › Internationalization UI › should support language switching" classname="ui-comprehensive.spec.ts" time="5.47">
<failure message="ui-comprehensive.spec.ts:353:5 should support language switching" type="FAILURE">
<![CDATA[  [chromium] › ui-comprehensive.spec.ts:353:5 › UI Comprehensive Tests › Internationalization UI › should support language switching 

    Error: expect(locator).toBeVisible() failed

    Locator:  locator('[data-testid="language-selector"]')
    Expected: visible
    Received: <element(s) not found>
    Timeout:  5000ms

    Call log:
      - Expect "toBeVisible" with timeout 5000ms
      - waiting for locator('[data-testid="language-selector"]')


      353 |     test('should support language switching', async () => {
      354 |       // Check if language selector is present
    > 355 |       await expect(page.locator('[data-testid="language-selector"]')).toBeVisible();
          |                                                                       ^
      356 |       
      357 |       // Test language switching
      358 |       await page.click('[data-testid="language-selector"]');
        at /Users/aomira/Documents/Work/MOCT/Dev/tawasal.moct.gov.sy/tests/e2e/ui-comprehensive.spec.ts:355:71

    attachment #1: screenshot (image/png) ──────────────────────────────────────────────────────────
    ../../test-results/ui-comprehensive-UI-Compre-299a2--support-language-switching-chromium/test-failed-1.png
    ────────────────────────────────────────────────────────────────────────────────────────────────

    attachment #2: video (video/webm) ──────────────────────────────────────────────────────────────
    ../../test-results/ui-comprehensive-UI-Compre-299a2--support-language-switching-chromium/video.webm
    ────────────────────────────────────────────────────────────────────────────────────────────────

    Error Context: ../../test-results/ui-comprehensive-UI-Compre-299a2--support-language-switching-chromium/error-context.md
]]>
</failure>
<system-out>
<![CDATA[
[[ATTACHMENT|ui-comprehensive-UI-Compre-299a2--support-language-switching-chromium/test-failed-1.png]]

[[ATTACHMENT|ui-comprehensive-UI-Compre-299a2--support-language-switching-chromium/video.webm]]

[[ATTACHMENT|ui-comprehensive-UI-Compre-299a2--support-language-switching-chromium/error-context.md]]
]]>
</system-out>
</testcase>
<testcase name="UI Comprehensive Tests › Internationalization UI › should support RTL layout for Arabic" classname="ui-comprehensive.spec.ts" time="30.703">
<failure message="ui-comprehensive.spec.ts:365:5 should support RTL layout for Arabic" type="FAILURE">
<![CDATA[  [chromium] › ui-comprehensive.spec.ts:365:5 › UI Comprehensive Tests › Internationalization UI › should support RTL layout for Arabic 

    Test timeout of 30000ms exceeded.

    Error: page.click: Test timeout of 30000ms exceeded.
    Call log:
      - waiting for locator('[data-testid="language-selector"]')


      365 |     test('should support RTL layout for Arabic', async () => {
      366 |       // Switch to Arabic
    > 367 |       await page.click('[data-testid="language-selector"]');
          |                  ^
      368 |       await page.click('[data-testid="language-ar"]');
      369 |       
      370 |       // Check if RTL is applied
        at /Users/aomira/Documents/Work/MOCT/Dev/tawasal.moct.gov.sy/tests/e2e/ui-comprehensive.spec.ts:367:18

    attachment #1: screenshot (image/png) ──────────────────────────────────────────────────────────
    ../../test-results/ui-comprehensive-UI-Compre-3e647-pport-RTL-layout-for-Arabic-chromium/test-failed-1.png
    ────────────────────────────────────────────────────────────────────────────────────────────────

    attachment #2: video (video/webm) ──────────────────────────────────────────────────────────────
    ../../test-results/ui-comprehensive-UI-Compre-3e647-pport-RTL-layout-for-Arabic-chromium/video.webm
    ────────────────────────────────────────────────────────────────────────────────────────────────

    Error Context: ../../test-results/ui-comprehensive-UI-Compre-3e647-pport-RTL-layout-for-Arabic-chromium/error-context.md
]]>
</failure>
<system-out>
<![CDATA[
[[ATTACHMENT|ui-comprehensive-UI-Compre-3e647-pport-RTL-layout-for-Arabic-chromium/test-failed-1.png]]

[[ATTACHMENT|ui-comprehensive-UI-Compre-3e647-pport-RTL-layout-for-Arabic-chromium/video.webm]]

[[ATTACHMENT|ui-comprehensive-UI-Compre-3e647-pport-RTL-layout-for-Arabic-chromium/error-context.md]]
]]>
</system-out>
</testcase>
</testsuite>
<testsuite name="ui-comprehensive.spec.ts" timestamp="2025-09-22T03:04:54.793Z" hostname="firefox" tests="33" failures="29" skipped="0" time="218.352" errors="0">
<testcase name="UI Comprehensive Tests › Landing Page UI › should display the main navigation correctly" classname="ui-comprehensive.spec.ts" time="6.331">
<failure message="ui-comprehensive.spec.ts:12:5 should display the main navigation correctly" type="FAILURE">
<![CDATA[  [firefox] › ui-comprehensive.spec.ts:12:5 › UI Comprehensive Tests › Landing Page UI › should display the main navigation correctly 

    Error: expect(locator).toBeVisible() failed

    Locator:  locator('nav')
    Expected: visible
    Received: <element(s) not found>
    Timeout:  5000ms

    Call log:
      - Expect "toBeVisible" with timeout 5000ms
      - waiting for locator('nav')


      12 |     test('should display the main navigation correctly', async () => {
      13 |       // Check if the main navigation elements are present
    > 14 |       await expect(page.locator('nav')).toBeVisible();
         |                                         ^
      15 |       await expect(page.locator('text=Ministry Platform')).toBeVisible();
      16 |       
      17 |       // Check for main navigation links
        at /Users/aomira/Documents/Work/MOCT/Dev/tawasal.moct.gov.sy/tests/e2e/ui-comprehensive.spec.ts:14:41

    attachment #1: screenshot (image/png) ──────────────────────────────────────────────────────────
    ../../test-results/ui-comprehensive-UI-Compre-f02f4-e-main-navigation-correctly-firefox/test-failed-1.png
    ────────────────────────────────────────────────────────────────────────────────────────────────

    attachment #2: video (video/webm) ──────────────────────────────────────────────────────────────
    ../../test-results/ui-comprehensive-UI-Compre-f02f4-e-main-navigation-correctly-firefox/video.webm
    ────────────────────────────────────────────────────────────────────────────────────────────────

    Error Context: ../../test-results/ui-comprehensive-UI-Compre-f02f4-e-main-navigation-correctly-firefox/error-context.md
]]>
</failure>
<system-out>
<![CDATA[
[[ATTACHMENT|ui-comprehensive-UI-Compre-f02f4-e-main-navigation-correctly-firefox/test-failed-1.png]]

[[ATTACHMENT|ui-comprehensive-UI-Compre-f02f4-e-main-navigation-correctly-firefox/video.webm]]

[[ATTACHMENT|ui-comprehensive-UI-Compre-f02f4-e-main-navigation-correctly-firefox/error-context.md]]
]]>
</system-out>
</testcase>
<testcase name="UI Comprehensive Tests › Landing Page UI › should have responsive design" classname="ui-comprehensive.spec.ts" time="6.178">
<failure message="ui-comprehensive.spec.ts:22:5 should have responsive design" type="FAILURE">
<![CDATA[  [firefox] › ui-comprehensive.spec.ts:22:5 › UI Comprehensive Tests › Landing Page UI › should have responsive design 

    Error: expect(locator).toBeVisible() failed

    Locator:  locator('nav')
    Expected: visible
    Received: <element(s) not found>
    Timeout:  5000ms

    Call log:
      - Expect "toBeVisible" with timeout 5000ms
      - waiting for locator('nav')


      23 |       // Test mobile viewport
      24 |       await page.setViewportSize({ width: 375, height: 667 });
    > 25 |       await expect(page.locator('nav')).toBeVisible();
         |                                         ^
      26 |       
      27 |       // Test tablet viewport
      28 |       await page.setViewportSize({ width: 768, height: 1024 });
        at /Users/aomira/Documents/Work/MOCT/Dev/tawasal.moct.gov.sy/tests/e2e/ui-comprehensive.spec.ts:25:41

    attachment #1: screenshot (image/png) ──────────────────────────────────────────────────────────
    ../../test-results/ui-comprehensive-UI-Compre-22532-ould-have-responsive-design-firefox/test-failed-1.png
    ────────────────────────────────────────────────────────────────────────────────────────────────

    attachment #2: video (video/webm) ──────────────────────────────────────────────────────────────
    ../../test-results/ui-comprehensive-UI-Compre-22532-ould-have-responsive-design-firefox/video.webm
    ────────────────────────────────────────────────────────────────────────────────────────────────

    Error Context: ../../test-results/ui-comprehensive-UI-Compre-22532-ould-have-responsive-design-firefox/error-context.md
]]>
</failure>
<system-out>
<![CDATA[
[[ATTACHMENT|ui-comprehensive-UI-Compre-22532-ould-have-responsive-design-firefox/test-failed-1.png]]

[[ATTACHMENT|ui-comprehensive-UI-Compre-22532-ould-have-responsive-design-firefox/video.webm]]

[[ATTACHMENT|ui-comprehensive-UI-Compre-22532-ould-have-responsive-design-firefox/error-context.md]]
]]>
</system-out>
</testcase>
<testcase name="UI Comprehensive Tests › Landing Page UI › should display proper error handling for tenant not found" classname="ui-comprehensive.spec.ts" time="1.181">
</testcase>
<testcase name="UI Comprehensive Tests › Form Builder UI › should display form builder interface" classname="ui-comprehensive.spec.ts" time="13.521">
<failure message="ui-comprehensive.spec.ts:48:5 should display form builder interface" type="FAILURE">
<![CDATA[  [firefox] › ui-comprehensive.spec.ts:48:5 › UI Comprehensive Tests › Form Builder UI › should display form builder interface 

    Error: page.click: Target page, context or browser has been closed
    Call log:
      - waiting for locator('text=Forms')


      43 |     test.beforeEach(async () => {
      44 |       // Navigate to forms page
    > 45 |       await page.click('text=Forms');
         |                  ^
      46 |     });
      47 |
      48 |     test('should display form builder interface', async () => {
        at /Users/aomira/Documents/Work/MOCT/Dev/tawasal.moct.gov.sy/tests/e2e/ui-comprehensive.spec.ts:45:18

    attachment #1: video (video/webm) ──────────────────────────────────────────────────────────────
    ../../test-results/ui-comprehensive-UI-Compre-2875b-play-form-builder-interface-firefox/video.webm
    ────────────────────────────────────────────────────────────────────────────────────────────────
]]>
</failure>
<system-out>
<![CDATA[
[[ATTACHMENT|ui-comprehensive-UI-Compre-2875b-play-form-builder-interface-firefox/video.webm]]
]]>
</system-out>
</testcase>
<testcase name="UI Comprehensive Tests › Form Builder UI › should have drag and drop functionality" classname="ui-comprehensive.spec.ts" time="7.223">
<failure message="ui-comprehensive.spec.ts:56:5 should have drag and drop functionality" type="FAILURE">
<![CDATA[  [firefox] › ui-comprehensive.spec.ts:56:5 › UI Comprehensive Tests › Form Builder UI › should have drag and drop functionality 

    Error: page.click: Target page, context or browser has been closed
    Call log:
      - waiting for locator('text=Forms')


      43 |     test.beforeEach(async () => {
      44 |       // Navigate to forms page
    > 45 |       await page.click('text=Forms');
         |                  ^
      46 |     });
      47 |
      48 |     test('should display form builder interface', async () => {
        at /Users/aomira/Documents/Work/MOCT/Dev/tawasal.moct.gov.sy/tests/e2e/ui-comprehensive.spec.ts:45:18

    attachment #1: video (video/webm) ──────────────────────────────────────────────────────────────
    ../../test-results/ui-comprehensive-UI-Compre-ba17e-drag-and-drop-functionality-firefox/video.webm
    ────────────────────────────────────────────────────────────────────────────────────────────────
]]>
</failure>
<system-out>
<![CDATA[
[[ATTACHMENT|ui-comprehensive-UI-Compre-ba17e-drag-and-drop-functionality-firefox/video.webm]]
]]>
</system-out>
</testcase>
<testcase name="UI Comprehensive Tests › Form Builder UI › should display property panel when component is selected" classname="ui-comprehensive.spec.ts" time="30.061">
<failure message="ui-comprehensive.spec.ts:67:5 should display property panel when component is selected" type="FAILURE">
<![CDATA[  [firefox] › ui-comprehensive.spec.ts:67:5 › UI Comprehensive Tests › Form Builder UI › should display property panel when component is selected 

    Test timeout of 30000ms exceeded while running "beforeEach" hook.

      41 |
      42 |   test.describe('Form Builder UI', () => {
    > 43 |     test.beforeEach(async () => {
         |          ^
      44 |       // Navigate to forms page
      45 |       await page.click('text=Forms');
      46 |     });
        at /Users/aomira/Documents/Work/MOCT/Dev/tawasal.moct.gov.sy/tests/e2e/ui-comprehensive.spec.ts:43:10

    Error: page.click: Test timeout of 30000ms exceeded.
    Call log:
      - waiting for locator('text=Forms')


      43 |     test.beforeEach(async () => {
      44 |       // Navigate to forms page
    > 45 |       await page.click('text=Forms');
         |                  ^
      46 |     });
      47 |
      48 |     test('should display form builder interface', async () => {
        at /Users/aomira/Documents/Work/MOCT/Dev/tawasal.moct.gov.sy/tests/e2e/ui-comprehensive.spec.ts:45:18

    attachment #1: screenshot (image/png) ──────────────────────────────────────────────────────────
    ../../test-results/ui-comprehensive-UI-Compre-4bcd4--when-component-is-selected-firefox/test-failed-1.png
    ────────────────────────────────────────────────────────────────────────────────────────────────

    attachment #2: video (video/webm) ──────────────────────────────────────────────────────────────
    ../../test-results/ui-comprehensive-UI-Compre-4bcd4--when-component-is-selected-firefox/video.webm
    ────────────────────────────────────────────────────────────────────────────────────────────────

    Error Context: ../../test-results/ui-comprehensive-UI-Compre-4bcd4--when-component-is-selected-firefox/error-context.md
]]>
</failure>
<system-out>
<![CDATA[
[[ATTACHMENT|ui-comprehensive-UI-Compre-4bcd4--when-component-is-selected-firefox/test-failed-1.png]]

[[ATTACHMENT|ui-comprehensive-UI-Compre-4bcd4--when-component-is-selected-firefox/video.webm]]

[[ATTACHMENT|ui-comprehensive-UI-Compre-4bcd4--when-component-is-selected-firefox/error-context.md]]
]]>
</system-out>
</testcase>
<testcase name="UI Comprehensive Tests › Form Builder UI › should support component customization" classname="ui-comprehensive.spec.ts" time="5.542">
<failure message="ui-comprehensive.spec.ts:80:5 should support component customization" type="FAILURE">
<![CDATA[  [firefox] › ui-comprehensive.spec.ts:80:5 › UI Comprehensive Tests › Form Builder UI › should support component customization 

    Error: page.click: Target page, context or browser has been closed
    Call log:
      - waiting for locator('text=Forms')


      43 |     test.beforeEach(async () => {
      44 |       // Navigate to forms page
    > 45 |       await page.click('text=Forms');
         |                  ^
      46 |     });
      47 |
      48 |     test('should display form builder interface', async () => {
        at /Users/aomira/Documents/Work/MOCT/Dev/tawasal.moct.gov.sy/tests/e2e/ui-comprehensive.spec.ts:45:18

    attachment #1: video (video/webm) ──────────────────────────────────────────────────────────────
    ../../test-results/ui-comprehensive-UI-Compre-66f6a-ort-component-customization-firefox/video.webm
    ────────────────────────────────────────────────────────────────────────────────────────────────
]]>
</failure>
<system-out>
<![CDATA[
[[ATTACHMENT|ui-comprehensive-UI-Compre-66f6a-ort-component-customization-firefox/video.webm]]
]]>
</system-out>
</testcase>
<testcase name="UI Comprehensive Tests › Form Builder UI › should support conditional logic builder" classname="ui-comprehensive.spec.ts" time="4.405">
<failure message="ui-comprehensive.spec.ts:98:5 should support conditional logic builder" type="FAILURE">
<![CDATA[  [firefox] › ui-comprehensive.spec.ts:98:5 › UI Comprehensive Tests › Form Builder UI › should support conditional logic builder 

    Error: page.click: Target page, context or browser has been closed
    Call log:
      - waiting for locator('text=Forms')


      43 |     test.beforeEach(async () => {
      44 |       // Navigate to forms page
    > 45 |       await page.click('text=Forms');
         |                  ^
      46 |     });
      47 |
      48 |     test('should display form builder interface', async () => {
        at /Users/aomira/Documents/Work/MOCT/Dev/tawasal.moct.gov.sy/tests/e2e/ui-comprehensive.spec.ts:45:18

    attachment #1: video (video/webm) ──────────────────────────────────────────────────────────────
    ../../test-results/ui-comprehensive-UI-Compre-ff3ab-t-conditional-logic-builder-firefox/video.webm
    ────────────────────────────────────────────────────────────────────────────────────────────────
]]>
</failure>
<system-out>
<![CDATA[
[[ATTACHMENT|ui-comprehensive-UI-Compre-ff3ab-t-conditional-logic-builder-firefox/video.webm]]
]]>
</system-out>
</testcase>
<testcase name="UI Comprehensive Tests › Form Builder UI › should support multi-step forms" classname="ui-comprehensive.spec.ts" time="0.878">
<failure message="ui-comprehensive.spec.ts:115:5 should support multi-step forms" type="FAILURE">
<![CDATA[  [firefox] › ui-comprehensive.spec.ts:115:5 › UI Comprehensive Tests › Form Builder UI › should support multi-step forms 

    Error: page.click: Target page, context or browser has been closed
    Call log:
      - waiting for locator('text=Forms')


      43 |     test.beforeEach(async () => {
      44 |       // Navigate to forms page
    > 45 |       await page.click('text=Forms');
         |                  ^
      46 |     });
      47 |
      48 |     test('should display form builder interface', async () => {
        at /Users/aomira/Documents/Work/MOCT/Dev/tawasal.moct.gov.sy/tests/e2e/ui-comprehensive.spec.ts:45:18

    attachment #1: video (video/webm) ──────────────────────────────────────────────────────────────
    ../../test-results/ui-comprehensive-UI-Compre-96e2b-ld-support-multi-step-forms-firefox/video.webm
    ────────────────────────────────────────────────────────────────────────────────────────────────
]]>
</failure>
<system-out>
<![CDATA[
[[ATTACHMENT|ui-comprehensive-UI-Compre-96e2b-ld-support-multi-step-forms-firefox/video.webm]]
]]>
</system-out>
</testcase>
<testcase name="UI Comprehensive Tests › Form Builder UI › should support form templates" classname="ui-comprehensive.spec.ts" time="0.639">
<failure message="ui-comprehensive.spec.ts:125:5 should support form templates" type="FAILURE">
<![CDATA[  [firefox] › ui-comprehensive.spec.ts:125:5 › UI Comprehensive Tests › Form Builder UI › should support form templates 

    Error: page.goto: Target page, context or browser has been closed
    Call log:
      - navigating to "http://localhost:3000/", waiting until "load"


       6 |   test.beforeEach(async ({ page: testPage }) => {
       7 |     page = testPage;
    >  8 |     await page.goto('http://localhost:3000');
         |                ^
       9 |   });
      10 |
      11 |   test.describe('Landing Page UI', () => {
        at /Users/aomira/Documents/Work/MOCT/Dev/tawasal.moct.gov.sy/tests/e2e/ui-comprehensive.spec.ts:8:16

    Error: page.click: Target page, context or browser has been closed

      43 |     test.beforeEach(async () => {
      44 |       // Navigate to forms page
    > 45 |       await page.click('text=Forms');
         |                  ^
      46 |     });
      47 |
      48 |     test('should display form builder interface', async () => {
        at /Users/aomira/Documents/Work/MOCT/Dev/tawasal.moct.gov.sy/tests/e2e/ui-comprehensive.spec.ts:45:18

    attachment #1: video (video/webm) ──────────────────────────────────────────────────────────────
    ../../test-results/ui-comprehensive-UI-Compre-d3f6a-ould-support-form-templates-firefox/video.webm
    ────────────────────────────────────────────────────────────────────────────────────────────────
]]>
</failure>
<system-out>
<![CDATA[
[[ATTACHMENT|ui-comprehensive-UI-Compre-d3f6a-ould-support-form-templates-firefox/video.webm]]
]]>
</system-out>
</testcase>
<testcase name="UI Comprehensive Tests › Form Builder UI › should support form publishing workflow" classname="ui-comprehensive.spec.ts" time="1.024">
<failure message="ui-comprehensive.spec.ts:136:5 should support form publishing workflow" type="FAILURE">
<![CDATA[  [firefox] › ui-comprehensive.spec.ts:136:5 › UI Comprehensive Tests › Form Builder UI › should support form publishing workflow 

    Error: page.click: Target page, context or browser has been closed
    Call log:
      - waiting for locator('text=Forms')


      43 |     test.beforeEach(async () => {
      44 |       // Navigate to forms page
    > 45 |       await page.click('text=Forms');
         |                  ^
      46 |     });
      47 |
      48 |     test('should display form builder interface', async () => {
        at /Users/aomira/Documents/Work/MOCT/Dev/tawasal.moct.gov.sy/tests/e2e/ui-comprehensive.spec.ts:45:18

    attachment #1: video (video/webm) ──────────────────────────────────────────────────────────────
    ../../test-results/ui-comprehensive-UI-Compre-67268-rt-form-publishing-workflow-firefox/video.webm
    ────────────────────────────────────────────────────────────────────────────────────────────────
]]>
</failure>
<system-out>
<![CDATA[
[[ATTACHMENT|ui-comprehensive-UI-Compre-67268-rt-form-publishing-workflow-firefox/video.webm]]
]]>
</system-out>
</testcase>
<testcase name="UI Comprehensive Tests › Admin Panel UI › should display admin dashboard" classname="ui-comprehensive.spec.ts" time="0.763">
<failure message="ui-comprehensive.spec.ts:149:5 should display admin dashboard" type="FAILURE">
<![CDATA[  [firefox] › ui-comprehensive.spec.ts:149:5 › UI Comprehensive Tests › Admin Panel UI › should display admin dashboard 

    Error: page.click: Target page, context or browser has been closed
    Call log:
      - waiting for locator('text=Admin')


      144 |     test.beforeEach(async () => {
      145 |       // Navigate to admin page
    > 146 |       await page.click('text=Admin');
          |                  ^
      147 |     });
      148 |
      149 |     test('should display admin dashboard', async () => {
        at /Users/aomira/Documents/Work/MOCT/Dev/tawasal.moct.gov.sy/tests/e2e/ui-comprehensive.spec.ts:146:18

    attachment #1: video (video/webm) ──────────────────────────────────────────────────────────────
    ../../test-results/ui-comprehensive-UI-Compre-d918c-uld-display-admin-dashboard-firefox/video.webm
    ────────────────────────────────────────────────────────────────────────────────────────────────
]]>
</failure>
<system-out>
<![CDATA[
[[ATTACHMENT|ui-comprehensive-UI-Compre-d918c-uld-display-admin-dashboard-firefox/video.webm]]
]]>
</system-out>
</testcase>
<testcase name="UI Comprehensive Tests › Admin Panel UI › should support ministry management" classname="ui-comprehensive.spec.ts" time="0.735">
<failure message="ui-comprehensive.spec.ts:157:5 should support ministry management" type="FAILURE">
<![CDATA[  [firefox] › ui-comprehensive.spec.ts:157:5 › UI Comprehensive Tests › Admin Panel UI › should support ministry management 

    Error: page.goto: Target page, context or browser has been closed
    Call log:
      - navigating to "http://localhost:3000/", waiting until "load"


       6 |   test.beforeEach(async ({ page: testPage }) => {
       7 |     page = testPage;
    >  8 |     await page.goto('http://localhost:3000');
         |                ^
       9 |   });
      10 |
      11 |   test.describe('Landing Page UI', () => {
        at /Users/aomira/Documents/Work/MOCT/Dev/tawasal.moct.gov.sy/tests/e2e/ui-comprehensive.spec.ts:8:16

    Error: page.click: Target page, context or browser has been closed

      144 |     test.beforeEach(async () => {
      145 |       // Navigate to admin page
    > 146 |       await page.click('text=Admin');
          |                  ^
      147 |     });
      148 |
      149 |     test('should display admin dashboard', async () => {
        at /Users/aomira/Documents/Work/MOCT/Dev/tawasal.moct.gov.sy/tests/e2e/ui-comprehensive.spec.ts:146:18

    attachment #1: video (video/webm) ──────────────────────────────────────────────────────────────
    ../../test-results/ui-comprehensive-UI-Compre-3e7a1-support-ministry-management-firefox/video.webm
    ────────────────────────────────────────────────────────────────────────────────────────────────
]]>
</failure>
<system-out>
<![CDATA[
[[ATTACHMENT|ui-comprehensive-UI-Compre-3e7a1-support-ministry-management-firefox/video.webm]]
]]>
</system-out>
</testcase>
<testcase name="UI Comprehensive Tests › Admin Panel UI › should support user management" classname="ui-comprehensive.spec.ts" time="0.722">
<failure message="ui-comprehensive.spec.ts:171:5 should support user management" type="FAILURE">
<![CDATA[  [firefox] › ui-comprehensive.spec.ts:171:5 › UI Comprehensive Tests › Admin Panel UI › should support user management 

    Error: page.goto: Target page, context or browser has been closed
    Call log:
      - navigating to "http://localhost:3000/", waiting until "load"


       6 |   test.beforeEach(async ({ page: testPage }) => {
       7 |     page = testPage;
    >  8 |     await page.goto('http://localhost:3000');
         |                ^
       9 |   });
      10 |
      11 |   test.describe('Landing Page UI', () => {
        at /Users/aomira/Documents/Work/MOCT/Dev/tawasal.moct.gov.sy/tests/e2e/ui-comprehensive.spec.ts:8:16

    Error: page.click: Target page, context or browser has been closed

      144 |     test.beforeEach(async () => {
      145 |       // Navigate to admin page
    > 146 |       await page.click('text=Admin');
          |                  ^
      147 |     });
      148 |
      149 |     test('should display admin dashboard', async () => {
        at /Users/aomira/Documents/Work/MOCT/Dev/tawasal.moct.gov.sy/tests/e2e/ui-comprehensive.spec.ts:146:18

    attachment #1: video (video/webm) ──────────────────────────────────────────────────────────────
    ../../test-results/ui-comprehensive-UI-Compre-82d8b-uld-support-user-management-firefox/video.webm
    ────────────────────────────────────────────────────────────────────────────────────────────────
]]>
</failure>
<system-out>
<![CDATA[
[[ATTACHMENT|ui-comprehensive-UI-Compre-82d8b-uld-support-user-management-firefox/video.webm]]
]]>
</system-out>
</testcase>
<testcase name="UI Comprehensive Tests › Admin Panel UI › should support role management" classname="ui-comprehensive.spec.ts" time="0.91">
<failure message="ui-comprehensive.spec.ts:185:5 should support role management" type="FAILURE">
<![CDATA[  [firefox] › ui-comprehensive.spec.ts:185:5 › UI Comprehensive Tests › Admin Panel UI › should support role management 

    Error: page.click: Target page, context or browser has been closed
    Call log:
      - waiting for locator('text=Admin')


      144 |     test.beforeEach(async () => {
      145 |       // Navigate to admin page
    > 146 |       await page.click('text=Admin');
          |                  ^
      147 |     });
      148 |
      149 |     test('should display admin dashboard', async () => {
        at /Users/aomira/Documents/Work/MOCT/Dev/tawasal.moct.gov.sy/tests/e2e/ui-comprehensive.spec.ts:146:18

    attachment #1: video (video/webm) ──────────────────────────────────────────────────────────────
    ../../test-results/ui-comprehensive-UI-Compre-0d49a-uld-support-role-management-firefox/video.webm
    ────────────────────────────────────────────────────────────────────────────────────────────────
]]>
</failure>
<system-out>
<![CDATA[
[[ATTACHMENT|ui-comprehensive-UI-Compre-0d49a-uld-support-role-management-firefox/video.webm]]
]]>
</system-out>
</testcase>
<testcase name="UI Comprehensive Tests › Admin Panel UI › should support audit logs viewer" classname="ui-comprehensive.spec.ts" time="0.802">
<failure message="ui-comprehensive.spec.ts:199:5 should support audit logs viewer" type="FAILURE">
<![CDATA[  [firefox] › ui-comprehensive.spec.ts:199:5 › UI Comprehensive Tests › Admin Panel UI › should support audit logs viewer 

    Error: page.click: Target page, context or browser has been closed
    Call log:
      - waiting for locator('text=Admin')


      144 |     test.beforeEach(async () => {
      145 |       // Navigate to admin page
    > 146 |       await page.click('text=Admin');
          |                  ^
      147 |     });
      148 |
      149 |     test('should display admin dashboard', async () => {
        at /Users/aomira/Documents/Work/MOCT/Dev/tawasal.moct.gov.sy/tests/e2e/ui-comprehensive.spec.ts:146:18

    attachment #1: video (video/webm) ──────────────────────────────────────────────────────────────
    ../../test-results/ui-comprehensive-UI-Compre-adfb3-d-support-audit-logs-viewer-firefox/video.webm
    ────────────────────────────────────────────────────────────────────────────────────────────────
]]>
</failure>
<system-out>
<![CDATA[
[[ATTACHMENT|ui-comprehensive-UI-Compre-adfb3-d-support-audit-logs-viewer-firefox/video.webm]]
]]>
</system-out>
</testcase>
<testcase name="UI Comprehensive Tests › Admin Panel UI › should support encryption management" classname="ui-comprehensive.spec.ts" time="0.862">
<failure message="ui-comprehensive.spec.ts:209:5 should support encryption management" type="FAILURE">
<![CDATA[  [firefox] › ui-comprehensive.spec.ts:209:5 › UI Comprehensive Tests › Admin Panel UI › should support encryption management 

    Error: page.click: Target page, context or browser has been closed
    Call log:
      - waiting for locator('text=Admin')


      144 |     test.beforeEach(async () => {
      145 |       // Navigate to admin page
    > 146 |       await page.click('text=Admin');
          |                  ^
      147 |     });
      148 |
      149 |     test('should display admin dashboard', async () => {
        at /Users/aomira/Documents/Work/MOCT/Dev/tawasal.moct.gov.sy/tests/e2e/ui-comprehensive.spec.ts:146:18

    attachment #1: video (video/webm) ──────────────────────────────────────────────────────────────
    ../../test-results/ui-comprehensive-UI-Compre-65da1-pport-encryption-management-firefox/video.webm
    ────────────────────────────────────────────────────────────────────────────────────────────────
]]>
</failure>
<system-out>
<![CDATA[
[[ATTACHMENT|ui-comprehensive-UI-Compre-65da1-pport-encryption-management-firefox/video.webm]]
]]>
</system-out>
</testcase>
<testcase name="UI Comprehensive Tests › Analytics Dashboard UI › should display analytics dashboard" classname="ui-comprehensive.spec.ts" time="0.728">
<failure message="ui-comprehensive.spec.ts:226:5 should display analytics dashboard" type="FAILURE">
<![CDATA[  [firefox] › ui-comprehensive.spec.ts:226:5 › UI Comprehensive Tests › Analytics Dashboard UI › should display analytics dashboard 

    Error: page.click: Target page, context or browser has been closed
    Call log:
      - waiting for locator('text=Analytics')


      221 |     test.beforeEach(async () => {
      222 |       // Navigate to analytics
    > 223 |       await page.click('text=Analytics');
          |                  ^
      224 |     });
      225 |
      226 |     test('should display analytics dashboard', async () => {
        at /Users/aomira/Documents/Work/MOCT/Dev/tawasal.moct.gov.sy/tests/e2e/ui-comprehensive.spec.ts:223:18

    attachment #1: video (video/webm) ──────────────────────────────────────────────────────────────
    ../../test-results/ui-comprehensive-UI-Compre-f7374-display-analytics-dashboard-firefox/video.webm
    ────────────────────────────────────────────────────────────────────────────────────────────────
]]>
</failure>
<system-out>
<![CDATA[
[[ATTACHMENT|ui-comprehensive-UI-Compre-f7374-display-analytics-dashboard-firefox/video.webm]]
]]>
</system-out>
</testcase>
<testcase name="UI Comprehensive Tests › Analytics Dashboard UI › should display charts and graphs" classname="ui-comprehensive.spec.ts" time="0.839">
<failure message="ui-comprehensive.spec.ts:233:5 should display charts and graphs" type="FAILURE">
<![CDATA[  [firefox] › ui-comprehensive.spec.ts:233:5 › UI Comprehensive Tests › Analytics Dashboard UI › should display charts and graphs 

    Error: page.click: Target page, context or browser has been closed
    Call log:
      - waiting for locator('text=Analytics')


      221 |     test.beforeEach(async () => {
      222 |       // Navigate to analytics
    > 223 |       await page.click('text=Analytics');
          |                  ^
      224 |     });
      225 |
      226 |     test('should display analytics dashboard', async () => {
        at /Users/aomira/Documents/Work/MOCT/Dev/tawasal.moct.gov.sy/tests/e2e/ui-comprehensive.spec.ts:223:18

    attachment #1: video (video/webm) ──────────────────────────────────────────────────────────────
    ../../test-results/ui-comprehensive-UI-Compre-c17c7-d-display-charts-and-graphs-firefox/video.webm
    ────────────────────────────────────────────────────────────────────────────────────────────────
]]>
</failure>
<system-out>
<![CDATA[
[[ATTACHMENT|ui-comprehensive-UI-Compre-c17c7-d-display-charts-and-graphs-firefox/video.webm]]
]]>
</system-out>
</testcase>
<testcase name="UI Comprehensive Tests › Analytics Dashboard UI › should support real-time updates" classname="ui-comprehensive.spec.ts" time="0.777">
<failure message="ui-comprehensive.spec.ts:240:5 should support real-time updates" type="FAILURE">
<![CDATA[  [firefox] › ui-comprehensive.spec.ts:240:5 › UI Comprehensive Tests › Analytics Dashboard UI › should support real-time updates 

    Error: page.click: Target page, context or browser has been closed
    Call log:
      - waiting for locator('text=Analytics')


      221 |     test.beforeEach(async () => {
      222 |       // Navigate to analytics
    > 223 |       await page.click('text=Analytics');
          |                  ^
      224 |     });
      225 |
      226 |     test('should display analytics dashboard', async () => {
        at /Users/aomira/Documents/Work/MOCT/Dev/tawasal.moct.gov.sy/tests/e2e/ui-comprehensive.spec.ts:223:18

    attachment #1: video (video/webm) ──────────────────────────────────────────────────────────────
    ../../test-results/ui-comprehensive-UI-Compre-36cfa-d-support-real-time-updates-firefox/video.webm
    ────────────────────────────────────────────────────────────────────────────────────────────────
]]>
</failure>
<system-out>
<![CDATA[
[[ATTACHMENT|ui-comprehensive-UI-Compre-36cfa-d-support-real-time-updates-firefox/video.webm]]
]]>
</system-out>
</testcase>
<testcase name="UI Comprehensive Tests › Analytics Dashboard UI › should support filtering and date ranges" classname="ui-comprehensive.spec.ts" time="30.082">
<failure message="ui-comprehensive.spec.ts:246:5 should support filtering and date ranges" type="FAILURE">
<![CDATA[  [firefox] › ui-comprehensive.spec.ts:246:5 › UI Comprehensive Tests › Analytics Dashboard UI › should support filtering and date ranges 

    Test timeout of 30000ms exceeded while running "beforeEach" hook.

      219 |
      220 |   test.describe('Analytics Dashboard UI', () => {
    > 221 |     test.beforeEach(async () => {
          |          ^
      222 |       // Navigate to analytics
      223 |       await page.click('text=Analytics');
      224 |     });
        at /Users/aomira/Documents/Work/MOCT/Dev/tawasal.moct.gov.sy/tests/e2e/ui-comprehensive.spec.ts:221:10

    Error: page.click: Test timeout of 30000ms exceeded.
    Call log:
      - waiting for locator('text=Analytics')


      221 |     test.beforeEach(async () => {
      222 |       // Navigate to analytics
    > 223 |       await page.click('text=Analytics');
          |                  ^
      224 |     });
      225 |
      226 |     test('should display analytics dashboard', async () => {
        at /Users/aomira/Documents/Work/MOCT/Dev/tawasal.moct.gov.sy/tests/e2e/ui-comprehensive.spec.ts:223:18

    attachment #1: screenshot (image/png) ──────────────────────────────────────────────────────────
    ../../test-results/ui-comprehensive-UI-Compre-46bfb-t-filtering-and-date-ranges-firefox/test-failed-1.png
    ────────────────────────────────────────────────────────────────────────────────────────────────

    attachment #2: video (video/webm) ──────────────────────────────────────────────────────────────
    ../../test-results/ui-comprehensive-UI-Compre-46bfb-t-filtering-and-date-ranges-firefox/video.webm
    ────────────────────────────────────────────────────────────────────────────────────────────────

    Error Context: ../../test-results/ui-comprehensive-UI-Compre-46bfb-t-filtering-and-date-ranges-firefox/error-context.md
]]>
</failure>
<system-out>
<![CDATA[
[[ATTACHMENT|ui-comprehensive-UI-Compre-46bfb-t-filtering-and-date-ranges-firefox/test-failed-1.png]]

[[ATTACHMENT|ui-comprehensive-UI-Compre-46bfb-t-filtering-and-date-ranges-firefox/video.webm]]

[[ATTACHMENT|ui-comprehensive-UI-Compre-46bfb-t-filtering-and-date-ranges-firefox/error-context.md]]
]]>
</system-out>
</testcase>
<testcase name="UI Comprehensive Tests › Authentication UI › should display login form" classname="ui-comprehensive.spec.ts" time="6.16">
<failure message="ui-comprehensive.spec.ts:258:5 should display login form" type="FAILURE">
<![CDATA[  [firefox] › ui-comprehensive.spec.ts:258:5 › UI Comprehensive Tests › Authentication UI › should display login form 

    Error: expect(locator).toBeVisible() failed

    Locator:  locator('[data-testid="login-form"]')
    Expected: visible
    Received: <element(s) not found>
    Timeout:  5000ms

    Call log:
      - Expect "toBeVisible" with timeout 5000ms
      - waiting for locator('[data-testid="login-form"]')


      261 |       
      262 |       // Check login form elements
    > 263 |       await expect(page.locator('[data-testid="login-form"]')).toBeVisible();
          |                                                                ^
      264 |       await expect(page.locator('[data-testid="username-input"]')).toBeVisible();
      265 |       await expect(page.locator('[data-testid="password-input"]')).toBeVisible();
      266 |       await expect(page.locator('[data-testid="login-button"]')).toBeVisible();
        at /Users/aomira/Documents/Work/MOCT/Dev/tawasal.moct.gov.sy/tests/e2e/ui-comprehensive.spec.ts:263:64

    attachment #1: screenshot (image/png) ──────────────────────────────────────────────────────────
    ../../test-results/ui-comprehensive-UI-Compre-da77d-I-should-display-login-form-firefox/test-failed-1.png
    ────────────────────────────────────────────────────────────────────────────────────────────────

    attachment #2: video (video/webm) ──────────────────────────────────────────────────────────────
    ../../test-results/ui-comprehensive-UI-Compre-da77d-I-should-display-login-form-firefox/video.webm
    ────────────────────────────────────────────────────────────────────────────────────────────────

    Error Context: ../../test-results/ui-comprehensive-UI-Compre-da77d-I-should-display-login-form-firefox/error-context.md
]]>
</failure>
<system-out>
<![CDATA[
[[ATTACHMENT|ui-comprehensive-UI-Compre-da77d-I-should-display-login-form-firefox/test-failed-1.png]]

[[ATTACHMENT|ui-comprehensive-UI-Compre-da77d-I-should-display-login-form-firefox/video.webm]]

[[ATTACHMENT|ui-comprehensive-UI-Compre-da77d-I-should-display-login-form-firefox/error-context.md]]
]]>
</system-out>
</testcase>
<testcase name="UI Comprehensive Tests › Authentication UI › should support MFA setup" classname="ui-comprehensive.spec.ts" time="5.666">
<failure message="ui-comprehensive.spec.ts:269:5 should support MFA setup" type="FAILURE">
<![CDATA[  [firefox] › ui-comprehensive.spec.ts:269:5 › UI Comprehensive Tests › Authentication UI › should support MFA setup 

    Error: expect(locator).toBeVisible() failed

    Locator:  locator('[data-testid="mfa-setup"]')
    Expected: visible
    Received: <element(s) not found>
    Timeout:  5000ms

    Call log:
      - Expect "toBeVisible" with timeout 5000ms
      - waiting for locator('[data-testid="mfa-setup"]')


      272 |       
      273 |       // Check MFA setup components
    > 274 |       await expect(page.locator('[data-testid="mfa-setup"]')).toBeVisible();
          |                                                               ^
      275 |       await expect(page.locator('[data-testid="qr-code"]')).toBeVisible();
      276 |       await expect(page.locator('[data-testid="backup-codes"]')).toBeVisible();
      277 |     });
        at /Users/aomira/Documents/Work/MOCT/Dev/tawasal.moct.gov.sy/tests/e2e/ui-comprehensive.spec.ts:274:63

    attachment #1: screenshot (image/png) ──────────────────────────────────────────────────────────
    ../../test-results/ui-comprehensive-UI-Compre-07349-UI-should-support-MFA-setup-firefox/test-failed-1.png
    ────────────────────────────────────────────────────────────────────────────────────────────────

    attachment #2: video (video/webm) ──────────────────────────────────────────────────────────────
    ../../test-results/ui-comprehensive-UI-Compre-07349-UI-should-support-MFA-setup-firefox/video.webm
    ────────────────────────────────────────────────────────────────────────────────────────────────

    Error Context: ../../test-results/ui-comprehensive-UI-Compre-07349-UI-should-support-MFA-setup-firefox/error-context.md
]]>
</failure>
<system-out>
<![CDATA[
[[ATTACHMENT|ui-comprehensive-UI-Compre-07349-UI-should-support-MFA-setup-firefox/test-failed-1.png]]

[[ATTACHMENT|ui-comprehensive-UI-Compre-07349-UI-should-support-MFA-setup-firefox/video.webm]]

[[ATTACHMENT|ui-comprehensive-UI-Compre-07349-UI-should-support-MFA-setup-firefox/error-context.md]]
]]>
</system-out>
</testcase>
<testcase name="UI Comprehensive Tests › Authentication UI › should support MFA verification" classname="ui-comprehensive.spec.ts" time="6.35">
<failure message="ui-comprehensive.spec.ts:279:5 should support MFA verification" type="FAILURE">
<![CDATA[  [firefox] › ui-comprehensive.spec.ts:279:5 › UI Comprehensive Tests › Authentication UI › should support MFA verification 

    Error: expect(locator).toBeVisible() failed

    Locator:  locator('[data-testid="mfa-verification"]')
    Expected: visible
    Received: <element(s) not found>
    Timeout:  5000ms

    Call log:
      - Expect "toBeVisible" with timeout 5000ms
      - waiting for locator('[data-testid="mfa-verification"]')


      282 |       
      283 |       // Check MFA verification components
    > 284 |       await expect(page.locator('[data-testid="mfa-verification"]')).toBeVisible();
          |                                                                      ^
      285 |       await expect(page.locator('[data-testid="mfa-code-input"]')).toBeVisible();
      286 |       await expect(page.locator('[data-testid="verify-button"]')).toBeVisible();
      287 |     });
        at /Users/aomira/Documents/Work/MOCT/Dev/tawasal.moct.gov.sy/tests/e2e/ui-comprehensive.spec.ts:284:70

    attachment #1: screenshot (image/png) ──────────────────────────────────────────────────────────
    ../../test-results/ui-comprehensive-UI-Compre-ad05e-ld-support-MFA-verification-firefox/test-failed-1.png
    ────────────────────────────────────────────────────────────────────────────────────────────────

    attachment #2: video (video/webm) ──────────────────────────────────────────────────────────────
    ../../test-results/ui-comprehensive-UI-Compre-ad05e-ld-support-MFA-verification-firefox/video.webm
    ────────────────────────────────────────────────────────────────────────────────────────────────

    Error Context: ../../test-results/ui-comprehensive-UI-Compre-ad05e-ld-support-MFA-verification-firefox/error-context.md
]]>
</failure>
<system-out>
<![CDATA[
[[ATTACHMENT|ui-comprehensive-UI-Compre-ad05e-ld-support-MFA-verification-firefox/test-failed-1.png]]

[[ATTACHMENT|ui-comprehensive-UI-Compre-ad05e-ld-support-MFA-verification-firefox/video.webm]]

[[ATTACHMENT|ui-comprehensive-UI-Compre-ad05e-ld-support-MFA-verification-firefox/error-context.md]]
]]>
</system-out>
</testcase>
<testcase name="UI Comprehensive Tests › Accessibility Tests › should have proper ARIA labels" classname="ui-comprehensive.spec.ts" time="5.72">
<failure message="ui-comprehensive.spec.ts:291:5 should have proper ARIA labels" type="FAILURE">
<![CDATA[  [firefox] › ui-comprehensive.spec.ts:291:5 › UI Comprehensive Tests › Accessibility Tests › should have proper ARIA labels 

    Error: expect(locator).toHaveAttribute() failed

    Locator:  locator('button').first()
    Expected: have attribute
    Received: <element(s) not found>
    Timeout:  5000ms

    Call log:
      - Expect "toHaveAttribute" with timeout 5000ms
      - waiting for locator('button').first()


      293 |       const buttons = page.locator('button');
      294 |       const firstButton = buttons.first();
    > 295 |       await expect(firstButton).toHaveAttribute('aria-label');
          |                                 ^
      296 |     });
      297 |
      298 |     test('should support keyboard navigation', async () => {
        at /Users/aomira/Documents/Work/MOCT/Dev/tawasal.moct.gov.sy/tests/e2e/ui-comprehensive.spec.ts:295:33

    attachment #1: screenshot (image/png) ──────────────────────────────────────────────────────────
    ../../test-results/ui-comprehensive-UI-Compre-64b2b-uld-have-proper-ARIA-labels-firefox/test-failed-1.png
    ────────────────────────────────────────────────────────────────────────────────────────────────

    attachment #2: video (video/webm) ──────────────────────────────────────────────────────────────
    ../../test-results/ui-comprehensive-UI-Compre-64b2b-uld-have-proper-ARIA-labels-firefox/video.webm
    ────────────────────────────────────────────────────────────────────────────────────────────────

    Error Context: ../../test-results/ui-comprehensive-UI-Compre-64b2b-uld-have-proper-ARIA-labels-firefox/error-context.md
]]>
</failure>
<system-out>
<![CDATA[
[[ATTACHMENT|ui-comprehensive-UI-Compre-64b2b-uld-have-proper-ARIA-labels-firefox/test-failed-1.png]]

[[ATTACHMENT|ui-comprehensive-UI-Compre-64b2b-uld-have-proper-ARIA-labels-firefox/video.webm]]

[[ATTACHMENT|ui-comprehensive-UI-Compre-64b2b-uld-have-proper-ARIA-labels-firefox/error-context.md]]
]]>
</system-out>
</testcase>
<testcase name="UI Comprehensive Tests › Accessibility Tests › should support keyboard navigation" classname="ui-comprehensive.spec.ts" time="5.862">
<failure message="ui-comprehensive.spec.ts:298:5 should support keyboard navigation" type="FAILURE">
<![CDATA[  [firefox] › ui-comprehensive.spec.ts:298:5 › UI Comprehensive Tests › Accessibility Tests › should support keyboard navigation 

    Error: expect(locator).toBeVisible() failed

    Locator:  locator(':focus')
    Expected: visible
    Received: <element(s) not found>
    Timeout:  5000ms

    Call log:
      - Expect "toBeVisible" with timeout 5000ms
      - waiting for locator(':focus')


      304 |       // Check if focus is visible
      305 |       const focusedElement = page.locator(':focus');
    > 306 |       await expect(focusedElement).toBeVisible();
          |                                    ^
      307 |     });
      308 |
      309 |     test('should have proper color contrast', async () => {
        at /Users/aomira/Documents/Work/MOCT/Dev/tawasal.moct.gov.sy/tests/e2e/ui-comprehensive.spec.ts:306:36

    attachment #1: screenshot (image/png) ──────────────────────────────────────────────────────────
    ../../test-results/ui-comprehensive-UI-Compre-2258e-support-keyboard-navigation-firefox/test-failed-1.png
    ────────────────────────────────────────────────────────────────────────────────────────────────

    attachment #2: video (video/webm) ──────────────────────────────────────────────────────────────
    ../../test-results/ui-comprehensive-UI-Compre-2258e-support-keyboard-navigation-firefox/video.webm
    ────────────────────────────────────────────────────────────────────────────────────────────────

    Error Context: ../../test-results/ui-comprehensive-UI-Compre-2258e-support-keyboard-navigation-firefox/error-context.md
]]>
</failure>
<system-out>
<![CDATA[
[[ATTACHMENT|ui-comprehensive-UI-Compre-2258e-support-keyboard-navigation-firefox/test-failed-1.png]]

[[ATTACHMENT|ui-comprehensive-UI-Compre-2258e-support-keyboard-navigation-firefox/video.webm]]

[[ATTACHMENT|ui-comprehensive-UI-Compre-2258e-support-keyboard-navigation-firefox/error-context.md]]
]]>
</system-out>
</testcase>
<testcase name="UI Comprehensive Tests › Accessibility Tests › should have proper color contrast" classname="ui-comprehensive.spec.ts" time="0.764">
</testcase>
<testcase name="UI Comprehensive Tests › Performance Tests › should load within acceptable time" classname="ui-comprehensive.spec.ts" time="0.911">
</testcase>
<testcase name="UI Comprehensive Tests › Performance Tests › should have good Lighthouse scores" classname="ui-comprehensive.spec.ts" time="0.803">
</testcase>
<testcase name="UI Comprehensive Tests › Error Handling UI › should display proper error messages" classname="ui-comprehensive.spec.ts" time="5.763">
<failure message="ui-comprehensive.spec.ts:337:5 should display proper error messages" type="FAILURE">
<![CDATA[  [firefox] › ui-comprehensive.spec.ts:337:5 › UI Comprehensive Tests › Error Handling UI › should display proper error messages 

    Error: expect(locator).toBeVisible() failed

    Locator:  locator('text=404')
    Expected: visible
    Received: <element(s) not found>
    Timeout:  5000ms

    Call log:
      - Expect "toBeVisible" with timeout 5000ms
      - waiting for locator('text=404')


      338 |       // Test 404 page
      339 |       await page.goto('http://localhost:3000/nonexistent-page');
    > 340 |       await expect(page.locator('text=404')).toBeVisible();
          |                                              ^
      341 |     });
      342 |
      343 |     test('should handle network errors gracefully', async () => {
        at /Users/aomira/Documents/Work/MOCT/Dev/tawasal.moct.gov.sy/tests/e2e/ui-comprehensive.spec.ts:340:46

    attachment #1: screenshot (image/png) ──────────────────────────────────────────────────────────
    ../../test-results/ui-comprehensive-UI-Compre-316dd-splay-proper-error-messages-firefox/test-failed-1.png
    ────────────────────────────────────────────────────────────────────────────────────────────────

    attachment #2: video (video/webm) ──────────────────────────────────────────────────────────────
    ../../test-results/ui-comprehensive-UI-Compre-316dd-splay-proper-error-messages-firefox/video.webm
    ────────────────────────────────────────────────────────────────────────────────────────────────

    Error Context: ../../test-results/ui-comprehensive-UI-Compre-316dd-splay-proper-error-messages-firefox/error-context.md
]]>
</failure>
<system-out>
<![CDATA[
[[ATTACHMENT|ui-comprehensive-UI-Compre-316dd-splay-proper-error-messages-firefox/test-failed-1.png]]

[[ATTACHMENT|ui-comprehensive-UI-Compre-316dd-splay-proper-error-messages-firefox/video.webm]]

[[ATTACHMENT|ui-comprehensive-UI-Compre-316dd-splay-proper-error-messages-firefox/error-context.md]]
]]>
</system-out>
</testcase>
<testcase name="UI Comprehensive Tests › Error Handling UI › should handle network errors gracefully" classname="ui-comprehensive.spec.ts" time="30.062">
<failure message="ui-comprehensive.spec.ts:343:5 should handle network errors gracefully" type="FAILURE">
<![CDATA[  [firefox] › ui-comprehensive.spec.ts:343:5 › UI Comprehensive Tests › Error Handling UI › should handle network errors gracefully 

    Test timeout of 30000ms exceeded while running "beforeEach" hook.

      4 |   let page: Page;
      5 |
    > 6 |   test.beforeEach(async ({ page: testPage }) => {
        |        ^
      7 |     page = testPage;
      8 |     await page.goto('http://localhost:3000');
      9 |   });
        at /Users/aomira/Documents/Work/MOCT/Dev/tawasal.moct.gov.sy/tests/e2e/ui-comprehensive.spec.ts:6:8

    Error: page.goto: Test timeout of 30000ms exceeded.
    Call log:
      - navigating to "http://localhost:3000/", waiting until "load"


       6 |   test.beforeEach(async ({ page: testPage }) => {
       7 |     page = testPage;
    >  8 |     await page.goto('http://localhost:3000');
         |                ^
       9 |   });
      10 |
      11 |   test.describe('Landing Page UI', () => {
        at /Users/aomira/Documents/Work/MOCT/Dev/tawasal.moct.gov.sy/tests/e2e/ui-comprehensive.spec.ts:8:16

    attachment #1: screenshot (image/png) ──────────────────────────────────────────────────────────
    ../../test-results/ui-comprehensive-UI-Compre-76a7f-e-network-errors-gracefully-firefox/test-failed-1.png
    ────────────────────────────────────────────────────────────────────────────────────────────────

    attachment #2: video (video/webm) ──────────────────────────────────────────────────────────────
    ../../test-results/ui-comprehensive-UI-Compre-76a7f-e-network-errors-gracefully-firefox/video.webm
    ────────────────────────────────────────────────────────────────────────────────────────────────

    Error Context: ../../test-results/ui-comprehensive-UI-Compre-76a7f-e-network-errors-gracefully-firefox/error-context.md
]]>
</failure>
<system-out>
<![CDATA[
[[ATTACHMENT|ui-comprehensive-UI-Compre-76a7f-e-network-errors-gracefully-firefox/test-failed-1.png]]

[[ATTACHMENT|ui-comprehensive-UI-Compre-76a7f-e-network-errors-gracefully-firefox/video.webm]]

[[ATTACHMENT|ui-comprehensive-UI-Compre-76a7f-e-network-errors-gracefully-firefox/error-context.md]]
]]>
</system-out>
</testcase>
<testcase name="UI Comprehensive Tests › Internationalization UI › should support language switching" classname="ui-comprehensive.spec.ts" time="6.041">
<failure message="ui-comprehensive.spec.ts:353:5 should support language switching" type="FAILURE">
<![CDATA[  [firefox] › ui-comprehensive.spec.ts:353:5 › UI Comprehensive Tests › Internationalization UI › should support language switching 

    Error: expect(locator).toBeVisible() failed

    Locator:  locator('[data-testid="language-selector"]')
    Expected: visible
    Received: <element(s) not found>
    Timeout:  5000ms

    Call log:
      - Expect "toBeVisible" with timeout 5000ms
      - waiting for locator('[data-testid="language-selector"]')


      353 |     test('should support language switching', async () => {
      354 |       // Check if language selector is present
    > 355 |       await expect(page.locator('[data-testid="language-selector"]')).toBeVisible();
          |                                                                       ^
      356 |       
      357 |       // Test language switching
      358 |       await page.click('[data-testid="language-selector"]');
        at /Users/aomira/Documents/Work/MOCT/Dev/tawasal.moct.gov.sy/tests/e2e/ui-comprehensive.spec.ts:355:71

    attachment #1: screenshot (image/png) ──────────────────────────────────────────────────────────
    ../../test-results/ui-comprehensive-UI-Compre-299a2--support-language-switching-firefox/test-failed-1.png
    ────────────────────────────────────────────────────────────────────────────────────────────────

    attachment #2: video (video/webm) ──────────────────────────────────────────────────────────────
    ../../test-results/ui-comprehensive-UI-Compre-299a2--support-language-switching-firefox/video.webm
    ────────────────────────────────────────────────────────────────────────────────────────────────

    Error Context: ../../test-results/ui-comprehensive-UI-Compre-299a2--support-language-switching-firefox/error-context.md
]]>
</failure>
<system-out>
<![CDATA[
[[ATTACHMENT|ui-comprehensive-UI-Compre-299a2--support-language-switching-firefox/test-failed-1.png]]

[[ATTACHMENT|ui-comprehensive-UI-Compre-299a2--support-language-switching-firefox/video.webm]]

[[ATTACHMENT|ui-comprehensive-UI-Compre-299a2--support-language-switching-firefox/error-context.md]]
]]>
</system-out>
</testcase>
<testcase name="UI Comprehensive Tests › Internationalization UI › should support RTL layout for Arabic" classname="ui-comprehensive.spec.ts" time="30.047">
<failure message="ui-comprehensive.spec.ts:365:5 should support RTL layout for Arabic" type="FAILURE">
<![CDATA[  [firefox] › ui-comprehensive.spec.ts:365:5 › UI Comprehensive Tests › Internationalization UI › should support RTL layout for Arabic 

    Test timeout of 30000ms exceeded.

    Error: page.click: Test timeout of 30000ms exceeded.
    Call log:
      - waiting for locator('[data-testid="language-selector"]')


      365 |     test('should support RTL layout for Arabic', async () => {
      366 |       // Switch to Arabic
    > 367 |       await page.click('[data-testid="language-selector"]');
          |                  ^
      368 |       await page.click('[data-testid="language-ar"]');
      369 |       
      370 |       // Check if RTL is applied
        at /Users/aomira/Documents/Work/MOCT/Dev/tawasal.moct.gov.sy/tests/e2e/ui-comprehensive.spec.ts:367:18

    attachment #1: screenshot (image/png) ──────────────────────────────────────────────────────────
    ../../test-results/ui-comprehensive-UI-Compre-3e647-pport-RTL-layout-for-Arabic-firefox/test-failed-1.png
    ────────────────────────────────────────────────────────────────────────────────────────────────

    attachment #2: video (video/webm) ──────────────────────────────────────────────────────────────
    ../../test-results/ui-comprehensive-UI-Compre-3e647-pport-RTL-layout-for-Arabic-firefox/video.webm
    ────────────────────────────────────────────────────────────────────────────────────────────────

    Error Context: ../../test-results/ui-comprehensive-UI-Compre-3e647-pport-RTL-layout-for-Arabic-firefox/error-context.md
]]>
</failure>
<system-out>
<![CDATA[
[[ATTACHMENT|ui-comprehensive-UI-Compre-3e647-pport-RTL-layout-for-Arabic-firefox/test-failed-1.png]]

[[ATTACHMENT|ui-comprehensive-UI-Compre-3e647-pport-RTL-layout-for-Arabic-firefox/video.webm]]

[[ATTACHMENT|ui-comprehensive-UI-Compre-3e647-pport-RTL-layout-for-Arabic-firefox/error-context.md]]
]]>
</system-out>
</testcase>
</testsuite>
<testsuite name="ui-comprehensive.spec.ts" timestamp="2025-09-22T03:04:54.793Z" hostname="webkit" tests="33" failures="29" skipped="0" time="535.984" errors="0">
<testcase name="UI Comprehensive Tests › Landing Page UI › should display the main navigation correctly" classname="ui-comprehensive.spec.ts" time="6.621">
<failure message="ui-comprehensive.spec.ts:12:5 should display the main navigation correctly" type="FAILURE">
<![CDATA[  [webkit] › ui-comprehensive.spec.ts:12:5 › UI Comprehensive Tests › Landing Page UI › should display the main navigation correctly 

    Error: expect(locator).toBeVisible() failed

    Locator:  locator('nav')
    Expected: visible
    Received: <element(s) not found>
    Timeout:  5000ms

    Call log:
      - Expect "toBeVisible" with timeout 5000ms
      - waiting for locator('nav')


      12 |     test('should display the main navigation correctly', async () => {
      13 |       // Check if the main navigation elements are present
    > 14 |       await expect(page.locator('nav')).toBeVisible();
         |                                         ^
      15 |       await expect(page.locator('text=Ministry Platform')).toBeVisible();
      16 |       
      17 |       // Check for main navigation links
        at /Users/aomira/Documents/Work/MOCT/Dev/tawasal.moct.gov.sy/tests/e2e/ui-comprehensive.spec.ts:14:41

    attachment #1: screenshot (image/png) ──────────────────────────────────────────────────────────
    ../../test-results/ui-comprehensive-UI-Compre-f02f4-e-main-navigation-correctly-webkit/test-failed-1.png
    ────────────────────────────────────────────────────────────────────────────────────────────────

    attachment #2: video (video/webm) ──────────────────────────────────────────────────────────────
    ../../test-results/ui-comprehensive-UI-Compre-f02f4-e-main-navigation-correctly-webkit/video.webm
    ────────────────────────────────────────────────────────────────────────────────────────────────

    Error Context: ../../test-results/ui-comprehensive-UI-Compre-f02f4-e-main-navigation-correctly-webkit/error-context.md
]]>
</failure>
<system-out>
<![CDATA[
[[ATTACHMENT|ui-comprehensive-UI-Compre-f02f4-e-main-navigation-correctly-webkit/test-failed-1.png]]

[[ATTACHMENT|ui-comprehensive-UI-Compre-f02f4-e-main-navigation-correctly-webkit/video.webm]]

[[ATTACHMENT|ui-comprehensive-UI-Compre-f02f4-e-main-navigation-correctly-webkit/error-context.md]]
]]>
</system-out>
</testcase>
<testcase name="UI Comprehensive Tests › Landing Page UI › should have responsive design" classname="ui-comprehensive.spec.ts" time="6.68">
<failure message="ui-comprehensive.spec.ts:22:5 should have responsive design" type="FAILURE">
<![CDATA[  [webkit] › ui-comprehensive.spec.ts:22:5 › UI Comprehensive Tests › Landing Page UI › should have responsive design 

    Error: expect(locator).toBeVisible() failed

    Locator:  locator('nav')
    Expected: visible
    Received: <element(s) not found>
    Timeout:  5000ms

    Call log:
      - Expect "toBeVisible" with timeout 5000ms
      - waiting for locator('nav')


      23 |       // Test mobile viewport
      24 |       await page.setViewportSize({ width: 375, height: 667 });
    > 25 |       await expect(page.locator('nav')).toBeVisible();
         |                                         ^
      26 |       
      27 |       // Test tablet viewport
      28 |       await page.setViewportSize({ width: 768, height: 1024 });
        at /Users/aomira/Documents/Work/MOCT/Dev/tawasal.moct.gov.sy/tests/e2e/ui-comprehensive.spec.ts:25:41

    attachment #1: screenshot (image/png) ──────────────────────────────────────────────────────────
    ../../test-results/ui-comprehensive-UI-Compre-22532-ould-have-responsive-design-webkit/test-failed-1.png
    ────────────────────────────────────────────────────────────────────────────────────────────────

    attachment #2: video (video/webm) ──────────────────────────────────────────────────────────────
    ../../test-results/ui-comprehensive-UI-Compre-22532-ould-have-responsive-design-webkit/video.webm
    ────────────────────────────────────────────────────────────────────────────────────────────────

    Error Context: ../../test-results/ui-comprehensive-UI-Compre-22532-ould-have-responsive-design-webkit/error-context.md
]]>
</failure>
<system-out>
<![CDATA[
[[ATTACHMENT|ui-comprehensive-UI-Compre-22532-ould-have-responsive-design-webkit/test-failed-1.png]]

[[ATTACHMENT|ui-comprehensive-UI-Compre-22532-ould-have-responsive-design-webkit/video.webm]]

[[ATTACHMENT|ui-comprehensive-UI-Compre-22532-ould-have-responsive-design-webkit/error-context.md]]
]]>
</system-out>
</testcase>
<testcase name="UI Comprehensive Tests › Landing Page UI › should display proper error handling for tenant not found" classname="ui-comprehensive.spec.ts" time="1.671">
</testcase>
<testcase name="UI Comprehensive Tests › Form Builder UI › should display form builder interface" classname="ui-comprehensive.spec.ts" time="30.046">
<failure message="ui-comprehensive.spec.ts:48:5 should display form builder interface" type="FAILURE">
<![CDATA[  [webkit] › ui-comprehensive.spec.ts:48:5 › UI Comprehensive Tests › Form Builder UI › should display form builder interface 

    Test timeout of 30000ms exceeded while running "beforeEach" hook.

      41 |
      42 |   test.describe('Form Builder UI', () => {
    > 43 |     test.beforeEach(async () => {
         |          ^
      44 |       // Navigate to forms page
      45 |       await page.click('text=Forms');
      46 |     });
        at /Users/aomira/Documents/Work/MOCT/Dev/tawasal.moct.gov.sy/tests/e2e/ui-comprehensive.spec.ts:43:10

    Error: page.click: Test timeout of 30000ms exceeded.
    Call log:
      - waiting for locator('text=Forms')


      43 |     test.beforeEach(async () => {
      44 |       // Navigate to forms page
    > 45 |       await page.click('text=Forms');
         |                  ^
      46 |     });
      47 |
      48 |     test('should display form builder interface', async () => {
        at /Users/aomira/Documents/Work/MOCT/Dev/tawasal.moct.gov.sy/tests/e2e/ui-comprehensive.spec.ts:45:18

    attachment #1: screenshot (image/png) ──────────────────────────────────────────────────────────
    ../../test-results/ui-comprehensive-UI-Compre-2875b-play-form-builder-interface-webkit/test-failed-1.png
    ────────────────────────────────────────────────────────────────────────────────────────────────

    attachment #2: video (video/webm) ──────────────────────────────────────────────────────────────
    ../../test-results/ui-comprehensive-UI-Compre-2875b-play-form-builder-interface-webkit/video.webm
    ────────────────────────────────────────────────────────────────────────────────────────────────

    Error Context: ../../test-results/ui-comprehensive-UI-Compre-2875b-play-form-builder-interface-webkit/error-context.md
]]>
</failure>
<system-out>
<![CDATA[
[[ATTACHMENT|ui-comprehensive-UI-Compre-2875b-play-form-builder-interface-webkit/test-failed-1.png]]

[[ATTACHMENT|ui-comprehensive-UI-Compre-2875b-play-form-builder-interface-webkit/video.webm]]

[[ATTACHMENT|ui-comprehensive-UI-Compre-2875b-play-form-builder-interface-webkit/error-context.md]]
]]>
</system-out>
</testcase>
<testcase name="UI Comprehensive Tests › Form Builder UI › should have drag and drop functionality" classname="ui-comprehensive.spec.ts" time="30.041">
<failure message="ui-comprehensive.spec.ts:56:5 should have drag and drop functionality" type="FAILURE">
<![CDATA[  [webkit] › ui-comprehensive.spec.ts:56:5 › UI Comprehensive Tests › Form Builder UI › should have drag and drop functionality 

    Test timeout of 30000ms exceeded while running "beforeEach" hook.

      41 |
      42 |   test.describe('Form Builder UI', () => {
    > 43 |     test.beforeEach(async () => {
         |          ^
      44 |       // Navigate to forms page
      45 |       await page.click('text=Forms');
      46 |     });
        at /Users/aomira/Documents/Work/MOCT/Dev/tawasal.moct.gov.sy/tests/e2e/ui-comprehensive.spec.ts:43:10

    Error: page.click: Test timeout of 30000ms exceeded.
    Call log:
      - waiting for locator('text=Forms')


      43 |     test.beforeEach(async () => {
      44 |       // Navigate to forms page
    > 45 |       await page.click('text=Forms');
         |                  ^
      46 |     });
      47 |
      48 |     test('should display form builder interface', async () => {
        at /Users/aomira/Documents/Work/MOCT/Dev/tawasal.moct.gov.sy/tests/e2e/ui-comprehensive.spec.ts:45:18

    attachment #1: screenshot (image/png) ──────────────────────────────────────────────────────────
    ../../test-results/ui-comprehensive-UI-Compre-ba17e-drag-and-drop-functionality-webkit/test-failed-1.png
    ────────────────────────────────────────────────────────────────────────────────────────────────

    attachment #2: video (video/webm) ──────────────────────────────────────────────────────────────
    ../../test-results/ui-comprehensive-UI-Compre-ba17e-drag-and-drop-functionality-webkit/video.webm
    ────────────────────────────────────────────────────────────────────────────────────────────────

    Error Context: ../../test-results/ui-comprehensive-UI-Compre-ba17e-drag-and-drop-functionality-webkit/error-context.md
]]>
</failure>
<system-out>
<![CDATA[
[[ATTACHMENT|ui-comprehensive-UI-Compre-ba17e-drag-and-drop-functionality-webkit/test-failed-1.png]]

[[ATTACHMENT|ui-comprehensive-UI-Compre-ba17e-drag-and-drop-functionality-webkit/video.webm]]

[[ATTACHMENT|ui-comprehensive-UI-Compre-ba17e-drag-and-drop-functionality-webkit/error-context.md]]
]]>
</system-out>
</testcase>
<testcase name="UI Comprehensive Tests › Form Builder UI › should display property panel when component is selected" classname="ui-comprehensive.spec.ts" time="30.038">
<failure message="ui-comprehensive.spec.ts:67:5 should display property panel when component is selected" type="FAILURE">
<![CDATA[  [webkit] › ui-comprehensive.spec.ts:67:5 › UI Comprehensive Tests › Form Builder UI › should display property panel when component is selected 

    Test timeout of 30000ms exceeded while running "beforeEach" hook.

      41 |
      42 |   test.describe('Form Builder UI', () => {
    > 43 |     test.beforeEach(async () => {
         |          ^
      44 |       // Navigate to forms page
      45 |       await page.click('text=Forms');
      46 |     });
        at /Users/aomira/Documents/Work/MOCT/Dev/tawasal.moct.gov.sy/tests/e2e/ui-comprehensive.spec.ts:43:10

    Error: page.click: Test timeout of 30000ms exceeded.
    Call log:
      - waiting for locator('text=Forms')


      43 |     test.beforeEach(async () => {
      44 |       // Navigate to forms page
    > 45 |       await page.click('text=Forms');
         |                  ^
      46 |     });
      47 |
      48 |     test('should display form builder interface', async () => {
        at /Users/aomira/Documents/Work/MOCT/Dev/tawasal.moct.gov.sy/tests/e2e/ui-comprehensive.spec.ts:45:18

    attachment #1: screenshot (image/png) ──────────────────────────────────────────────────────────
    ../../test-results/ui-comprehensive-UI-Compre-4bcd4--when-component-is-selected-webkit/test-failed-1.png
    ────────────────────────────────────────────────────────────────────────────────────────────────

    attachment #2: video (video/webm) ──────────────────────────────────────────────────────────────
    ../../test-results/ui-comprehensive-UI-Compre-4bcd4--when-component-is-selected-webkit/video.webm
    ────────────────────────────────────────────────────────────────────────────────────────────────

    Error Context: ../../test-results/ui-comprehensive-UI-Compre-4bcd4--when-component-is-selected-webkit/error-context.md
]]>
</failure>
<system-out>
<![CDATA[
[[ATTACHMENT|ui-comprehensive-UI-Compre-4bcd4--when-component-is-selected-webkit/test-failed-1.png]]

[[ATTACHMENT|ui-comprehensive-UI-Compre-4bcd4--when-component-is-selected-webkit/video.webm]]

[[ATTACHMENT|ui-comprehensive-UI-Compre-4bcd4--when-component-is-selected-webkit/error-context.md]]
]]>
</system-out>
</testcase>
<testcase name="UI Comprehensive Tests › Form Builder UI › should support component customization" classname="ui-comprehensive.spec.ts" time="30.055">
<failure message="ui-comprehensive.spec.ts:80:5 should support component customization" type="FAILURE">
<![CDATA[  [webkit] › ui-comprehensive.spec.ts:80:5 › UI Comprehensive Tests › Form Builder UI › should support component customization 

    Test timeout of 30000ms exceeded while running "beforeEach" hook.

      41 |
      42 |   test.describe('Form Builder UI', () => {
    > 43 |     test.beforeEach(async () => {
         |          ^
      44 |       // Navigate to forms page
      45 |       await page.click('text=Forms');
      46 |     });
        at /Users/aomira/Documents/Work/MOCT/Dev/tawasal.moct.gov.sy/tests/e2e/ui-comprehensive.spec.ts:43:10

    Error: page.click: Test timeout of 30000ms exceeded.
    Call log:
      - waiting for locator('text=Forms')


      43 |     test.beforeEach(async () => {
      44 |       // Navigate to forms page
    > 45 |       await page.click('text=Forms');
         |                  ^
      46 |     });
      47 |
      48 |     test('should display form builder interface', async () => {
        at /Users/aomira/Documents/Work/MOCT/Dev/tawasal.moct.gov.sy/tests/e2e/ui-comprehensive.spec.ts:45:18

    attachment #1: screenshot (image/png) ──────────────────────────────────────────────────────────
    ../../test-results/ui-comprehensive-UI-Compre-66f6a-ort-component-customization-webkit/test-failed-1.png
    ────────────────────────────────────────────────────────────────────────────────────────────────

    attachment #2: video (video/webm) ──────────────────────────────────────────────────────────────
    ../../test-results/ui-comprehensive-UI-Compre-66f6a-ort-component-customization-webkit/video.webm
    ────────────────────────────────────────────────────────────────────────────────────────────────

    Error Context: ../../test-results/ui-comprehensive-UI-Compre-66f6a-ort-component-customization-webkit/error-context.md
]]>
</failure>
<system-out>
<![CDATA[
[[ATTACHMENT|ui-comprehensive-UI-Compre-66f6a-ort-component-customization-webkit/test-failed-1.png]]

[[ATTACHMENT|ui-comprehensive-UI-Compre-66f6a-ort-component-customization-webkit/video.webm]]

[[ATTACHMENT|ui-comprehensive-UI-Compre-66f6a-ort-component-customization-webkit/error-context.md]]
]]>
</system-out>
</testcase>
<testcase name="UI Comprehensive Tests › Form Builder UI › should support conditional logic builder" classname="ui-comprehensive.spec.ts" time="30.05">
<failure message="ui-comprehensive.spec.ts:98:5 should support conditional logic builder" type="FAILURE">
<![CDATA[  [webkit] › ui-comprehensive.spec.ts:98:5 › UI Comprehensive Tests › Form Builder UI › should support conditional logic builder 

    Test timeout of 30000ms exceeded while running "beforeEach" hook.

      41 |
      42 |   test.describe('Form Builder UI', () => {
    > 43 |     test.beforeEach(async () => {
         |          ^
      44 |       // Navigate to forms page
      45 |       await page.click('text=Forms');
      46 |     });
        at /Users/aomira/Documents/Work/MOCT/Dev/tawasal.moct.gov.sy/tests/e2e/ui-comprehensive.spec.ts:43:10

    Error: page.click: Test timeout of 30000ms exceeded.
    Call log:
      - waiting for locator('text=Forms')


      43 |     test.beforeEach(async () => {
      44 |       // Navigate to forms page
    > 45 |       await page.click('text=Forms');
         |                  ^
      46 |     });
      47 |
      48 |     test('should display form builder interface', async () => {
        at /Users/aomira/Documents/Work/MOCT/Dev/tawasal.moct.gov.sy/tests/e2e/ui-comprehensive.spec.ts:45:18

    attachment #1: screenshot (image/png) ──────────────────────────────────────────────────────────
    ../../test-results/ui-comprehensive-UI-Compre-ff3ab-t-conditional-logic-builder-webkit/test-failed-1.png
    ────────────────────────────────────────────────────────────────────────────────────────────────

    attachment #2: video (video/webm) ──────────────────────────────────────────────────────────────
    ../../test-results/ui-comprehensive-UI-Compre-ff3ab-t-conditional-logic-builder-webkit/video.webm
    ────────────────────────────────────────────────────────────────────────────────────────────────

    Error Context: ../../test-results/ui-comprehensive-UI-Compre-ff3ab-t-conditional-logic-builder-webkit/error-context.md
]]>
</failure>
<system-out>
<![CDATA[
[[ATTACHMENT|ui-comprehensive-UI-Compre-ff3ab-t-conditional-logic-builder-webkit/test-failed-1.png]]

[[ATTACHMENT|ui-comprehensive-UI-Compre-ff3ab-t-conditional-logic-builder-webkit/video.webm]]

[[ATTACHMENT|ui-comprehensive-UI-Compre-ff3ab-t-conditional-logic-builder-webkit/error-context.md]]
]]>
</system-out>
</testcase>
<testcase name="UI Comprehensive Tests › Form Builder UI › should support multi-step forms" classname="ui-comprehensive.spec.ts" time="29.329">
<failure message="ui-comprehensive.spec.ts:115:5 should support multi-step forms" type="FAILURE">
<![CDATA[  [webkit] › ui-comprehensive.spec.ts:115:5 › UI Comprehensive Tests › Form Builder UI › should support multi-step forms 

    Error: page.click: Target page, context or browser has been closed
    Call log:
      - waiting for locator('text=Forms')


      43 |     test.beforeEach(async () => {
      44 |       // Navigate to forms page
    > 45 |       await page.click('text=Forms');
         |                  ^
      46 |     });
      47 |
      48 |     test('should display form builder interface', async () => {
        at /Users/aomira/Documents/Work/MOCT/Dev/tawasal.moct.gov.sy/tests/e2e/ui-comprehensive.spec.ts:45:18

    attachment #1: video (video/webm) ──────────────────────────────────────────────────────────────
    ../../test-results/ui-comprehensive-UI-Compre-96e2b-ld-support-multi-step-forms-webkit/video.webm
    ────────────────────────────────────────────────────────────────────────────────────────────────
]]>
</failure>
<system-out>
<![CDATA[
[[ATTACHMENT|ui-comprehensive-UI-Compre-96e2b-ld-support-multi-step-forms-webkit/video.webm]]
]]>
</system-out>
</testcase>
<testcase name="UI Comprehensive Tests › Form Builder UI › should support form templates" classname="ui-comprehensive.spec.ts" time="30.043">
<failure message="ui-comprehensive.spec.ts:125:5 should support form templates" type="FAILURE">
<![CDATA[  [webkit] › ui-comprehensive.spec.ts:125:5 › UI Comprehensive Tests › Form Builder UI › should support form templates 

    Test timeout of 30000ms exceeded while running "beforeEach" hook.

      41 |
      42 |   test.describe('Form Builder UI', () => {
    > 43 |     test.beforeEach(async () => {
         |          ^
      44 |       // Navigate to forms page
      45 |       await page.click('text=Forms');
      46 |     });
        at /Users/aomira/Documents/Work/MOCT/Dev/tawasal.moct.gov.sy/tests/e2e/ui-comprehensive.spec.ts:43:10

    Error: page.click: Test timeout of 30000ms exceeded.
    Call log:
      - waiting for locator('text=Forms')


      43 |     test.beforeEach(async () => {
      44 |       // Navigate to forms page
    > 45 |       await page.click('text=Forms');
         |                  ^
      46 |     });
      47 |
      48 |     test('should display form builder interface', async () => {
        at /Users/aomira/Documents/Work/MOCT/Dev/tawasal.moct.gov.sy/tests/e2e/ui-comprehensive.spec.ts:45:18

    attachment #1: screenshot (image/png) ──────────────────────────────────────────────────────────
    ../../test-results/ui-comprehensive-UI-Compre-d3f6a-ould-support-form-templates-webkit/test-failed-1.png
    ────────────────────────────────────────────────────────────────────────────────────────────────

    attachment #2: video (video/webm) ──────────────────────────────────────────────────────────────
    ../../test-results/ui-comprehensive-UI-Compre-d3f6a-ould-support-form-templates-webkit/video.webm
    ────────────────────────────────────────────────────────────────────────────────────────────────

    Error Context: ../../test-results/ui-comprehensive-UI-Compre-d3f6a-ould-support-form-templates-webkit/error-context.md
]]>
</failure>
<system-out>
<![CDATA[
[[ATTACHMENT|ui-comprehensive-UI-Compre-d3f6a-ould-support-form-templates-webkit/test-failed-1.png]]

[[ATTACHMENT|ui-comprehensive-UI-Compre-d3f6a-ould-support-form-templates-webkit/video.webm]]

[[ATTACHMENT|ui-comprehensive-UI-Compre-d3f6a-ould-support-form-templates-webkit/error-context.md]]
]]>
</system-out>
</testcase>
<testcase name="UI Comprehensive Tests › Form Builder UI › should support form publishing workflow" classname="ui-comprehensive.spec.ts" time="25.709">
<failure message="ui-comprehensive.spec.ts:136:5 should support form publishing workflow" type="FAILURE">
<![CDATA[  [webkit] › ui-comprehensive.spec.ts:136:5 › UI Comprehensive Tests › Form Builder UI › should support form publishing workflow 

    Error: page.click: Target page, context or browser has been closed
    Call log:
      - waiting for locator('text=Forms')


      43 |     test.beforeEach(async () => {
      44 |       // Navigate to forms page
    > 45 |       await page.click('text=Forms');
         |                  ^
      46 |     });
      47 |
      48 |     test('should display form builder interface', async () => {
        at /Users/aomira/Documents/Work/MOCT/Dev/tawasal.moct.gov.sy/tests/e2e/ui-comprehensive.spec.ts:45:18
]]>
</failure>
</testcase>
<testcase name="UI Comprehensive Tests › Admin Panel UI › should display admin dashboard" classname="ui-comprehensive.spec.ts" time="30.044">
<failure message="ui-comprehensive.spec.ts:149:5 should display admin dashboard" type="FAILURE">
<![CDATA[  [webkit] › ui-comprehensive.spec.ts:149:5 › UI Comprehensive Tests › Admin Panel UI › should display admin dashboard 

    Test timeout of 30000ms exceeded while running "beforeEach" hook.

      142 |
      143 |   test.describe('Admin Panel UI', () => {
    > 144 |     test.beforeEach(async () => {
          |          ^
      145 |       // Navigate to admin page
      146 |       await page.click('text=Admin');
      147 |     });
        at /Users/aomira/Documents/Work/MOCT/Dev/tawasal.moct.gov.sy/tests/e2e/ui-comprehensive.spec.ts:144:10

    Error: page.click: Test timeout of 30000ms exceeded.
    Call log:
      - waiting for locator('text=Admin')


      144 |     test.beforeEach(async () => {
      145 |       // Navigate to admin page
    > 146 |       await page.click('text=Admin');
          |                  ^
      147 |     });
      148 |
      149 |     test('should display admin dashboard', async () => {
        at /Users/aomira/Documents/Work/MOCT/Dev/tawasal.moct.gov.sy/tests/e2e/ui-comprehensive.spec.ts:146:18

    attachment #1: screenshot (image/png) ──────────────────────────────────────────────────────────
    ../../test-results/ui-comprehensive-UI-Compre-d918c-uld-display-admin-dashboard-webkit/test-failed-1.png
    ────────────────────────────────────────────────────────────────────────────────────────────────

    attachment #2: video (video/webm) ──────────────────────────────────────────────────────────────
    ../../test-results/ui-comprehensive-UI-Compre-d918c-uld-display-admin-dashboard-webkit/video.webm
    ────────────────────────────────────────────────────────────────────────────────────────────────

    Error Context: ../../test-results/ui-comprehensive-UI-Compre-d918c-uld-display-admin-dashboard-webkit/error-context.md
]]>
</failure>
<system-out>
<![CDATA[
[[ATTACHMENT|ui-comprehensive-UI-Compre-d918c-uld-display-admin-dashboard-webkit/test-failed-1.png]]

[[ATTACHMENT|ui-comprehensive-UI-Compre-d918c-uld-display-admin-dashboard-webkit/video.webm]]

[[ATTACHMENT|ui-comprehensive-UI-Compre-d918c-uld-display-admin-dashboard-webkit/error-context.md]]
]]>
</system-out>
</testcase>
<testcase name="UI Comprehensive Tests › Admin Panel UI › should support ministry management" classname="ui-comprehensive.spec.ts" time="30.037">
<failure message="ui-comprehensive.spec.ts:157:5 should support ministry management" type="FAILURE">
<![CDATA[  [webkit] › ui-comprehensive.spec.ts:157:5 › UI Comprehensive Tests › Admin Panel UI › should support ministry management 

    Test timeout of 30000ms exceeded while running "beforeEach" hook.

      142 |
      143 |   test.describe('Admin Panel UI', () => {
    > 144 |     test.beforeEach(async () => {
          |          ^
      145 |       // Navigate to admin page
      146 |       await page.click('text=Admin');
      147 |     });
        at /Users/aomira/Documents/Work/MOCT/Dev/tawasal.moct.gov.sy/tests/e2e/ui-comprehensive.spec.ts:144:10

    Error: page.click: Test timeout of 30000ms exceeded.
    Call log:
      - waiting for locator('text=Admin')


      144 |     test.beforeEach(async () => {
      145 |       // Navigate to admin page
    > 146 |       await page.click('text=Admin');
          |                  ^
      147 |     });
      148 |
      149 |     test('should display admin dashboard', async () => {
        at /Users/aomira/Documents/Work/MOCT/Dev/tawasal.moct.gov.sy/tests/e2e/ui-comprehensive.spec.ts:146:18

    attachment #1: screenshot (image/png) ──────────────────────────────────────────────────────────
    ../../test-results/ui-comprehensive-UI-Compre-3e7a1-support-ministry-management-webkit/test-failed-1.png
    ────────────────────────────────────────────────────────────────────────────────────────────────

    attachment #2: video (video/webm) ──────────────────────────────────────────────────────────────
    ../../test-results/ui-comprehensive-UI-Compre-3e7a1-support-ministry-management-webkit/video.webm
    ────────────────────────────────────────────────────────────────────────────────────────────────

    Error Context: ../../test-results/ui-comprehensive-UI-Compre-3e7a1-support-ministry-management-webkit/error-context.md
]]>
</failure>
<system-out>
<![CDATA[
[[ATTACHMENT|ui-comprehensive-UI-Compre-3e7a1-support-ministry-management-webkit/test-failed-1.png]]

[[ATTACHMENT|ui-comprehensive-UI-Compre-3e7a1-support-ministry-management-webkit/video.webm]]

[[ATTACHMENT|ui-comprehensive-UI-Compre-3e7a1-support-ministry-management-webkit/error-context.md]]
]]>
</system-out>
</testcase>
<testcase name="UI Comprehensive Tests › Admin Panel UI › should support user management" classname="ui-comprehensive.spec.ts" time="30.047">
<failure message="ui-comprehensive.spec.ts:171:5 should support user management" type="FAILURE">
<![CDATA[  [webkit] › ui-comprehensive.spec.ts:171:5 › UI Comprehensive Tests › Admin Panel UI › should support user management 

    Test timeout of 30000ms exceeded while running "beforeEach" hook.

      142 |
      143 |   test.describe('Admin Panel UI', () => {
    > 144 |     test.beforeEach(async () => {
          |          ^
      145 |       // Navigate to admin page
      146 |       await page.click('text=Admin');
      147 |     });
        at /Users/aomira/Documents/Work/MOCT/Dev/tawasal.moct.gov.sy/tests/e2e/ui-comprehensive.spec.ts:144:10

    Error: page.click: Test timeout of 30000ms exceeded.
    Call log:
      - waiting for locator('text=Admin')


      144 |     test.beforeEach(async () => {
      145 |       // Navigate to admin page
    > 146 |       await page.click('text=Admin');
          |                  ^
      147 |     });
      148 |
      149 |     test('should display admin dashboard', async () => {
        at /Users/aomira/Documents/Work/MOCT/Dev/tawasal.moct.gov.sy/tests/e2e/ui-comprehensive.spec.ts:146:18

    attachment #1: screenshot (image/png) ──────────────────────────────────────────────────────────
    ../../test-results/ui-comprehensive-UI-Compre-82d8b-uld-support-user-management-webkit/test-failed-1.png
    ────────────────────────────────────────────────────────────────────────────────────────────────

    attachment #2: video (video/webm) ──────────────────────────────────────────────────────────────
    ../../test-results/ui-comprehensive-UI-Compre-82d8b-uld-support-user-management-webkit/video.webm
    ────────────────────────────────────────────────────────────────────────────────────────────────

    Error Context: ../../test-results/ui-comprehensive-UI-Compre-82d8b-uld-support-user-management-webkit/error-context.md
]]>
</failure>
<system-out>
<![CDATA[
[[ATTACHMENT|ui-comprehensive-UI-Compre-82d8b-uld-support-user-management-webkit/test-failed-1.png]]

[[ATTACHMENT|ui-comprehensive-UI-Compre-82d8b-uld-support-user-management-webkit/video.webm]]

[[ATTACHMENT|ui-comprehensive-UI-Compre-82d8b-uld-support-user-management-webkit/error-context.md]]
]]>
</system-out>
</testcase>
<testcase name="UI Comprehensive Tests › Admin Panel UI › should support role management" classname="ui-comprehensive.spec.ts" time="30.044">
<failure message="ui-comprehensive.spec.ts:185:5 should support role management" type="FAILURE">
<![CDATA[  [webkit] › ui-comprehensive.spec.ts:185:5 › UI Comprehensive Tests › Admin Panel UI › should support role management 

    Test timeout of 30000ms exceeded while running "beforeEach" hook.

      142 |
      143 |   test.describe('Admin Panel UI', () => {
    > 144 |     test.beforeEach(async () => {
          |          ^
      145 |       // Navigate to admin page
      146 |       await page.click('text=Admin');
      147 |     });
        at /Users/aomira/Documents/Work/MOCT/Dev/tawasal.moct.gov.sy/tests/e2e/ui-comprehensive.spec.ts:144:10

    Error: page.click: Test timeout of 30000ms exceeded.
    Call log:
      - waiting for locator('text=Admin')


      144 |     test.beforeEach(async () => {
      145 |       // Navigate to admin page
    > 146 |       await page.click('text=Admin');
          |                  ^
      147 |     });
      148 |
      149 |     test('should display admin dashboard', async () => {
        at /Users/aomira/Documents/Work/MOCT/Dev/tawasal.moct.gov.sy/tests/e2e/ui-comprehensive.spec.ts:146:18

    attachment #1: screenshot (image/png) ──────────────────────────────────────────────────────────
    ../../test-results/ui-comprehensive-UI-Compre-0d49a-uld-support-role-management-webkit/test-failed-1.png
    ────────────────────────────────────────────────────────────────────────────────────────────────

    attachment #2: video (video/webm) ──────────────────────────────────────────────────────────────
    ../../test-results/ui-comprehensive-UI-Compre-0d49a-uld-support-role-management-webkit/video.webm
    ────────────────────────────────────────────────────────────────────────────────────────────────

    Error Context: ../../test-results/ui-comprehensive-UI-Compre-0d49a-uld-support-role-management-webkit/error-context.md
]]>
</failure>
<system-out>
<![CDATA[
[[ATTACHMENT|ui-comprehensive-UI-Compre-0d49a-uld-support-role-management-webkit/test-failed-1.png]]

[[ATTACHMENT|ui-comprehensive-UI-Compre-0d49a-uld-support-role-management-webkit/video.webm]]

[[ATTACHMENT|ui-comprehensive-UI-Compre-0d49a-uld-support-role-management-webkit/error-context.md]]
]]>
</system-out>
</testcase>
<testcase name="UI Comprehensive Tests › Admin Panel UI › should support audit logs viewer" classname="ui-comprehensive.spec.ts" time="30.047">
<failure message="ui-comprehensive.spec.ts:199:5 should support audit logs viewer" type="FAILURE">
<![CDATA[  [webkit] › ui-comprehensive.spec.ts:199:5 › UI Comprehensive Tests › Admin Panel UI › should support audit logs viewer 

    Test timeout of 30000ms exceeded while running "beforeEach" hook.

      142 |
      143 |   test.describe('Admin Panel UI', () => {
    > 144 |     test.beforeEach(async () => {
          |          ^
      145 |       // Navigate to admin page
      146 |       await page.click('text=Admin');
      147 |     });
        at /Users/aomira/Documents/Work/MOCT/Dev/tawasal.moct.gov.sy/tests/e2e/ui-comprehensive.spec.ts:144:10

    Error: page.click: Test timeout of 30000ms exceeded.
    Call log:
      - waiting for locator('text=Admin')


      144 |     test.beforeEach(async () => {
      145 |       // Navigate to admin page
    > 146 |       await page.click('text=Admin');
          |                  ^
      147 |     });
      148 |
      149 |     test('should display admin dashboard', async () => {
        at /Users/aomira/Documents/Work/MOCT/Dev/tawasal.moct.gov.sy/tests/e2e/ui-comprehensive.spec.ts:146:18

    attachment #1: screenshot (image/png) ──────────────────────────────────────────────────────────
    ../../test-results/ui-comprehensive-UI-Compre-adfb3-d-support-audit-logs-viewer-webkit/test-failed-1.png
    ────────────────────────────────────────────────────────────────────────────────────────────────

    attachment #2: video (video/webm) ──────────────────────────────────────────────────────────────
    ../../test-results/ui-comprehensive-UI-Compre-adfb3-d-support-audit-logs-viewer-webkit/video.webm
    ────────────────────────────────────────────────────────────────────────────────────────────────

    Error Context: ../../test-results/ui-comprehensive-UI-Compre-adfb3-d-support-audit-logs-viewer-webkit/error-context.md
]]>
</failure>
<system-out>
<![CDATA[
[[ATTACHMENT|ui-comprehensive-UI-Compre-adfb3-d-support-audit-logs-viewer-webkit/test-failed-1.png]]

[[ATTACHMENT|ui-comprehensive-UI-Compre-adfb3-d-support-audit-logs-viewer-webkit/video.webm]]

[[ATTACHMENT|ui-comprehensive-UI-Compre-adfb3-d-support-audit-logs-viewer-webkit/error-context.md]]
]]>
</system-out>
</testcase>
<testcase name="UI Comprehensive Tests › Admin Panel UI › should support encryption management" classname="ui-comprehensive.spec.ts" time="30.133">
<failure message="ui-comprehensive.spec.ts:209:5 should support encryption management" type="FAILURE">
<![CDATA[  [webkit] › ui-comprehensive.spec.ts:209:5 › UI Comprehensive Tests › Admin Panel UI › should support encryption management 

    Test timeout of 30000ms exceeded while running "beforeEach" hook.

      142 |
      143 |   test.describe('Admin Panel UI', () => {
    > 144 |     test.beforeEach(async () => {
          |          ^
      145 |       // Navigate to admin page
      146 |       await page.click('text=Admin');
      147 |     });
        at /Users/aomira/Documents/Work/MOCT/Dev/tawasal.moct.gov.sy/tests/e2e/ui-comprehensive.spec.ts:144:10

    Error: page.click: Test timeout of 30000ms exceeded.
    Call log:
      - waiting for locator('text=Admin')


      144 |     test.beforeEach(async () => {
      145 |       // Navigate to admin page
    > 146 |       await page.click('text=Admin');
          |                  ^
      147 |     });
      148 |
      149 |     test('should display admin dashboard', async () => {
        at /Users/aomira/Documents/Work/MOCT/Dev/tawasal.moct.gov.sy/tests/e2e/ui-comprehensive.spec.ts:146:18

    attachment #1: screenshot (image/png) ──────────────────────────────────────────────────────────
    ../../test-results/ui-comprehensive-UI-Compre-65da1-pport-encryption-management-webkit/test-failed-1.png
    ────────────────────────────────────────────────────────────────────────────────────────────────

    attachment #2: video (video/webm) ──────────────────────────────────────────────────────────────
    ../../test-results/ui-comprehensive-UI-Compre-65da1-pport-encryption-management-webkit/video.webm
    ────────────────────────────────────────────────────────────────────────────────────────────────

    Error Context: ../../test-results/ui-comprehensive-UI-Compre-65da1-pport-encryption-management-webkit/error-context.md
]]>
</failure>
<system-out>
<![CDATA[
[[ATTACHMENT|ui-comprehensive-UI-Compre-65da1-pport-encryption-management-webkit/test-failed-1.png]]

[[ATTACHMENT|ui-comprehensive-UI-Compre-65da1-pport-encryption-management-webkit/video.webm]]

[[ATTACHMENT|ui-comprehensive-UI-Compre-65da1-pport-encryption-management-webkit/error-context.md]]
]]>
</system-out>
</testcase>
<testcase name="UI Comprehensive Tests › Analytics Dashboard UI › should display analytics dashboard" classname="ui-comprehensive.spec.ts" time="2.147">
<failure message="ui-comprehensive.spec.ts:226:5 should display analytics dashboard" type="FAILURE">
<![CDATA[  [webkit] › ui-comprehensive.spec.ts:226:5 › UI Comprehensive Tests › Analytics Dashboard UI › should display analytics dashboard 

    Error: page.click: Target page, context or browser has been closed
    Call log:
      - waiting for locator('text=Analytics')


      221 |     test.beforeEach(async () => {
      222 |       // Navigate to analytics
    > 223 |       await page.click('text=Analytics');
          |                  ^
      224 |     });
      225 |
      226 |     test('should display analytics dashboard', async () => {
        at /Users/aomira/Documents/Work/MOCT/Dev/tawasal.moct.gov.sy/tests/e2e/ui-comprehensive.spec.ts:223:18

    attachment #1: video (video/webm) ──────────────────────────────────────────────────────────────
    ../../test-results/ui-comprehensive-UI-Compre-f7374-display-analytics-dashboard-webkit/video.webm
    ────────────────────────────────────────────────────────────────────────────────────────────────
]]>
</failure>
<system-out>
<![CDATA[
[[ATTACHMENT|ui-comprehensive-UI-Compre-f7374-display-analytics-dashboard-webkit/video.webm]]
]]>
</system-out>
</testcase>
<testcase name="UI Comprehensive Tests › Analytics Dashboard UI › should display charts and graphs" classname="ui-comprehensive.spec.ts" time="30.049">
<failure message="ui-comprehensive.spec.ts:233:5 should display charts and graphs" type="FAILURE">
<![CDATA[  [webkit] › ui-comprehensive.spec.ts:233:5 › UI Comprehensive Tests › Analytics Dashboard UI › should display charts and graphs 

    Test timeout of 30000ms exceeded while running "beforeEach" hook.

      219 |
      220 |   test.describe('Analytics Dashboard UI', () => {
    > 221 |     test.beforeEach(async () => {
          |          ^
      222 |       // Navigate to analytics
      223 |       await page.click('text=Analytics');
      224 |     });
        at /Users/aomira/Documents/Work/MOCT/Dev/tawasal.moct.gov.sy/tests/e2e/ui-comprehensive.spec.ts:221:10

    Error: page.click: Test timeout of 30000ms exceeded.
    Call log:
      - waiting for locator('text=Analytics')


      221 |     test.beforeEach(async () => {
      222 |       // Navigate to analytics
    > 223 |       await page.click('text=Analytics');
          |                  ^
      224 |     });
      225 |
      226 |     test('should display analytics dashboard', async () => {
        at /Users/aomira/Documents/Work/MOCT/Dev/tawasal.moct.gov.sy/tests/e2e/ui-comprehensive.spec.ts:223:18

    attachment #1: screenshot (image/png) ──────────────────────────────────────────────────────────
    ../../test-results/ui-comprehensive-UI-Compre-c17c7-d-display-charts-and-graphs-webkit/test-failed-1.png
    ────────────────────────────────────────────────────────────────────────────────────────────────

    attachment #2: video (video/webm) ──────────────────────────────────────────────────────────────
    ../../test-results/ui-comprehensive-UI-Compre-c17c7-d-display-charts-and-graphs-webkit/video.webm
    ────────────────────────────────────────────────────────────────────────────────────────────────

    Error Context: ../../test-results/ui-comprehensive-UI-Compre-c17c7-d-display-charts-and-graphs-webkit/error-context.md
]]>
</failure>
<system-out>
<![CDATA[
[[ATTACHMENT|ui-comprehensive-UI-Compre-c17c7-d-display-charts-and-graphs-webkit/test-failed-1.png]]

[[ATTACHMENT|ui-comprehensive-UI-Compre-c17c7-d-display-charts-and-graphs-webkit/video.webm]]

[[ATTACHMENT|ui-comprehensive-UI-Compre-c17c7-d-display-charts-and-graphs-webkit/error-context.md]]
]]>
</system-out>
</testcase>
<testcase name="UI Comprehensive Tests › Analytics Dashboard UI › should support real-time updates" classname="ui-comprehensive.spec.ts" time="0.932">
<failure message="ui-comprehensive.spec.ts:240:5 should support real-time updates" type="FAILURE">
<![CDATA[  [webkit] › ui-comprehensive.spec.ts:240:5 › UI Comprehensive Tests › Analytics Dashboard UI › should support real-time updates 

    Error: page.click: Target page, context or browser has been closed
    Call log:
      - waiting for locator('text=Analytics')


      221 |     test.beforeEach(async () => {
      222 |       // Navigate to analytics
    > 223 |       await page.click('text=Analytics');
          |                  ^
      224 |     });
      225 |
      226 |     test('should display analytics dashboard', async () => {
        at /Users/aomira/Documents/Work/MOCT/Dev/tawasal.moct.gov.sy/tests/e2e/ui-comprehensive.spec.ts:223:18

    attachment #1: video (video/webm) ──────────────────────────────────────────────────────────────
    ../../test-results/ui-comprehensive-UI-Compre-36cfa-d-support-real-time-updates-webkit/video.webm
    ────────────────────────────────────────────────────────────────────────────────────────────────
]]>
</failure>
<system-out>
<![CDATA[
[[ATTACHMENT|ui-comprehensive-UI-Compre-36cfa-d-support-real-time-updates-webkit/video.webm]]
]]>
</system-out>
</testcase>
<testcase name="UI Comprehensive Tests › Analytics Dashboard UI › should support filtering and date ranges" classname="ui-comprehensive.spec.ts" time="3.764">
<failure message="ui-comprehensive.spec.ts:246:5 should support filtering and date ranges" type="FAILURE">
<![CDATA[  [webkit] › ui-comprehensive.spec.ts:246:5 › UI Comprehensive Tests › Analytics Dashboard UI › should support filtering and date ranges 

    Error: page.click: Target page, context or browser has been closed
    Call log:
      - waiting for locator('text=Analytics')


      221 |     test.beforeEach(async () => {
      222 |       // Navigate to analytics
    > 223 |       await page.click('text=Analytics');
          |                  ^
      224 |     });
      225 |
      226 |     test('should display analytics dashboard', async () => {
        at /Users/aomira/Documents/Work/MOCT/Dev/tawasal.moct.gov.sy/tests/e2e/ui-comprehensive.spec.ts:223:18

    attachment #1: video (video/webm) ──────────────────────────────────────────────────────────────
    ../../test-results/ui-comprehensive-UI-Compre-46bfb-t-filtering-and-date-ranges-webkit/video.webm
    ────────────────────────────────────────────────────────────────────────────────────────────────
]]>
</failure>
<system-out>
<![CDATA[
[[ATTACHMENT|ui-comprehensive-UI-Compre-46bfb-t-filtering-and-date-ranges-webkit/video.webm]]
]]>
</system-out>
</testcase>
<testcase name="UI Comprehensive Tests › Authentication UI › should display login form" classname="ui-comprehensive.spec.ts" time="5.495">
<failure message="ui-comprehensive.spec.ts:258:5 should display login form" type="FAILURE">
<![CDATA[  [webkit] › ui-comprehensive.spec.ts:258:5 › UI Comprehensive Tests › Authentication UI › should display login form 

    Error: expect(locator).toBeVisible() failed

    Locator:  locator('[data-testid="login-form"]')
    Expected: visible
    Received: <element(s) not found>
    Timeout:  5000ms

    Call log:
      - Expect "toBeVisible" with timeout 5000ms
      - waiting for locator('[data-testid="login-form"]')


      261 |       
      262 |       // Check login form elements
    > 263 |       await expect(page.locator('[data-testid="login-form"]')).toBeVisible();
          |                                                                ^
      264 |       await expect(page.locator('[data-testid="username-input"]')).toBeVisible();
      265 |       await expect(page.locator('[data-testid="password-input"]')).toBeVisible();
      266 |       await expect(page.locator('[data-testid="login-button"]')).toBeVisible();
        at /Users/aomira/Documents/Work/MOCT/Dev/tawasal.moct.gov.sy/tests/e2e/ui-comprehensive.spec.ts:263:64

    attachment #1: screenshot (image/png) ──────────────────────────────────────────────────────────
    ../../test-results/ui-comprehensive-UI-Compre-da77d-I-should-display-login-form-webkit/test-failed-1.png
    ────────────────────────────────────────────────────────────────────────────────────────────────

    attachment #2: video (video/webm) ──────────────────────────────────────────────────────────────
    ../../test-results/ui-comprehensive-UI-Compre-da77d-I-should-display-login-form-webkit/video.webm
    ────────────────────────────────────────────────────────────────────────────────────────────────

    Error Context: ../../test-results/ui-comprehensive-UI-Compre-da77d-I-should-display-login-form-webkit/error-context.md
]]>
</failure>
<system-out>
<![CDATA[
[[ATTACHMENT|ui-comprehensive-UI-Compre-da77d-I-should-display-login-form-webkit/test-failed-1.png]]

[[ATTACHMENT|ui-comprehensive-UI-Compre-da77d-I-should-display-login-form-webkit/video.webm]]

[[ATTACHMENT|ui-comprehensive-UI-Compre-da77d-I-should-display-login-form-webkit/error-context.md]]
]]>
</system-out>
</testcase>
<testcase name="UI Comprehensive Tests › Authentication UI › should support MFA setup" classname="ui-comprehensive.spec.ts" time="5.502">
<failure message="ui-comprehensive.spec.ts:269:5 should support MFA setup" type="FAILURE">
<![CDATA[  [webkit] › ui-comprehensive.spec.ts:269:5 › UI Comprehensive Tests › Authentication UI › should support MFA setup 

    Error: expect(locator).toBeVisible() failed

    Locator:  locator('[data-testid="mfa-setup"]')
    Expected: visible
    Received: <element(s) not found>
    Timeout:  5000ms

    Call log:
      - Expect "toBeVisible" with timeout 5000ms
      - waiting for locator('[data-testid="mfa-setup"]')


      272 |       
      273 |       // Check MFA setup components
    > 274 |       await expect(page.locator('[data-testid="mfa-setup"]')).toBeVisible();
          |                                                               ^
      275 |       await expect(page.locator('[data-testid="qr-code"]')).toBeVisible();
      276 |       await expect(page.locator('[data-testid="backup-codes"]')).toBeVisible();
      277 |     });
        at /Users/aomira/Documents/Work/MOCT/Dev/tawasal.moct.gov.sy/tests/e2e/ui-comprehensive.spec.ts:274:63

    attachment #1: screenshot (image/png) ──────────────────────────────────────────────────────────
    ../../test-results/ui-comprehensive-UI-Compre-07349-UI-should-support-MFA-setup-webkit/test-failed-1.png
    ────────────────────────────────────────────────────────────────────────────────────────────────

    attachment #2: video (video/webm) ──────────────────────────────────────────────────────────────
    ../../test-results/ui-comprehensive-UI-Compre-07349-UI-should-support-MFA-setup-webkit/video.webm
    ────────────────────────────────────────────────────────────────────────────────────────────────

    Error Context: ../../test-results/ui-comprehensive-UI-Compre-07349-UI-should-support-MFA-setup-webkit/error-context.md
]]>
</failure>
<system-out>
<![CDATA[
[[ATTACHMENT|ui-comprehensive-UI-Compre-07349-UI-should-support-MFA-setup-webkit/test-failed-1.png]]

[[ATTACHMENT|ui-comprehensive-UI-Compre-07349-UI-should-support-MFA-setup-webkit/video.webm]]

[[ATTACHMENT|ui-comprehensive-UI-Compre-07349-UI-should-support-MFA-setup-webkit/error-context.md]]
]]>
</system-out>
</testcase>
<testcase name="UI Comprehensive Tests › Authentication UI › should support MFA verification" classname="ui-comprehensive.spec.ts" time="5.551">
<failure message="ui-comprehensive.spec.ts:279:5 should support MFA verification" type="FAILURE">
<![CDATA[  [webkit] › ui-comprehensive.spec.ts:279:5 › UI Comprehensive Tests › Authentication UI › should support MFA verification 

    Error: expect(locator).toBeVisible() failed

    Locator:  locator('[data-testid="mfa-verification"]')
    Expected: visible
    Received: <element(s) not found>
    Timeout:  5000ms

    Call log:
      - Expect "toBeVisible" with timeout 5000ms
      - waiting for locator('[data-testid="mfa-verification"]')


      282 |       
      283 |       // Check MFA verification components
    > 284 |       await expect(page.locator('[data-testid="mfa-verification"]')).toBeVisible();
          |                                                                      ^
      285 |       await expect(page.locator('[data-testid="mfa-code-input"]')).toBeVisible();
      286 |       await expect(page.locator('[data-testid="verify-button"]')).toBeVisible();
      287 |     });
        at /Users/aomira/Documents/Work/MOCT/Dev/tawasal.moct.gov.sy/tests/e2e/ui-comprehensive.spec.ts:284:70

    attachment #1: screenshot (image/png) ──────────────────────────────────────────────────────────
    ../../test-results/ui-comprehensive-UI-Compre-ad05e-ld-support-MFA-verification-webkit/test-failed-1.png
    ────────────────────────────────────────────────────────────────────────────────────────────────

    attachment #2: video (video/webm) ──────────────────────────────────────────────────────────────
    ../../test-results/ui-comprehensive-UI-Compre-ad05e-ld-support-MFA-verification-webkit/video.webm
    ────────────────────────────────────────────────────────────────────────────────────────────────

    Error Context: ../../test-results/ui-comprehensive-UI-Compre-ad05e-ld-support-MFA-verification-webkit/error-context.md
]]>
</failure>
<system-out>
<![CDATA[
[[ATTACHMENT|ui-comprehensive-UI-Compre-ad05e-ld-support-MFA-verification-webkit/test-failed-1.png]]

[[ATTACHMENT|ui-comprehensive-UI-Compre-ad05e-ld-support-MFA-verification-webkit/video.webm]]

[[ATTACHMENT|ui-comprehensive-UI-Compre-ad05e-ld-support-MFA-verification-webkit/error-context.md]]
]]>
</system-out>
</testcase>
<testcase name="UI Comprehensive Tests › Accessibility Tests › should have proper ARIA labels" classname="ui-comprehensive.spec.ts" time="5.544">
<failure message="ui-comprehensive.spec.ts:291:5 should have proper ARIA labels" type="FAILURE">
<![CDATA[  [webkit] › ui-comprehensive.spec.ts:291:5 › UI Comprehensive Tests › Accessibility Tests › should have proper ARIA labels 

    Error: expect(locator).toHaveAttribute() failed

    Locator:  locator('button').first()
    Expected: have attribute
    Received: <element(s) not found>
    Timeout:  5000ms

    Call log:
      - Expect "toHaveAttribute" with timeout 5000ms
      - waiting for locator('button').first()


      293 |       const buttons = page.locator('button');
      294 |       const firstButton = buttons.first();
    > 295 |       await expect(firstButton).toHaveAttribute('aria-label');
          |                                 ^
      296 |     });
      297 |
      298 |     test('should support keyboard navigation', async () => {
        at /Users/aomira/Documents/Work/MOCT/Dev/tawasal.moct.gov.sy/tests/e2e/ui-comprehensive.spec.ts:295:33

    attachment #1: screenshot (image/png) ──────────────────────────────────────────────────────────
    ../../test-results/ui-comprehensive-UI-Compre-64b2b-uld-have-proper-ARIA-labels-webkit/test-failed-1.png
    ────────────────────────────────────────────────────────────────────────────────────────────────

    attachment #2: video (video/webm) ──────────────────────────────────────────────────────────────
    ../../test-results/ui-comprehensive-UI-Compre-64b2b-uld-have-proper-ARIA-labels-webkit/video.webm
    ────────────────────────────────────────────────────────────────────────────────────────────────

    Error Context: ../../test-results/ui-comprehensive-UI-Compre-64b2b-uld-have-proper-ARIA-labels-webkit/error-context.md
]]>
</failure>
<system-out>
<![CDATA[
[[ATTACHMENT|ui-comprehensive-UI-Compre-64b2b-uld-have-proper-ARIA-labels-webkit/test-failed-1.png]]

[[ATTACHMENT|ui-comprehensive-UI-Compre-64b2b-uld-have-proper-ARIA-labels-webkit/video.webm]]

[[ATTACHMENT|ui-comprehensive-UI-Compre-64b2b-uld-have-proper-ARIA-labels-webkit/error-context.md]]
]]>
</system-out>
</testcase>
<testcase name="UI Comprehensive Tests › Accessibility Tests › should support keyboard navigation" classname="ui-comprehensive.spec.ts" time="5.501">
<failure message="ui-comprehensive.spec.ts:298:5 should support keyboard navigation" type="FAILURE">
<![CDATA[  [webkit] › ui-comprehensive.spec.ts:298:5 › UI Comprehensive Tests › Accessibility Tests › should support keyboard navigation 

    Error: expect(locator).toBeVisible() failed

    Locator:  locator(':focus')
    Expected: visible
    Received: <element(s) not found>
    Timeout:  5000ms

    Call log:
      - Expect "toBeVisible" with timeout 5000ms
      - waiting for locator(':focus')


      304 |       // Check if focus is visible
      305 |       const focusedElement = page.locator(':focus');
    > 306 |       await expect(focusedElement).toBeVisible();
          |                                    ^
      307 |     });
      308 |
      309 |     test('should have proper color contrast', async () => {
        at /Users/aomira/Documents/Work/MOCT/Dev/tawasal.moct.gov.sy/tests/e2e/ui-comprehensive.spec.ts:306:36

    attachment #1: screenshot (image/png) ──────────────────────────────────────────────────────────
    ../../test-results/ui-comprehensive-UI-Compre-2258e-support-keyboard-navigation-webkit/test-failed-1.png
    ────────────────────────────────────────────────────────────────────────────────────────────────

    attachment #2: video (video/webm) ──────────────────────────────────────────────────────────────
    ../../test-results/ui-comprehensive-UI-Compre-2258e-support-keyboard-navigation-webkit/video.webm
    ────────────────────────────────────────────────────────────────────────────────────────────────

    Error Context: ../../test-results/ui-comprehensive-UI-Compre-2258e-support-keyboard-navigation-webkit/error-context.md
]]>
</failure>
<system-out>
<![CDATA[
[[ATTACHMENT|ui-comprehensive-UI-Compre-2258e-support-keyboard-navigation-webkit/test-failed-1.png]]

[[ATTACHMENT|ui-comprehensive-UI-Compre-2258e-support-keyboard-navigation-webkit/video.webm]]

[[ATTACHMENT|ui-comprehensive-UI-Compre-2258e-support-keyboard-navigation-webkit/error-context.md]]
]]>
</system-out>
</testcase>
<testcase name="UI Comprehensive Tests › Accessibility Tests › should have proper color contrast" classname="ui-comprehensive.spec.ts" time="0.418">
</testcase>
<testcase name="UI Comprehensive Tests › Performance Tests › should load within acceptable time" classname="ui-comprehensive.spec.ts" time="0.262">
</testcase>
<testcase name="UI Comprehensive Tests › Performance Tests › should have good Lighthouse scores" classname="ui-comprehensive.spec.ts" time="0.408">
</testcase>
<testcase name="UI Comprehensive Tests › Error Handling UI › should display proper error messages" classname="ui-comprehensive.spec.ts" time="5.582">
<failure message="ui-comprehensive.spec.ts:337:5 should display proper error messages" type="FAILURE">
<![CDATA[  [webkit] › ui-comprehensive.spec.ts:337:5 › UI Comprehensive Tests › Error Handling UI › should display proper error messages 

    Error: expect(locator).toBeVisible() failed

    Locator:  locator('text=404')
    Expected: visible
    Received: <element(s) not found>
    Timeout:  5000ms

    Call log:
      - Expect "toBeVisible" with timeout 5000ms
      - waiting for locator('text=404')


      338 |       // Test 404 page
      339 |       await page.goto('http://localhost:3000/nonexistent-page');
    > 340 |       await expect(page.locator('text=404')).toBeVisible();
          |                                              ^
      341 |     });
      342 |
      343 |     test('should handle network errors gracefully', async () => {
        at /Users/aomira/Documents/Work/MOCT/Dev/tawasal.moct.gov.sy/tests/e2e/ui-comprehensive.spec.ts:340:46

    attachment #1: screenshot (image/png) ──────────────────────────────────────────────────────────
    ../../test-results/ui-comprehensive-UI-Compre-316dd-splay-proper-error-messages-webkit/test-failed-1.png
    ────────────────────────────────────────────────────────────────────────────────────────────────

    attachment #2: video (video/webm) ──────────────────────────────────────────────────────────────
    ../../test-results/ui-comprehensive-UI-Compre-316dd-splay-proper-error-messages-webkit/video.webm
    ────────────────────────────────────────────────────────────────────────────────────────────────

    Error Context: ../../test-results/ui-comprehensive-UI-Compre-316dd-splay-proper-error-messages-webkit/error-context.md
]]>
</failure>
<system-out>
<![CDATA[
[[ATTACHMENT|ui-comprehensive-UI-Compre-316dd-splay-proper-error-messages-webkit/test-failed-1.png]]

[[ATTACHMENT|ui-comprehensive-UI-Compre-316dd-splay-proper-error-messages-webkit/video.webm]]

[[ATTACHMENT|ui-comprehensive-UI-Compre-316dd-splay-proper-error-messages-webkit/error-context.md]]
]]>
</system-out>
</testcase>
<testcase name="UI Comprehensive Tests › Error Handling UI › should handle network errors gracefully" classname="ui-comprehensive.spec.ts" time="0.588">
<failure message="ui-comprehensive.spec.ts:343:5 should handle network errors gracefully" type="FAILURE">
<![CDATA[  [webkit] › ui-comprehensive.spec.ts:343:5 › UI Comprehensive Tests › Error Handling UI › should handle network errors gracefully 

    Error: page.goto: Blocked by Web Inspector
    Call log:
      - navigating to "http://localhost:3000/", waiting until "load"


      345 |       await page.route('**/*', route => route.abort());
      346 |       
    > 347 |       await page.goto('http://localhost:3000');
          |                  ^
      348 |       // Should show error message or retry button
      349 |     });
      350 |   });
        at /Users/aomira/Documents/Work/MOCT/Dev/tawasal.moct.gov.sy/tests/e2e/ui-comprehensive.spec.ts:347:18

    attachment #1: screenshot (image/png) ──────────────────────────────────────────────────────────
    ../../test-results/ui-comprehensive-UI-Compre-76a7f-e-network-errors-gracefully-webkit/test-failed-1.png
    ────────────────────────────────────────────────────────────────────────────────────────────────

    attachment #2: video (video/webm) ──────────────────────────────────────────────────────────────
    ../../test-results/ui-comprehensive-UI-Compre-76a7f-e-network-errors-gracefully-webkit/video.webm
    ────────────────────────────────────────────────────────────────────────────────────────────────

    Error Context: ../../test-results/ui-comprehensive-UI-Compre-76a7f-e-network-errors-gracefully-webkit/error-context.md
]]>
</failure>
<system-out>
<![CDATA[
[[ATTACHMENT|ui-comprehensive-UI-Compre-76a7f-e-network-errors-gracefully-webkit/test-failed-1.png]]

[[ATTACHMENT|ui-comprehensive-UI-Compre-76a7f-e-network-errors-gracefully-webkit/video.webm]]

[[ATTACHMENT|ui-comprehensive-UI-Compre-76a7f-e-network-errors-gracefully-webkit/error-context.md]]
]]>
</system-out>
</testcase>
<testcase name="UI Comprehensive Tests › Internationalization UI › should support language switching" classname="ui-comprehensive.spec.ts" time="5.555">
<failure message="ui-comprehensive.spec.ts:353:5 should support language switching" type="FAILURE">
<![CDATA[  [webkit] › ui-comprehensive.spec.ts:353:5 › UI Comprehensive Tests › Internationalization UI › should support language switching 

    Error: expect(locator).toBeVisible() failed

    Locator:  locator('[data-testid="language-selector"]')
    Expected: visible
    Received: <element(s) not found>
    Timeout:  5000ms

    Call log:
      - Expect "toBeVisible" with timeout 5000ms
      - waiting for locator('[data-testid="language-selector"]')


      353 |     test('should support language switching', async () => {
      354 |       // Check if language selector is present
    > 355 |       await expect(page.locator('[data-testid="language-selector"]')).toBeVisible();
          |                                                                       ^
      356 |       
      357 |       // Test language switching
      358 |       await page.click('[data-testid="language-selector"]');
        at /Users/aomira/Documents/Work/MOCT/Dev/tawasal.moct.gov.sy/tests/e2e/ui-comprehensive.spec.ts:355:71

    attachment #1: screenshot (image/png) ──────────────────────────────────────────────────────────
    ../../test-results/ui-comprehensive-UI-Compre-299a2--support-language-switching-webkit/test-failed-1.png
    ────────────────────────────────────────────────────────────────────────────────────────────────

    attachment #2: video (video/webm) ──────────────────────────────────────────────────────────────
    ../../test-results/ui-comprehensive-UI-Compre-299a2--support-language-switching-webkit/video.webm
    ────────────────────────────────────────────────────────────────────────────────────────────────

    Error Context: ../../test-results/ui-comprehensive-UI-Compre-299a2--support-language-switching-webkit/error-context.md
]]>
</failure>
<system-out>
<![CDATA[
[[ATTACHMENT|ui-comprehensive-UI-Compre-299a2--support-language-switching-webkit/test-failed-1.png]]

[[ATTACHMENT|ui-comprehensive-UI-Compre-299a2--support-language-switching-webkit/video.webm]]

[[ATTACHMENT|ui-comprehensive-UI-Compre-299a2--support-language-switching-webkit/error-context.md]]
]]>
</system-out>
</testcase>
<testcase name="UI Comprehensive Tests › Internationalization UI › should support RTL layout for Arabic" classname="ui-comprehensive.spec.ts" time="28.051">
<failure message="ui-comprehensive.spec.ts:365:5 should support RTL layout for Arabic" type="FAILURE">
<![CDATA[  [webkit] › ui-comprehensive.spec.ts:365:5 › UI Comprehensive Tests › Internationalization UI › should support RTL layout for Arabic 

    Error: page.click: Target page, context or browser has been closed
    Call log:
      - waiting for locator('[data-testid="language-selector"]')


      365 |     test('should support RTL layout for Arabic', async () => {
      366 |       // Switch to Arabic
    > 367 |       await page.click('[data-testid="language-selector"]');
          |                  ^
      368 |       await page.click('[data-testid="language-ar"]');
      369 |       
      370 |       // Check if RTL is applied
        at /Users/aomira/Documents/Work/MOCT/Dev/tawasal.moct.gov.sy/tests/e2e/ui-comprehensive.spec.ts:367:18

    attachment #1: video (video/webm) ──────────────────────────────────────────────────────────────
    ../../test-results/ui-comprehensive-UI-Compre-3e647-pport-RTL-layout-for-Arabic-webkit/video.webm
    ────────────────────────────────────────────────────────────────────────────────────────────────
]]>
</failure>
<system-out>
<![CDATA[
[[ATTACHMENT|ui-comprehensive-UI-Compre-3e647-pport-RTL-layout-for-Arabic-webkit/video.webm]]
]]>
</system-out>
</testcase>
</testsuite>
<testsuite name="ui-comprehensive.spec.ts" timestamp="2025-09-22T03:04:54.793Z" hostname="Mobile Chrome" tests="33" failures="30" skipped="0" time="42.338" errors="0">
<testcase name="UI Comprehensive Tests › Landing Page UI › should display the main navigation correctly" classname="ui-comprehensive.spec.ts" time="4.414">
<failure message="ui-comprehensive.spec.ts:12:5 should display the main navigation correctly" type="FAILURE">
<![CDATA[  [Mobile Chrome] › ui-comprehensive.spec.ts:12:5 › UI Comprehensive Tests › Landing Page UI › should display the main navigation correctly 

    Error: expect(locator).toBeVisible() failed

    Locator:  locator('nav')
    Expected: visible
    Received: <element(s) not found>

    Call log:
      - Expect "toBeVisible" with timeout 5000ms
      - waiting for locator('nav')


      12 |     test('should display the main navigation correctly', async () => {
      13 |       // Check if the main navigation elements are present
    > 14 |       await expect(page.locator('nav')).toBeVisible();
         |                                         ^
      15 |       await expect(page.locator('text=Ministry Platform')).toBeVisible();
      16 |       
      17 |       // Check for main navigation links
        at /Users/aomira/Documents/Work/MOCT/Dev/tawasal.moct.gov.sy/tests/e2e/ui-comprehensive.spec.ts:14:41

    attachment #1: video (video/webm) ──────────────────────────────────────────────────────────────
    ../../test-results/ui-comprehensive-UI-Compre-f02f4-e-main-navigation-correctly-Mobile-Chrome/video.webm
    ────────────────────────────────────────────────────────────────────────────────────────────────
]]>
</failure>
<system-out>
<![CDATA[
[[ATTACHMENT|ui-comprehensive-UI-Compre-f02f4-e-main-navigation-correctly-Mobile-Chrome/video.webm]]
]]>
</system-out>
</testcase>
<testcase name="UI Comprehensive Tests › Landing Page UI › should have responsive design" classname="ui-comprehensive.spec.ts" time="4.627">
<failure message="ui-comprehensive.spec.ts:22:5 should have responsive design" type="FAILURE">
<![CDATA[  [Mobile Chrome] › ui-comprehensive.spec.ts:22:5 › UI Comprehensive Tests › Landing Page UI › should have responsive design 

    Error: expect(locator).toBeVisible() failed

    Locator:  locator('nav')
    Expected: visible
    Received: <element(s) not found>

    Call log:
      - Expect "toBeVisible" with timeout 5000ms
      - waiting for locator('nav')


      23 |       // Test mobile viewport
      24 |       await page.setViewportSize({ width: 375, height: 667 });
    > 25 |       await expect(page.locator('nav')).toBeVisible();
         |                                         ^
      26 |       
      27 |       // Test tablet viewport
      28 |       await page.setViewportSize({ width: 768, height: 1024 });
        at /Users/aomira/Documents/Work/MOCT/Dev/tawasal.moct.gov.sy/tests/e2e/ui-comprehensive.spec.ts:25:41

    attachment #1: video (video/webm) ──────────────────────────────────────────────────────────────
    ../../test-results/ui-comprehensive-UI-Compre-22532-ould-have-responsive-design-Mobile-Chrome/video.webm
    ────────────────────────────────────────────────────────────────────────────────────────────────
]]>
</failure>
<system-out>
<![CDATA[
[[ATTACHMENT|ui-comprehensive-UI-Compre-22532-ould-have-responsive-design-Mobile-Chrome/video.webm]]
]]>
</system-out>
</testcase>
<testcase name="UI Comprehensive Tests › Landing Page UI › should display proper error handling for tenant not found" classname="ui-comprehensive.spec.ts" time="0.443">
</testcase>
<testcase name="UI Comprehensive Tests › Form Builder UI › should display form builder interface" classname="ui-comprehensive.spec.ts" time="2.031">
<failure message="ui-comprehensive.spec.ts:48:5 should display form builder interface" type="FAILURE">
<![CDATA[  [Mobile Chrome] › ui-comprehensive.spec.ts:48:5 › UI Comprehensive Tests › Form Builder UI › should display form builder interface 

    Error: page.click: Target page, context or browser has been closed
    Call log:
      - waiting for locator('text=Forms')


      43 |     test.beforeEach(async () => {
      44 |       // Navigate to forms page
    > 45 |       await page.click('text=Forms');
         |                  ^
      46 |     });
      47 |
      48 |     test('should display form builder interface', async () => {
        at /Users/aomira/Documents/Work/MOCT/Dev/tawasal.moct.gov.sy/tests/e2e/ui-comprehensive.spec.ts:45:18

    attachment #1: video (video/webm) ──────────────────────────────────────────────────────────────
    ../../test-results/ui-comprehensive-UI-Compre-2875b-play-form-builder-interface-Mobile-Chrome/video.webm
    ────────────────────────────────────────────────────────────────────────────────────────────────
]]>
</failure>
<system-out>
<![CDATA[
[[ATTACHMENT|ui-comprehensive-UI-Compre-2875b-play-form-builder-interface-Mobile-Chrome/video.webm]]
]]>
</system-out>
</testcase>
<testcase name="UI Comprehensive Tests › Form Builder UI › should have drag and drop functionality" classname="ui-comprehensive.spec.ts" time="0.522">
<failure message="ui-comprehensive.spec.ts:56:5 should have drag and drop functionality" type="FAILURE">
<![CDATA[  [Mobile Chrome] › ui-comprehensive.spec.ts:56:5 › UI Comprehensive Tests › Form Builder UI › should have drag and drop functionality 

    Error: page.click: Target page, context or browser has been closed
    Call log:
      - waiting for locator('text=Forms')


      43 |     test.beforeEach(async () => {
      44 |       // Navigate to forms page
    > 45 |       await page.click('text=Forms');
         |                  ^
      46 |     });
      47 |
      48 |     test('should display form builder interface', async () => {
        at /Users/aomira/Documents/Work/MOCT/Dev/tawasal.moct.gov.sy/tests/e2e/ui-comprehensive.spec.ts:45:18

    attachment #1: video (video/webm) ──────────────────────────────────────────────────────────────
    ../../test-results/ui-comprehensive-UI-Compre-ba17e-drag-and-drop-functionality-Mobile-Chrome/video.webm
    ────────────────────────────────────────────────────────────────────────────────────────────────
]]>
</failure>
<system-out>
<![CDATA[
[[ATTACHMENT|ui-comprehensive-UI-Compre-ba17e-drag-and-drop-functionality-Mobile-Chrome/video.webm]]
]]>
</system-out>
</testcase>
<testcase name="UI Comprehensive Tests › Form Builder UI › should display property panel when component is selected" classname="ui-comprehensive.spec.ts" time="1.93">
<failure message="ui-comprehensive.spec.ts:67:5 should display property panel when component is selected" type="FAILURE">
<![CDATA[  [Mobile Chrome] › ui-comprehensive.spec.ts:67:5 › UI Comprehensive Tests › Form Builder UI › should display property panel when component is selected 

    Error: page.click: Target page, context or browser has been closed
    Call log:
      - waiting for locator('text=Forms')


      43 |     test.beforeEach(async () => {
      44 |       // Navigate to forms page
    > 45 |       await page.click('text=Forms');
         |                  ^
      46 |     });
      47 |
      48 |     test('should display form builder interface', async () => {
        at /Users/aomira/Documents/Work/MOCT/Dev/tawasal.moct.gov.sy/tests/e2e/ui-comprehensive.spec.ts:45:18

    attachment #1: video (video/webm) ──────────────────────────────────────────────────────────────
    ../../test-results/ui-comprehensive-UI-Compre-4bcd4--when-component-is-selected-Mobile-Chrome/video.webm
    ────────────────────────────────────────────────────────────────────────────────────────────────
]]>
</failure>
<system-out>
<![CDATA[
[[ATTACHMENT|ui-comprehensive-UI-Compre-4bcd4--when-component-is-selected-Mobile-Chrome/video.webm]]
]]>
</system-out>
</testcase>
<testcase name="UI Comprehensive Tests › Form Builder UI › should support component customization" classname="ui-comprehensive.spec.ts" time="4.175">
<failure message="ui-comprehensive.spec.ts:80:5 should support component customization" type="FAILURE">
<![CDATA[  [Mobile Chrome] › ui-comprehensive.spec.ts:80:5 › UI Comprehensive Tests › Form Builder UI › should support component customization 

    Error: page.click: Target page, context or browser has been closed
    Call log:
      - waiting for locator('text=Forms')


      43 |     test.beforeEach(async () => {
      44 |       // Navigate to forms page
    > 45 |       await page.click('text=Forms');
         |                  ^
      46 |     });
      47 |
      48 |     test('should display form builder interface', async () => {
        at /Users/aomira/Documents/Work/MOCT/Dev/tawasal.moct.gov.sy/tests/e2e/ui-comprehensive.spec.ts:45:18

    attachment #1: video (video/webm) ──────────────────────────────────────────────────────────────
    ../../test-results/ui-comprehensive-UI-Compre-66f6a-ort-component-customization-Mobile-Chrome/video.webm
    ────────────────────────────────────────────────────────────────────────────────────────────────
]]>
</failure>
<system-out>
<![CDATA[
[[ATTACHMENT|ui-comprehensive-UI-Compre-66f6a-ort-component-customization-Mobile-Chrome/video.webm]]
]]>
</system-out>
</testcase>
<testcase name="UI Comprehensive Tests › Form Builder UI › should support conditional logic builder" classname="ui-comprehensive.spec.ts" time="0.506">
<failure message="ui-comprehensive.spec.ts:98:5 should support conditional logic builder" type="FAILURE">
<![CDATA[  [Mobile Chrome] › ui-comprehensive.spec.ts:98:5 › UI Comprehensive Tests › Form Builder UI › should support conditional logic builder 

    Error: page.click: Target page, context or browser has been closed
    Call log:
      - waiting for locator('text=Forms')


      43 |     test.beforeEach(async () => {
      44 |       // Navigate to forms page
    > 45 |       await page.click('text=Forms');
         |                  ^
      46 |     });
      47 |
      48 |     test('should display form builder interface', async () => {
        at /Users/aomira/Documents/Work/MOCT/Dev/tawasal.moct.gov.sy/tests/e2e/ui-comprehensive.spec.ts:45:18

    attachment #1: video (video/webm) ──────────────────────────────────────────────────────────────
    ../../test-results/ui-comprehensive-UI-Compre-ff3ab-t-conditional-logic-builder-Mobile-Chrome/video.webm
    ────────────────────────────────────────────────────────────────────────────────────────────────
]]>
</failure>
<system-out>
<![CDATA[
[[ATTACHMENT|ui-comprehensive-UI-Compre-ff3ab-t-conditional-logic-builder-Mobile-Chrome/video.webm]]
]]>
</system-out>
</testcase>
<testcase name="UI Comprehensive Tests › Form Builder UI › should support multi-step forms" classname="ui-comprehensive.spec.ts" time="0.524">
<failure message="ui-comprehensive.spec.ts:115:5 should support multi-step forms" type="FAILURE">
<![CDATA[  [Mobile Chrome] › ui-comprehensive.spec.ts:115:5 › UI Comprehensive Tests › Form Builder UI › should support multi-step forms 

    Error: page.click: Target page, context or browser has been closed
    Call log:
      - waiting for locator('text=Forms')


      43 |     test.beforeEach(async () => {
      44 |       // Navigate to forms page
    > 45 |       await page.click('text=Forms');
         |                  ^
      46 |     });
      47 |
      48 |     test('should display form builder interface', async () => {
        at /Users/aomira/Documents/Work/MOCT/Dev/tawasal.moct.gov.sy/tests/e2e/ui-comprehensive.spec.ts:45:18

    attachment #1: video (video/webm) ──────────────────────────────────────────────────────────────
    ../../test-results/ui-comprehensive-UI-Compre-96e2b-ld-support-multi-step-forms-Mobile-Chrome/video.webm
    ────────────────────────────────────────────────────────────────────────────────────────────────
]]>
</failure>
<system-out>
<![CDATA[
[[ATTACHMENT|ui-comprehensive-UI-Compre-96e2b-ld-support-multi-step-forms-Mobile-Chrome/video.webm]]
]]>
</system-out>
</testcase>
<testcase name="UI Comprehensive Tests › Form Builder UI › should support form templates" classname="ui-comprehensive.spec.ts" time="0.597">
<failure message="ui-comprehensive.spec.ts:125:5 should support form templates" type="FAILURE">
<![CDATA[  [Mobile Chrome] › ui-comprehensive.spec.ts:125:5 › UI Comprehensive Tests › Form Builder UI › should support form templates 

    Error: page.click: Target page, context or browser has been closed
    Call log:
      - waiting for locator('text=Forms')


      43 |     test.beforeEach(async () => {
      44 |       // Navigate to forms page
    > 45 |       await page.click('text=Forms');
         |                  ^
      46 |     });
      47 |
      48 |     test('should display form builder interface', async () => {
        at /Users/aomira/Documents/Work/MOCT/Dev/tawasal.moct.gov.sy/tests/e2e/ui-comprehensive.spec.ts:45:18

    attachment #1: video (video/webm) ──────────────────────────────────────────────────────────────
    ../../test-results/ui-comprehensive-UI-Compre-d3f6a-ould-support-form-templates-Mobile-Chrome/video.webm
    ────────────────────────────────────────────────────────────────────────────────────────────────
]]>
</failure>
<system-out>
<![CDATA[
[[ATTACHMENT|ui-comprehensive-UI-Compre-d3f6a-ould-support-form-templates-Mobile-Chrome/video.webm]]
]]>
</system-out>
</testcase>
<testcase name="UI Comprehensive Tests › Form Builder UI › should support form publishing workflow" classname="ui-comprehensive.spec.ts" time="0.469">
<failure message="ui-comprehensive.spec.ts:136:5 should support form publishing workflow" type="FAILURE">
<![CDATA[  [Mobile Chrome] › ui-comprehensive.spec.ts:136:5 › UI Comprehensive Tests › Form Builder UI › should support form publishing workflow 

    Error: page.click: Target page, context or browser has been closed
    Call log:
      - waiting for locator('text=Forms')


      43 |     test.beforeEach(async () => {
      44 |       // Navigate to forms page
    > 45 |       await page.click('text=Forms');
         |                  ^
      46 |     });
      47 |
      48 |     test('should display form builder interface', async () => {
        at /Users/aomira/Documents/Work/MOCT/Dev/tawasal.moct.gov.sy/tests/e2e/ui-comprehensive.spec.ts:45:18

    attachment #1: video (video/webm) ──────────────────────────────────────────────────────────────
    ../../test-results/ui-comprehensive-UI-Compre-67268-rt-form-publishing-workflow-Mobile-Chrome/video.webm
    ────────────────────────────────────────────────────────────────────────────────────────────────
]]>
</failure>
<system-out>
<![CDATA[
[[ATTACHMENT|ui-comprehensive-UI-Compre-67268-rt-form-publishing-workflow-Mobile-Chrome/video.webm]]
]]>
</system-out>
</testcase>
<testcase name="UI Comprehensive Tests › Admin Panel UI › should display admin dashboard" classname="ui-comprehensive.spec.ts" time="0.383">
<failure message="ui-comprehensive.spec.ts:149:5 should display admin dashboard" type="FAILURE">
<![CDATA[  [Mobile Chrome] › ui-comprehensive.spec.ts:149:5 › UI Comprehensive Tests › Admin Panel UI › should display admin dashboard 

    Error: page.click: Target page, context or browser has been closed
    Call log:
      - waiting for locator('text=Admin')


      144 |     test.beforeEach(async () => {
      145 |       // Navigate to admin page
    > 146 |       await page.click('text=Admin');
          |                  ^
      147 |     });
      148 |
      149 |     test('should display admin dashboard', async () => {
        at /Users/aomira/Documents/Work/MOCT/Dev/tawasal.moct.gov.sy/tests/e2e/ui-comprehensive.spec.ts:146:18

    attachment #1: video (video/webm) ──────────────────────────────────────────────────────────────
    ../../test-results/ui-comprehensive-UI-Compre-d918c-uld-display-admin-dashboard-Mobile-Chrome/video.webm
    ────────────────────────────────────────────────────────────────────────────────────────────────
]]>
</failure>
<system-out>
<![CDATA[
[[ATTACHMENT|ui-comprehensive-UI-Compre-d918c-uld-display-admin-dashboard-Mobile-Chrome/video.webm]]
]]>
</system-out>
</testcase>
<testcase name="UI Comprehensive Tests › Admin Panel UI › should support ministry management" classname="ui-comprehensive.spec.ts" time="0.396">
<failure message="ui-comprehensive.spec.ts:157:5 should support ministry management" type="FAILURE">
<![CDATA[  [Mobile Chrome] › ui-comprehensive.spec.ts:157:5 › UI Comprehensive Tests › Admin Panel UI › should support ministry management 

    Error: page.click: Target page, context or browser has been closed
    Call log:
      - waiting for locator('text=Admin')


      144 |     test.beforeEach(async () => {
      145 |       // Navigate to admin page
    > 146 |       await page.click('text=Admin');
          |                  ^
      147 |     });
      148 |
      149 |     test('should display admin dashboard', async () => {
        at /Users/aomira/Documents/Work/MOCT/Dev/tawasal.moct.gov.sy/tests/e2e/ui-comprehensive.spec.ts:146:18

    attachment #1: video (video/webm) ──────────────────────────────────────────────────────────────
    ../../test-results/ui-comprehensive-UI-Compre-3e7a1-support-ministry-management-Mobile-Chrome/video.webm
    ────────────────────────────────────────────────────────────────────────────────────────────────
]]>
</failure>
<system-out>
<![CDATA[
[[ATTACHMENT|ui-comprehensive-UI-Compre-3e7a1-support-ministry-management-Mobile-Chrome/video.webm]]
]]>
</system-out>
</testcase>
<testcase name="UI Comprehensive Tests › Admin Panel UI › should support user management" classname="ui-comprehensive.spec.ts" time="0.489">
<failure message="ui-comprehensive.spec.ts:171:5 should support user management" type="FAILURE">
<![CDATA[  [Mobile Chrome] › ui-comprehensive.spec.ts:171:5 › UI Comprehensive Tests › Admin Panel UI › should support user management 

    Error: page.click: Target page, context or browser has been closed
    Call log:
      - waiting for locator('text=Admin')


      144 |     test.beforeEach(async () => {
      145 |       // Navigate to admin page
    > 146 |       await page.click('text=Admin');
          |                  ^
      147 |     });
      148 |
      149 |     test('should display admin dashboard', async () => {
        at /Users/aomira/Documents/Work/MOCT/Dev/tawasal.moct.gov.sy/tests/e2e/ui-comprehensive.spec.ts:146:18

    attachment #1: video (video/webm) ──────────────────────────────────────────────────────────────
    ../../test-results/ui-comprehensive-UI-Compre-82d8b-uld-support-user-management-Mobile-Chrome/video.webm
    ────────────────────────────────────────────────────────────────────────────────────────────────
]]>
</failure>
<system-out>
<![CDATA[
[[ATTACHMENT|ui-comprehensive-UI-Compre-82d8b-uld-support-user-management-Mobile-Chrome/video.webm]]
]]>
</system-out>
</testcase>
<testcase name="UI Comprehensive Tests › Admin Panel UI › should support role management" classname="ui-comprehensive.spec.ts" time="0.516">
<failure message="ui-comprehensive.spec.ts:185:5 should support role management" type="FAILURE">
<![CDATA[  [Mobile Chrome] › ui-comprehensive.spec.ts:185:5 › UI Comprehensive Tests › Admin Panel UI › should support role management 

    Error: page.click: Target page, context or browser has been closed
    Call log:
      - waiting for locator('text=Admin')


      144 |     test.beforeEach(async () => {
      145 |       // Navigate to admin page
    > 146 |       await page.click('text=Admin');
          |                  ^
      147 |     });
      148 |
      149 |     test('should display admin dashboard', async () => {
        at /Users/aomira/Documents/Work/MOCT/Dev/tawasal.moct.gov.sy/tests/e2e/ui-comprehensive.spec.ts:146:18

    attachment #1: video (video/webm) ──────────────────────────────────────────────────────────────
    ../../test-results/ui-comprehensive-UI-Compre-0d49a-uld-support-role-management-Mobile-Chrome/video.webm
    ────────────────────────────────────────────────────────────────────────────────────────────────
]]>
</failure>
<system-out>
<![CDATA[
[[ATTACHMENT|ui-comprehensive-UI-Compre-0d49a-uld-support-role-management-Mobile-Chrome/video.webm]]
]]>
</system-out>
</testcase>
<testcase name="UI Comprehensive Tests › Admin Panel UI › should support audit logs viewer" classname="ui-comprehensive.spec.ts" time="0.445">
<failure message="ui-comprehensive.spec.ts:199:5 should support audit logs viewer" type="FAILURE">
<![CDATA[  [Mobile Chrome] › ui-comprehensive.spec.ts:199:5 › UI Comprehensive Tests › Admin Panel UI › should support audit logs viewer 

    Error: page.click: Target page, context or browser has been closed
    Call log:
      - waiting for locator('text=Admin')


      144 |     test.beforeEach(async () => {
      145 |       // Navigate to admin page
    > 146 |       await page.click('text=Admin');
          |                  ^
      147 |     });
      148 |
      149 |     test('should display admin dashboard', async () => {
        at /Users/aomira/Documents/Work/MOCT/Dev/tawasal.moct.gov.sy/tests/e2e/ui-comprehensive.spec.ts:146:18

    attachment #1: video (video/webm) ──────────────────────────────────────────────────────────────
    ../../test-results/ui-comprehensive-UI-Compre-adfb3-d-support-audit-logs-viewer-Mobile-Chrome/video.webm
    ────────────────────────────────────────────────────────────────────────────────────────────────
]]>
</failure>
<system-out>
<![CDATA[
[[ATTACHMENT|ui-comprehensive-UI-Compre-adfb3-d-support-audit-logs-viewer-Mobile-Chrome/video.webm]]
]]>
</system-out>
</testcase>
<testcase name="UI Comprehensive Tests › Admin Panel UI › should support encryption management" classname="ui-comprehensive.spec.ts" time="0.359">
<failure message="ui-comprehensive.spec.ts:209:5 should support encryption management" type="FAILURE">
<![CDATA[  [Mobile Chrome] › ui-comprehensive.spec.ts:209:5 › UI Comprehensive Tests › Admin Panel UI › should support encryption management 

    Error: page.click: Target page, context or browser has been closed
    Call log:
      - waiting for locator('text=Admin')


      144 |     test.beforeEach(async () => {
      145 |       // Navigate to admin page
    > 146 |       await page.click('text=Admin');
          |                  ^
      147 |     });
      148 |
      149 |     test('should display admin dashboard', async () => {
        at /Users/aomira/Documents/Work/MOCT/Dev/tawasal.moct.gov.sy/tests/e2e/ui-comprehensive.spec.ts:146:18

    attachment #1: video (video/webm) ──────────────────────────────────────────────────────────────
    ../../test-results/ui-comprehensive-UI-Compre-65da1-pport-encryption-management-Mobile-Chrome/video.webm
    ────────────────────────────────────────────────────────────────────────────────────────────────
]]>
</failure>
<system-out>
<![CDATA[
[[ATTACHMENT|ui-comprehensive-UI-Compre-65da1-pport-encryption-management-Mobile-Chrome/video.webm]]
]]>
</system-out>
</testcase>
<testcase name="UI Comprehensive Tests › Analytics Dashboard UI › should display analytics dashboard" classname="ui-comprehensive.spec.ts" time="0.466">
<failure message="ui-comprehensive.spec.ts:226:5 should display analytics dashboard" type="FAILURE">
<![CDATA[  [Mobile Chrome] › ui-comprehensive.spec.ts:226:5 › UI Comprehensive Tests › Analytics Dashboard UI › should display analytics dashboard 

    Error: page.click: Target page, context or browser has been closed
    Call log:
      - waiting for locator('text=Analytics')


      221 |     test.beforeEach(async () => {
      222 |       // Navigate to analytics
    > 223 |       await page.click('text=Analytics');
          |                  ^
      224 |     });
      225 |
      226 |     test('should display analytics dashboard', async () => {
        at /Users/aomira/Documents/Work/MOCT/Dev/tawasal.moct.gov.sy/tests/e2e/ui-comprehensive.spec.ts:223:18

    attachment #1: video (video/webm) ──────────────────────────────────────────────────────────────
    ../../test-results/ui-comprehensive-UI-Compre-f7374-display-analytics-dashboard-Mobile-Chrome/video.webm
    ────────────────────────────────────────────────────────────────────────────────────────────────
]]>
</failure>
<system-out>
<![CDATA[
[[ATTACHMENT|ui-comprehensive-UI-Compre-f7374-display-analytics-dashboard-Mobile-Chrome/video.webm]]
]]>
</system-out>
</testcase>
<testcase name="UI Comprehensive Tests › Analytics Dashboard UI › should display charts and graphs" classname="ui-comprehensive.spec.ts" time="0.534">
<failure message="ui-comprehensive.spec.ts:233:5 should display charts and graphs" type="FAILURE">
<![CDATA[  [Mobile Chrome] › ui-comprehensive.spec.ts:233:5 › UI Comprehensive Tests › Analytics Dashboard UI › should display charts and graphs 

    Error: page.click: Target page, context or browser has been closed
    Call log:
      - waiting for locator('text=Analytics')


      221 |     test.beforeEach(async () => {
      222 |       // Navigate to analytics
    > 223 |       await page.click('text=Analytics');
          |                  ^
      224 |     });
      225 |
      226 |     test('should display analytics dashboard', async () => {
        at /Users/aomira/Documents/Work/MOCT/Dev/tawasal.moct.gov.sy/tests/e2e/ui-comprehensive.spec.ts:223:18

    attachment #1: video (video/webm) ──────────────────────────────────────────────────────────────
    ../../test-results/ui-comprehensive-UI-Compre-c17c7-d-display-charts-and-graphs-Mobile-Chrome/video.webm
    ────────────────────────────────────────────────────────────────────────────────────────────────
]]>
</failure>
<system-out>
<![CDATA[
[[ATTACHMENT|ui-comprehensive-UI-Compre-c17c7-d-display-charts-and-graphs-Mobile-Chrome/video.webm]]
]]>
</system-out>
</testcase>
<testcase name="UI Comprehensive Tests › Analytics Dashboard UI › should support real-time updates" classname="ui-comprehensive.spec.ts" time="0.442">
<failure message="ui-comprehensive.spec.ts:240:5 should support real-time updates" type="FAILURE">
<![CDATA[  [Mobile Chrome] › ui-comprehensive.spec.ts:240:5 › UI Comprehensive Tests › Analytics Dashboard UI › should support real-time updates 

    Error: page.click: Target page, context or browser has been closed
    Call log:
      - waiting for locator('text=Analytics')


      221 |     test.beforeEach(async () => {
      222 |       // Navigate to analytics
    > 223 |       await page.click('text=Analytics');
          |                  ^
      224 |     });
      225 |
      226 |     test('should display analytics dashboard', async () => {
        at /Users/aomira/Documents/Work/MOCT/Dev/tawasal.moct.gov.sy/tests/e2e/ui-comprehensive.spec.ts:223:18

    attachment #1: video (video/webm) ──────────────────────────────────────────────────────────────
    ../../test-results/ui-comprehensive-UI-Compre-36cfa-d-support-real-time-updates-Mobile-Chrome/video.webm
    ────────────────────────────────────────────────────────────────────────────────────────────────
]]>
</failure>
<system-out>
<![CDATA[
[[ATTACHMENT|ui-comprehensive-UI-Compre-36cfa-d-support-real-time-updates-Mobile-Chrome/video.webm]]
]]>
</system-out>
</testcase>
<testcase name="UI Comprehensive Tests › Analytics Dashboard UI › should support filtering and date ranges" classname="ui-comprehensive.spec.ts" time="6.602">
<failure message="ui-comprehensive.spec.ts:246:5 should support filtering and date ranges" type="FAILURE">
<![CDATA[  [Mobile Chrome] › ui-comprehensive.spec.ts:246:5 › UI Comprehensive Tests › Analytics Dashboard UI › should support filtering and date ranges 

    Error: page.click: Target page, context or browser has been closed
    Call log:
      - waiting for locator('text=Analytics')


      221 |     test.beforeEach(async () => {
      222 |       // Navigate to analytics
    > 223 |       await page.click('text=Analytics');
          |                  ^
      224 |     });
      225 |
      226 |     test('should display analytics dashboard', async () => {
        at /Users/aomira/Documents/Work/MOCT/Dev/tawasal.moct.gov.sy/tests/e2e/ui-comprehensive.spec.ts:223:18

    attachment #1: video (video/webm) ──────────────────────────────────────────────────────────────
    ../../test-results/ui-comprehensive-UI-Compre-46bfb-t-filtering-and-date-ranges-Mobile-Chrome/video.webm
    ────────────────────────────────────────────────────────────────────────────────────────────────
]]>
</failure>
<system-out>
<![CDATA[
[[ATTACHMENT|ui-comprehensive-UI-Compre-46bfb-t-filtering-and-date-ranges-Mobile-Chrome/video.webm]]
]]>
</system-out>
</testcase>
<testcase name="UI Comprehensive Tests › Authentication UI › should display login form" classname="ui-comprehensive.spec.ts" time="5.491">
<failure message="ui-comprehensive.spec.ts:258:5 should display login form" type="FAILURE">
<![CDATA[  [Mobile Chrome] › ui-comprehensive.spec.ts:258:5 › UI Comprehensive Tests › Authentication UI › should display login form 

    Error: expect(locator).toBeVisible() failed

    Locator:  locator('[data-testid="login-form"]')
    Expected: visible
    Received: <element(s) not found>
    Timeout:  5000ms

    Call log:
      - Expect "toBeVisible" with timeout 5000ms
      - waiting for locator('[data-testid="login-form"]')


      261 |       
      262 |       // Check login form elements
    > 263 |       await expect(page.locator('[data-testid="login-form"]')).toBeVisible();
          |                                                                ^
      264 |       await expect(page.locator('[data-testid="username-input"]')).toBeVisible();
      265 |       await expect(page.locator('[data-testid="password-input"]')).toBeVisible();
      266 |       await expect(page.locator('[data-testid="login-button"]')).toBeVisible();
        at /Users/aomira/Documents/Work/MOCT/Dev/tawasal.moct.gov.sy/tests/e2e/ui-comprehensive.spec.ts:263:64

    attachment #1: screenshot (image/png) ──────────────────────────────────────────────────────────
    ../../test-results/ui-comprehensive-UI-Compre-da77d-I-should-display-login-form-Mobile-Chrome/test-failed-1.png
    ────────────────────────────────────────────────────────────────────────────────────────────────

    attachment #2: video (video/webm) ──────────────────────────────────────────────────────────────
    ../../test-results/ui-comprehensive-UI-Compre-da77d-I-should-display-login-form-Mobile-Chrome/video.webm
    ────────────────────────────────────────────────────────────────────────────────────────────────

    Error Context: ../../test-results/ui-comprehensive-UI-Compre-da77d-I-should-display-login-form-Mobile-Chrome/error-context.md
]]>
</failure>
<system-out>
<![CDATA[
[[ATTACHMENT|ui-comprehensive-UI-Compre-da77d-I-should-display-login-form-Mobile-Chrome/test-failed-1.png]]

[[ATTACHMENT|ui-comprehensive-UI-Compre-da77d-I-should-display-login-form-Mobile-Chrome/video.webm]]

[[ATTACHMENT|ui-comprehensive-UI-Compre-da77d-I-should-display-login-form-Mobile-Chrome/error-context.md]]
]]>
</system-out>
</testcase>
<testcase name="UI Comprehensive Tests › Authentication UI › should support MFA setup" classname="ui-comprehensive.spec.ts" time="0.499">
<failure message="ui-comprehensive.spec.ts:269:5 should support MFA setup" type="FAILURE">
<![CDATA[  [Mobile Chrome] › ui-comprehensive.spec.ts:269:5 › UI Comprehensive Tests › Authentication UI › should support MFA setup 

    Error: expect(locator).toBeVisible() failed

    Locator:  locator('[data-testid="mfa-setup"]')
    Expected: visible
    Received: undefined

    Call log:
      - Expect "toBeVisible" with timeout 5000ms
      - waiting for locator('[data-testid="mfa-setup"]')


      272 |       
      273 |       // Check MFA setup components
    > 274 |       await expect(page.locator('[data-testid="mfa-setup"]')).toBeVisible();
          |                                                               ^
      275 |       await expect(page.locator('[data-testid="qr-code"]')).toBeVisible();
      276 |       await expect(page.locator('[data-testid="backup-codes"]')).toBeVisible();
      277 |     });
        at /Users/aomira/Documents/Work/MOCT/Dev/tawasal.moct.gov.sy/tests/e2e/ui-comprehensive.spec.ts:274:63

    attachment #1: video (video/webm) ──────────────────────────────────────────────────────────────
    ../../test-results/ui-comprehensive-UI-Compre-07349-UI-should-support-MFA-setup-Mobile-Chrome/video.webm
    ────────────────────────────────────────────────────────────────────────────────────────────────
]]>
</failure>
<system-out>
<![CDATA[
[[ATTACHMENT|ui-comprehensive-UI-Compre-07349-UI-should-support-MFA-setup-Mobile-Chrome/video.webm]]
]]>
</system-out>
</testcase>
<testcase name="UI Comprehensive Tests › Authentication UI › should support MFA verification" classname="ui-comprehensive.spec.ts" time="0.958">
<failure message="ui-comprehensive.spec.ts:279:5 should support MFA verification" type="FAILURE">
<![CDATA[  [Mobile Chrome] › ui-comprehensive.spec.ts:279:5 › UI Comprehensive Tests › Authentication UI › should support MFA verification 

    Error: expect(locator).toBeVisible() failed

    Locator:  locator('[data-testid="mfa-verification"]')
    Expected: visible
    Received: <element(s) not found>

    Call log:
      - Expect "toBeVisible" with timeout 5000ms
      - waiting for locator('[data-testid="mfa-verification"]')


      282 |       
      283 |       // Check MFA verification components
    > 284 |       await expect(page.locator('[data-testid="mfa-verification"]')).toBeVisible();
          |                                                                      ^
      285 |       await expect(page.locator('[data-testid="mfa-code-input"]')).toBeVisible();
      286 |       await expect(page.locator('[data-testid="verify-button"]')).toBeVisible();
      287 |     });
        at /Users/aomira/Documents/Work/MOCT/Dev/tawasal.moct.gov.sy/tests/e2e/ui-comprehensive.spec.ts:284:70

    attachment #1: video (video/webm) ──────────────────────────────────────────────────────────────
    ../../test-results/ui-comprehensive-UI-Compre-ad05e-ld-support-MFA-verification-Mobile-Chrome/video.webm
    ────────────────────────────────────────────────────────────────────────────────────────────────
]]>
</failure>
<system-out>
<![CDATA[
[[ATTACHMENT|ui-comprehensive-UI-Compre-ad05e-ld-support-MFA-verification-Mobile-Chrome/video.webm]]
]]>
</system-out>
</testcase>
<testcase name="UI Comprehensive Tests › Accessibility Tests › should have proper ARIA labels" classname="ui-comprehensive.spec.ts" time="0.515">
<failure message="ui-comprehensive.spec.ts:291:5 should have proper ARIA labels" type="FAILURE">
<![CDATA[  [Mobile Chrome] › ui-comprehensive.spec.ts:291:5 › UI Comprehensive Tests › Accessibility Tests › should have proper ARIA labels 

    Error: expect(locator).toHaveAttribute() failed

    Locator:  locator('button').first()
    Expected: have attribute
    Received: <element(s) not found>

    Call log:
      - Expect "toHaveAttribute" with timeout 5000ms
      - waiting for locator('button').first()


      293 |       const buttons = page.locator('button');
      294 |       const firstButton = buttons.first();
    > 295 |       await expect(firstButton).toHaveAttribute('aria-label');
          |                                 ^
      296 |     });
      297 |
      298 |     test('should support keyboard navigation', async () => {
        at /Users/aomira/Documents/Work/MOCT/Dev/tawasal.moct.gov.sy/tests/e2e/ui-comprehensive.spec.ts:295:33

    attachment #1: video (video/webm) ──────────────────────────────────────────────────────────────
    ../../test-results/ui-comprehensive-UI-Compre-64b2b-uld-have-proper-ARIA-labels-Mobile-Chrome/video.webm
    ────────────────────────────────────────────────────────────────────────────────────────────────
]]>
</failure>
<system-out>
<![CDATA[
[[ATTACHMENT|ui-comprehensive-UI-Compre-64b2b-uld-have-proper-ARIA-labels-Mobile-Chrome/video.webm]]
]]>
</system-out>
</testcase>
<testcase name="UI Comprehensive Tests › Accessibility Tests › should support keyboard navigation" classname="ui-comprehensive.spec.ts" time="0.498">
<failure message="ui-comprehensive.spec.ts:298:5 should support keyboard navigation" type="FAILURE">
<![CDATA[  [Mobile Chrome] › ui-comprehensive.spec.ts:298:5 › UI Comprehensive Tests › Accessibility Tests › should support keyboard navigation 

    Error: expect(locator).toBeVisible() failed

    Locator:  locator(':focus')
    Expected: visible
    Received: <element(s) not found>

    Call log:
      - Expect "toBeVisible" with timeout 5000ms
      - waiting for locator(':focus')


      304 |       // Check if focus is visible
      305 |       const focusedElement = page.locator(':focus');
    > 306 |       await expect(focusedElement).toBeVisible();
          |                                    ^
      307 |     });
      308 |
      309 |     test('should have proper color contrast', async () => {
        at /Users/aomira/Documents/Work/MOCT/Dev/tawasal.moct.gov.sy/tests/e2e/ui-comprehensive.spec.ts:306:36

    attachment #1: video (video/webm) ──────────────────────────────────────────────────────────────
    ../../test-results/ui-comprehensive-UI-Compre-2258e-support-keyboard-navigation-Mobile-Chrome/video.webm
    ────────────────────────────────────────────────────────────────────────────────────────────────
]]>
</failure>
<system-out>
<![CDATA[
[[ATTACHMENT|ui-comprehensive-UI-Compre-2258e-support-keyboard-navigation-Mobile-Chrome/video.webm]]
]]>
</system-out>
</testcase>
<testcase name="UI Comprehensive Tests › Accessibility Tests › should have proper color contrast" classname="ui-comprehensive.spec.ts" time="0.356">
<failure message="ui-comprehensive.spec.ts:309:5 should have proper color contrast" type="FAILURE">
<![CDATA[  [Mobile Chrome] › ui-comprehensive.spec.ts:309:5 › UI Comprehensive Tests › Accessibility Tests › should have proper color contrast 

    Error: browserContext.newPage: Target page, context or browser has been closed
]]>
</failure>
</testcase>
<testcase name="UI Comprehensive Tests › Performance Tests › should load within acceptable time" classname="ui-comprehensive.spec.ts" time="0.475">
</testcase>
<testcase name="UI Comprehensive Tests › Performance Tests › should have good Lighthouse scores" classname="ui-comprehensive.spec.ts" time="0.436">
</testcase>
<testcase name="UI Comprehensive Tests › Error Handling UI › should display proper error messages" classname="ui-comprehensive.spec.ts" time="0.447">
<failure message="ui-comprehensive.spec.ts:337:5 should display proper error messages" type="FAILURE">
<![CDATA[  [Mobile Chrome] › ui-comprehensive.spec.ts:337:5 › UI Comprehensive Tests › Error Handling UI › should display proper error messages 

    Error: expect(locator).toBeVisible() failed

    Locator:  locator('text=404')
    Expected: visible
    Received: <element(s) not found>

    Call log:
      - Expect "toBeVisible" with timeout 5000ms
      - waiting for locator('text=404')


      338 |       // Test 404 page
      339 |       await page.goto('http://localhost:3000/nonexistent-page');
    > 340 |       await expect(page.locator('text=404')).toBeVisible();
          |                                              ^
      341 |     });
      342 |
      343 |     test('should handle network errors gracefully', async () => {
        at /Users/aomira/Documents/Work/MOCT/Dev/tawasal.moct.gov.sy/tests/e2e/ui-comprehensive.spec.ts:340:46

    attachment #1: video (video/webm) ──────────────────────────────────────────────────────────────
    ../../test-results/ui-comprehensive-UI-Compre-316dd-splay-proper-error-messages-Mobile-Chrome/video.webm
    ────────────────────────────────────────────────────────────────────────────────────────────────
]]>
</failure>
<system-out>
<![CDATA[
[[ATTACHMENT|ui-comprehensive-UI-Compre-316dd-splay-proper-error-messages-Mobile-Chrome/video.webm]]
]]>
</system-out>
</testcase>
<testcase name="UI Comprehensive Tests › Error Handling UI › should handle network errors gracefully" classname="ui-comprehensive.spec.ts" time="0.599">
<failure message="ui-comprehensive.spec.ts:343:5 should handle network errors gracefully" type="FAILURE">
<![CDATA[  [Mobile Chrome] › ui-comprehensive.spec.ts:343:5 › UI Comprehensive Tests › Error Handling UI › should handle network errors gracefully 

    Error: page.goto: net::ERR_FAILED at http://localhost:3000/
    Call log:
      - navigating to "http://localhost:3000/", waiting until "load"


      345 |       await page.route('**/*', route => route.abort());
      346 |       
    > 347 |       await page.goto('http://localhost:3000');
          |                  ^
      348 |       // Should show error message or retry button
      349 |     });
      350 |   });
        at /Users/aomira/Documents/Work/MOCT/Dev/tawasal.moct.gov.sy/tests/e2e/ui-comprehensive.spec.ts:347:18

    attachment #1: video (video/webm) ──────────────────────────────────────────────────────────────
    ../../test-results/ui-comprehensive-UI-Compre-76a7f-e-network-errors-gracefully-Mobile-Chrome/video.webm
    ────────────────────────────────────────────────────────────────────────────────────────────────
]]>
</failure>
<system-out>
<![CDATA[
[[ATTACHMENT|ui-comprehensive-UI-Compre-76a7f-e-network-errors-gracefully-Mobile-Chrome/video.webm]]
]]>
</system-out>
</testcase>
<testcase name="UI Comprehensive Tests › Internationalization UI › should support language switching" classname="ui-comprehensive.spec.ts" time="0.768">
<failure message="ui-comprehensive.spec.ts:353:5 should support language switching" type="FAILURE">
<![CDATA[  [Mobile Chrome] › ui-comprehensive.spec.ts:353:5 › UI Comprehensive Tests › Internationalization UI › should support language switching 

    Error: expect(locator).toBeVisible() failed

    Locator:  locator('[data-testid="language-selector"]')
    Expected: visible
    Received: <element(s) not found>

    Call log:
      - Expect "toBeVisible" with timeout 5000ms
      - waiting for locator('[data-testid="language-selector"]')


      353 |     test('should support language switching', async () => {
      354 |       // Check if language selector is present
    > 355 |       await expect(page.locator('[data-testid="language-selector"]')).toBeVisible();
          |                                                                       ^
      356 |       
      357 |       // Test language switching
      358 |       await page.click('[data-testid="language-selector"]');
        at /Users/aomira/Documents/Work/MOCT/Dev/tawasal.moct.gov.sy/tests/e2e/ui-comprehensive.spec.ts:355:71

    attachment #1: video (video/webm) ──────────────────────────────────────────────────────────────
    ../../test-results/ui-comprehensive-UI-Compre-299a2--support-language-switching-Mobile-Chrome/video.webm
    ────────────────────────────────────────────────────────────────────────────────────────────────
]]>
</failure>
<system-out>
<![CDATA[
[[ATTACHMENT|ui-comprehensive-UI-Compre-299a2--support-language-switching-Mobile-Chrome/video.webm]]
]]>
</system-out>
</testcase>
<testcase name="UI Comprehensive Tests › Internationalization UI › should support RTL layout for Arabic" classname="ui-comprehensive.spec.ts" time="0.426">
<failure message="ui-comprehensive.spec.ts:365:5 should support RTL layout for Arabic" type="FAILURE">
<![CDATA[  [Mobile Chrome] › ui-comprehensive.spec.ts:365:5 › UI Comprehensive Tests › Internationalization UI › should support RTL layout for Arabic 

    Error: page.click: Target page, context or browser has been closed
    Call log:
      - waiting for locator('[data-testid="language-selector"]')


      365 |     test('should support RTL layout for Arabic', async () => {
      366 |       // Switch to Arabic
    > 367 |       await page.click('[data-testid="language-selector"]');
          |                  ^
      368 |       await page.click('[data-testid="language-ar"]');
      369 |       
      370 |       // Check if RTL is applied
        at /Users/aomira/Documents/Work/MOCT/Dev/tawasal.moct.gov.sy/tests/e2e/ui-comprehensive.spec.ts:367:18

    attachment #1: video (video/webm) ──────────────────────────────────────────────────────────────
    ../../test-results/ui-comprehensive-UI-Compre-3e647-pport-RTL-layout-for-Arabic-Mobile-Chrome/video.webm
    ────────────────────────────────────────────────────────────────────────────────────────────────
]]>
</failure>
<system-out>
<![CDATA[
[[ATTACHMENT|ui-comprehensive-UI-Compre-3e647-pport-RTL-layout-for-Arabic-Mobile-Chrome/video.webm]]
]]>
</system-out>
</testcase>
</testsuite>
<testsuite name="ui-comprehensive.spec.ts" timestamp="2025-09-22T03:04:54.793Z" hostname="Mobile Safari" tests="33" failures="29" skipped="0" time="232" errors="0">
<testcase name="UI Comprehensive Tests › Landing Page UI › should display the main navigation correctly" classname="ui-comprehensive.spec.ts" time="5.454">
<failure message="ui-comprehensive.spec.ts:12:5 should display the main navigation correctly" type="FAILURE">
<![CDATA[  [Mobile Safari] › ui-comprehensive.spec.ts:12:5 › UI Comprehensive Tests › Landing Page UI › should display the main navigation correctly 

    Error: expect(locator).toBeVisible() failed

    Locator:  locator('nav')
    Expected: visible
    Received: <element(s) not found>
    Timeout:  5000ms

    Call log:
      - Expect "toBeVisible" with timeout 5000ms
      - waiting for locator('nav')


      12 |     test('should display the main navigation correctly', async () => {
      13 |       // Check if the main navigation elements are present
    > 14 |       await expect(page.locator('nav')).toBeVisible();
         |                                         ^
      15 |       await expect(page.locator('text=Ministry Platform')).toBeVisible();
      16 |       
      17 |       // Check for main navigation links
        at /Users/aomira/Documents/Work/MOCT/Dev/tawasal.moct.gov.sy/tests/e2e/ui-comprehensive.spec.ts:14:41

    attachment #1: screenshot (image/png) ──────────────────────────────────────────────────────────
    ../../test-results/ui-comprehensive-UI-Compre-f02f4-e-main-navigation-correctly-Mobile-Safari/test-failed-1.png
    ────────────────────────────────────────────────────────────────────────────────────────────────

    attachment #2: video (video/webm) ──────────────────────────────────────────────────────────────
    ../../test-results/ui-comprehensive-UI-Compre-f02f4-e-main-navigation-correctly-Mobile-Safari/video.webm
    ────────────────────────────────────────────────────────────────────────────────────────────────

    Error Context: ../../test-results/ui-comprehensive-UI-Compre-f02f4-e-main-navigation-correctly-Mobile-Safari/error-context.md
]]>
</failure>
<system-out>
<![CDATA[
[[ATTACHMENT|ui-comprehensive-UI-Compre-f02f4-e-main-navigation-correctly-Mobile-Safari/test-failed-1.png]]

[[ATTACHMENT|ui-comprehensive-UI-Compre-f02f4-e-main-navigation-correctly-Mobile-Safari/video.webm]]

[[ATTACHMENT|ui-comprehensive-UI-Compre-f02f4-e-main-navigation-correctly-Mobile-Safari/error-context.md]]
]]>
</system-out>
</testcase>
<testcase name="UI Comprehensive Tests › Landing Page UI › should have responsive design" classname="ui-comprehensive.spec.ts" time="5.441">
<failure message="ui-comprehensive.spec.ts:22:5 should have responsive design" type="FAILURE">
<![CDATA[  [Mobile Safari] › ui-comprehensive.spec.ts:22:5 › UI Comprehensive Tests › Landing Page UI › should have responsive design 

    Error: expect(locator).toBeVisible() failed

    Locator:  locator('nav')
    Expected: visible
    Received: <element(s) not found>
    Timeout:  5000ms

    Call log:
      - Expect "toBeVisible" with timeout 5000ms
      - waiting for locator('nav')


      23 |       // Test mobile viewport
      24 |       await page.setViewportSize({ width: 375, height: 667 });
    > 25 |       await expect(page.locator('nav')).toBeVisible();
         |                                         ^
      26 |       
      27 |       // Test tablet viewport
      28 |       await page.setViewportSize({ width: 768, height: 1024 });
        at /Users/aomira/Documents/Work/MOCT/Dev/tawasal.moct.gov.sy/tests/e2e/ui-comprehensive.spec.ts:25:41

    attachment #1: screenshot (image/png) ──────────────────────────────────────────────────────────
    ../../test-results/ui-comprehensive-UI-Compre-22532-ould-have-responsive-design-Mobile-Safari/test-failed-1.png
    ────────────────────────────────────────────────────────────────────────────────────────────────

    attachment #2: video (video/webm) ──────────────────────────────────────────────────────────────
    ../../test-results/ui-comprehensive-UI-Compre-22532-ould-have-responsive-design-Mobile-Safari/video.webm
    ────────────────────────────────────────────────────────────────────────────────────────────────

    Error Context: ../../test-results/ui-comprehensive-UI-Compre-22532-ould-have-responsive-design-Mobile-Safari/error-context.md
]]>
</failure>
<system-out>
<![CDATA[
[[ATTACHMENT|ui-comprehensive-UI-Compre-22532-ould-have-responsive-design-Mobile-Safari/test-failed-1.png]]

[[ATTACHMENT|ui-comprehensive-UI-Compre-22532-ould-have-responsive-design-Mobile-Safari/video.webm]]

[[ATTACHMENT|ui-comprehensive-UI-Compre-22532-ould-have-responsive-design-Mobile-Safari/error-context.md]]
]]>
</system-out>
</testcase>
<testcase name="UI Comprehensive Tests › Landing Page UI › should display proper error handling for tenant not found" classname="ui-comprehensive.spec.ts" time="0.432">
</testcase>
<testcase name="UI Comprehensive Tests › Form Builder UI › should display form builder interface" classname="ui-comprehensive.spec.ts" time="30.029">
<failure message="ui-comprehensive.spec.ts:48:5 should display form builder interface" type="FAILURE">
<![CDATA[  [Mobile Safari] › ui-comprehensive.spec.ts:48:5 › UI Comprehensive Tests › Form Builder UI › should display form builder interface 

    Test timeout of 30000ms exceeded while running "beforeEach" hook.

      41 |
      42 |   test.describe('Form Builder UI', () => {
    > 43 |     test.beforeEach(async () => {
         |          ^
      44 |       // Navigate to forms page
      45 |       await page.click('text=Forms');
      46 |     });
        at /Users/aomira/Documents/Work/MOCT/Dev/tawasal.moct.gov.sy/tests/e2e/ui-comprehensive.spec.ts:43:10

    Error: page.click: Test timeout of 30000ms exceeded.
    Call log:
      - waiting for locator('text=Forms')


      43 |     test.beforeEach(async () => {
      44 |       // Navigate to forms page
    > 45 |       await page.click('text=Forms');
         |                  ^
      46 |     });
      47 |
      48 |     test('should display form builder interface', async () => {
        at /Users/aomira/Documents/Work/MOCT/Dev/tawasal.moct.gov.sy/tests/e2e/ui-comprehensive.spec.ts:45:18

    attachment #1: screenshot (image/png) ──────────────────────────────────────────────────────────
    ../../test-results/ui-comprehensive-UI-Compre-2875b-play-form-builder-interface-Mobile-Safari/test-failed-1.png
    ────────────────────────────────────────────────────────────────────────────────────────────────

    attachment #2: video (video/webm) ──────────────────────────────────────────────────────────────
    ../../test-results/ui-comprehensive-UI-Compre-2875b-play-form-builder-interface-Mobile-Safari/video.webm
    ────────────────────────────────────────────────────────────────────────────────────────────────

    Error Context: ../../test-results/ui-comprehensive-UI-Compre-2875b-play-form-builder-interface-Mobile-Safari/error-context.md
]]>
</failure>
<system-out>
<![CDATA[
[[ATTACHMENT|ui-comprehensive-UI-Compre-2875b-play-form-builder-interface-Mobile-Safari/test-failed-1.png]]

[[ATTACHMENT|ui-comprehensive-UI-Compre-2875b-play-form-builder-interface-Mobile-Safari/video.webm]]

[[ATTACHMENT|ui-comprehensive-UI-Compre-2875b-play-form-builder-interface-Mobile-Safari/error-context.md]]
]]>
</system-out>
</testcase>
<testcase name="UI Comprehensive Tests › Form Builder UI › should have drag and drop functionality" classname="ui-comprehensive.spec.ts" time="30.033">
<failure message="ui-comprehensive.spec.ts:56:5 should have drag and drop functionality" type="FAILURE">
<![CDATA[  [Mobile Safari] › ui-comprehensive.spec.ts:56:5 › UI Comprehensive Tests › Form Builder UI › should have drag and drop functionality 

    Test timeout of 30000ms exceeded while running "beforeEach" hook.

      41 |
      42 |   test.describe('Form Builder UI', () => {
    > 43 |     test.beforeEach(async () => {
         |          ^
      44 |       // Navigate to forms page
      45 |       await page.click('text=Forms');
      46 |     });
        at /Users/aomira/Documents/Work/MOCT/Dev/tawasal.moct.gov.sy/tests/e2e/ui-comprehensive.spec.ts:43:10

    Error: page.click: Test timeout of 30000ms exceeded.
    Call log:
      - waiting for locator('text=Forms')


      43 |     test.beforeEach(async () => {
      44 |       // Navigate to forms page
    > 45 |       await page.click('text=Forms');
         |                  ^
      46 |     });
      47 |
      48 |     test('should display form builder interface', async () => {
        at /Users/aomira/Documents/Work/MOCT/Dev/tawasal.moct.gov.sy/tests/e2e/ui-comprehensive.spec.ts:45:18

    attachment #1: screenshot (image/png) ──────────────────────────────────────────────────────────
    ../../test-results/ui-comprehensive-UI-Compre-ba17e-drag-and-drop-functionality-Mobile-Safari/test-failed-1.png
    ────────────────────────────────────────────────────────────────────────────────────────────────

    attachment #2: video (video/webm) ──────────────────────────────────────────────────────────────
    ../../test-results/ui-comprehensive-UI-Compre-ba17e-drag-and-drop-functionality-Mobile-Safari/video.webm
    ────────────────────────────────────────────────────────────────────────────────────────────────

    Error Context: ../../test-results/ui-comprehensive-UI-Compre-ba17e-drag-and-drop-functionality-Mobile-Safari/error-context.md
]]>
</failure>
<system-out>
<![CDATA[
[[ATTACHMENT|ui-comprehensive-UI-Compre-ba17e-drag-and-drop-functionality-Mobile-Safari/test-failed-1.png]]

[[ATTACHMENT|ui-comprehensive-UI-Compre-ba17e-drag-and-drop-functionality-Mobile-Safari/video.webm]]

[[ATTACHMENT|ui-comprehensive-UI-Compre-ba17e-drag-and-drop-functionality-Mobile-Safari/error-context.md]]
]]>
</system-out>
</testcase>
<testcase name="UI Comprehensive Tests › Form Builder UI › should display property panel when component is selected" classname="ui-comprehensive.spec.ts" time="30.028">
<failure message="ui-comprehensive.spec.ts:67:5 should display property panel when component is selected" type="FAILURE">
<![CDATA[  [Mobile Safari] › ui-comprehensive.spec.ts:67:5 › UI Comprehensive Tests › Form Builder UI › should display property panel when component is selected 

    Test timeout of 30000ms exceeded while running "beforeEach" hook.

      41 |
      42 |   test.describe('Form Builder UI', () => {
    > 43 |     test.beforeEach(async () => {
         |          ^
      44 |       // Navigate to forms page
      45 |       await page.click('text=Forms');
      46 |     });
        at /Users/aomira/Documents/Work/MOCT/Dev/tawasal.moct.gov.sy/tests/e2e/ui-comprehensive.spec.ts:43:10

    Error: page.click: Test timeout of 30000ms exceeded.
    Call log:
      - waiting for locator('text=Forms')


      43 |     test.beforeEach(async () => {
      44 |       // Navigate to forms page
    > 45 |       await page.click('text=Forms');
         |                  ^
      46 |     });
      47 |
      48 |     test('should display form builder interface', async () => {
        at /Users/aomira/Documents/Work/MOCT/Dev/tawasal.moct.gov.sy/tests/e2e/ui-comprehensive.spec.ts:45:18

    attachment #1: screenshot (image/png) ──────────────────────────────────────────────────────────
    ../../test-results/ui-comprehensive-UI-Compre-4bcd4--when-component-is-selected-Mobile-Safari/test-failed-1.png
    ────────────────────────────────────────────────────────────────────────────────────────────────

    attachment #2: video (video/webm) ──────────────────────────────────────────────────────────────
    ../../test-results/ui-comprehensive-UI-Compre-4bcd4--when-component-is-selected-Mobile-Safari/video.webm
    ────────────────────────────────────────────────────────────────────────────────────────────────

    Error Context: ../../test-results/ui-comprehensive-UI-Compre-4bcd4--when-component-is-selected-Mobile-Safari/error-context.md
]]>
</failure>
<system-out>
<![CDATA[
[[ATTACHMENT|ui-comprehensive-UI-Compre-4bcd4--when-component-is-selected-Mobile-Safari/test-failed-1.png]]

[[ATTACHMENT|ui-comprehensive-UI-Compre-4bcd4--when-component-is-selected-Mobile-Safari/video.webm]]

[[ATTACHMENT|ui-comprehensive-UI-Compre-4bcd4--when-component-is-selected-Mobile-Safari/error-context.md]]
]]>
</system-out>
</testcase>
<testcase name="UI Comprehensive Tests › Form Builder UI › should support component customization" classname="ui-comprehensive.spec.ts" time="6.807">
<failure message="ui-comprehensive.spec.ts:80:5 should support component customization" type="FAILURE">
<![CDATA[  [Mobile Safari] › ui-comprehensive.spec.ts:80:5 › UI Comprehensive Tests › Form Builder UI › should support component customization 

    Error: page.click: Target page, context or browser has been closed
    Call log:
      - waiting for locator('text=Forms')


      43 |     test.beforeEach(async () => {
      44 |       // Navigate to forms page
    > 45 |       await page.click('text=Forms');
         |                  ^
      46 |     });
      47 |
      48 |     test('should display form builder interface', async () => {
        at /Users/aomira/Documents/Work/MOCT/Dev/tawasal.moct.gov.sy/tests/e2e/ui-comprehensive.spec.ts:45:18

    attachment #1: video (video/webm) ──────────────────────────────────────────────────────────────
    ../../test-results/ui-comprehensive-UI-Compre-66f6a-ort-component-customization-Mobile-Safari/video.webm
    ────────────────────────────────────────────────────────────────────────────────────────────────
]]>
</failure>
<system-out>
<![CDATA[
[[ATTACHMENT|ui-comprehensive-UI-Compre-66f6a-ort-component-customization-Mobile-Safari/video.webm]]
]]>
</system-out>
</testcase>
<testcase name="UI Comprehensive Tests › Form Builder UI › should support conditional logic builder" classname="ui-comprehensive.spec.ts" time="1.645">
<failure message="ui-comprehensive.spec.ts:98:5 should support conditional logic builder" type="FAILURE">
<![CDATA[  [Mobile Safari] › ui-comprehensive.spec.ts:98:5 › UI Comprehensive Tests › Form Builder UI › should support conditional logic builder 

    Error: page.click: Target page, context or browser has been closed
    Call log:
      - waiting for locator('text=Forms')


      43 |     test.beforeEach(async () => {
      44 |       // Navigate to forms page
    > 45 |       await page.click('text=Forms');
         |                  ^
      46 |     });
      47 |
      48 |     test('should display form builder interface', async () => {
        at /Users/aomira/Documents/Work/MOCT/Dev/tawasal.moct.gov.sy/tests/e2e/ui-comprehensive.spec.ts:45:18

    attachment #1: video (video/webm) ──────────────────────────────────────────────────────────────
    ../../test-results/ui-comprehensive-UI-Compre-ff3ab-t-conditional-logic-builder-Mobile-Safari/video.webm
    ────────────────────────────────────────────────────────────────────────────────────────────────
]]>
</failure>
<system-out>
<![CDATA[
[[ATTACHMENT|ui-comprehensive-UI-Compre-ff3ab-t-conditional-logic-builder-Mobile-Safari/video.webm]]
]]>
</system-out>
</testcase>
<testcase name="UI Comprehensive Tests › Form Builder UI › should support multi-step forms" classname="ui-comprehensive.spec.ts" time="0.989">
<failure message="ui-comprehensive.spec.ts:115:5 should support multi-step forms" type="FAILURE">
<![CDATA[  [Mobile Safari] › ui-comprehensive.spec.ts:115:5 › UI Comprehensive Tests › Form Builder UI › should support multi-step forms 

    Error: page.click: Target page, context or browser has been closed
    Call log:
      - waiting for locator('text=Forms')


      43 |     test.beforeEach(async () => {
      44 |       // Navigate to forms page
    > 45 |       await page.click('text=Forms');
         |                  ^
      46 |     });
      47 |
      48 |     test('should display form builder interface', async () => {
        at /Users/aomira/Documents/Work/MOCT/Dev/tawasal.moct.gov.sy/tests/e2e/ui-comprehensive.spec.ts:45:18

    attachment #1: video (video/webm) ──────────────────────────────────────────────────────────────
    ../../test-results/ui-comprehensive-UI-Compre-96e2b-ld-support-multi-step-forms-Mobile-Safari/video.webm
    ────────────────────────────────────────────────────────────────────────────────────────────────
]]>
</failure>
<system-out>
<![CDATA[
[[ATTACHMENT|ui-comprehensive-UI-Compre-96e2b-ld-support-multi-step-forms-Mobile-Safari/video.webm]]
]]>
</system-out>
</testcase>
<testcase name="UI Comprehensive Tests › Form Builder UI › should support form templates" classname="ui-comprehensive.spec.ts" time="1.285">
<failure message="ui-comprehensive.spec.ts:125:5 should support form templates" type="FAILURE">
<![CDATA[  [Mobile Safari] › ui-comprehensive.spec.ts:125:5 › UI Comprehensive Tests › Form Builder UI › should support form templates 

    Error: page.click: Target page, context or browser has been closed
    Call log:
      - waiting for locator('text=Forms')


      43 |     test.beforeEach(async () => {
      44 |       // Navigate to forms page
    > 45 |       await page.click('text=Forms');
         |                  ^
      46 |     });
      47 |
      48 |     test('should display form builder interface', async () => {
        at /Users/aomira/Documents/Work/MOCT/Dev/tawasal.moct.gov.sy/tests/e2e/ui-comprehensive.spec.ts:45:18

    attachment #1: video (video/webm) ──────────────────────────────────────────────────────────────
    ../../test-results/ui-comprehensive-UI-Compre-d3f6a-ould-support-form-templates-Mobile-Safari/video.webm
    ────────────────────────────────────────────────────────────────────────────────────────────────
]]>
</failure>
<system-out>
<![CDATA[
[[ATTACHMENT|ui-comprehensive-UI-Compre-d3f6a-ould-support-form-templates-Mobile-Safari/video.webm]]
]]>
</system-out>
</testcase>
<testcase name="UI Comprehensive Tests › Form Builder UI › should support form publishing workflow" classname="ui-comprehensive.spec.ts" time="0.794">
<failure message="ui-comprehensive.spec.ts:136:5 should support form publishing workflow" type="FAILURE">
<![CDATA[  [Mobile Safari] › ui-comprehensive.spec.ts:136:5 › UI Comprehensive Tests › Form Builder UI › should support form publishing workflow 

    Error: page.click: Target page, context or browser has been closed
    Call log:
      - waiting for locator('text=Forms')


      43 |     test.beforeEach(async () => {
      44 |       // Navigate to forms page
    > 45 |       await page.click('text=Forms');
         |                  ^
      46 |     });
      47 |
      48 |     test('should display form builder interface', async () => {
        at /Users/aomira/Documents/Work/MOCT/Dev/tawasal.moct.gov.sy/tests/e2e/ui-comprehensive.spec.ts:45:18

    attachment #1: video (video/webm) ──────────────────────────────────────────────────────────────
    ../../test-results/ui-comprehensive-UI-Compre-67268-rt-form-publishing-workflow-Mobile-Safari/video.webm
    ────────────────────────────────────────────────────────────────────────────────────────────────
]]>
</failure>
<system-out>
<![CDATA[
[[ATTACHMENT|ui-comprehensive-UI-Compre-67268-rt-form-publishing-workflow-Mobile-Safari/video.webm]]
]]>
</system-out>
</testcase>
<testcase name="UI Comprehensive Tests › Admin Panel UI › should display admin dashboard" classname="ui-comprehensive.spec.ts" time="1.719">
<failure message="ui-comprehensive.spec.ts:149:5 should display admin dashboard" type="FAILURE">
<![CDATA[  [Mobile Safari] › ui-comprehensive.spec.ts:149:5 › UI Comprehensive Tests › Admin Panel UI › should display admin dashboard 

    Error: page.click: Target page, context or browser has been closed
    Call log:
      - waiting for locator('text=Admin')


      144 |     test.beforeEach(async () => {
      145 |       // Navigate to admin page
    > 146 |       await page.click('text=Admin');
          |                  ^
      147 |     });
      148 |
      149 |     test('should display admin dashboard', async () => {
        at /Users/aomira/Documents/Work/MOCT/Dev/tawasal.moct.gov.sy/tests/e2e/ui-comprehensive.spec.ts:146:18

    attachment #1: video (video/webm) ──────────────────────────────────────────────────────────────
    ../../test-results/ui-comprehensive-UI-Compre-d918c-uld-display-admin-dashboard-Mobile-Safari/video.webm
    ────────────────────────────────────────────────────────────────────────────────────────────────
]]>
</failure>
<system-out>
<![CDATA[
[[ATTACHMENT|ui-comprehensive-UI-Compre-d918c-uld-display-admin-dashboard-Mobile-Safari/video.webm]]
]]>
</system-out>
</testcase>
<testcase name="UI Comprehensive Tests › Admin Panel UI › should support ministry management" classname="ui-comprehensive.spec.ts" time="1.749">
<failure message="ui-comprehensive.spec.ts:157:5 should support ministry management" type="FAILURE">
<![CDATA[  [Mobile Safari] › ui-comprehensive.spec.ts:157:5 › UI Comprehensive Tests › Admin Panel UI › should support ministry management 

    Error: page.click: Target page, context or browser has been closed
    Call log:
      - waiting for locator('text=Admin')


      144 |     test.beforeEach(async () => {
      145 |       // Navigate to admin page
    > 146 |       await page.click('text=Admin');
          |                  ^
      147 |     });
      148 |
      149 |     test('should display admin dashboard', async () => {
        at /Users/aomira/Documents/Work/MOCT/Dev/tawasal.moct.gov.sy/tests/e2e/ui-comprehensive.spec.ts:146:18

    attachment #1: video (video/webm) ──────────────────────────────────────────────────────────────
    ../../test-results/ui-comprehensive-UI-Compre-3e7a1-support-ministry-management-Mobile-Safari/video.webm
    ────────────────────────────────────────────────────────────────────────────────────────────────
]]>
</failure>
<system-out>
<![CDATA[
[[ATTACHMENT|ui-comprehensive-UI-Compre-3e7a1-support-ministry-management-Mobile-Safari/video.webm]]
]]>
</system-out>
</testcase>
<testcase name="UI Comprehensive Tests › Admin Panel UI › should support user management" classname="ui-comprehensive.spec.ts" time="1.362">
<failure message="ui-comprehensive.spec.ts:171:5 should support user management" type="FAILURE">
<![CDATA[  [Mobile Safari] › ui-comprehensive.spec.ts:171:5 › UI Comprehensive Tests › Admin Panel UI › should support user management 

    Error: page.click: Target page, context or browser has been closed
    Call log:
      - waiting for locator('text=Admin')


      144 |     test.beforeEach(async () => {
      145 |       // Navigate to admin page
    > 146 |       await page.click('text=Admin');
          |                  ^
      147 |     });
      148 |
      149 |     test('should display admin dashboard', async () => {
        at /Users/aomira/Documents/Work/MOCT/Dev/tawasal.moct.gov.sy/tests/e2e/ui-comprehensive.spec.ts:146:18

    attachment #1: video (video/webm) ──────────────────────────────────────────────────────────────
    ../../test-results/ui-comprehensive-UI-Compre-82d8b-uld-support-user-management-Mobile-Safari/video.webm
    ────────────────────────────────────────────────────────────────────────────────────────────────
]]>
</failure>
<system-out>
<![CDATA[
[[ATTACHMENT|ui-comprehensive-UI-Compre-82d8b-uld-support-user-management-Mobile-Safari/video.webm]]
]]>
</system-out>
</testcase>
<testcase name="UI Comprehensive Tests › Admin Panel UI › should support role management" classname="ui-comprehensive.spec.ts" time="13.142">
<failure message="ui-comprehensive.spec.ts:185:5 should support role management" type="FAILURE">
<![CDATA[  [Mobile Safari] › ui-comprehensive.spec.ts:185:5 › UI Comprehensive Tests › Admin Panel UI › should support role management 

    Error: page.click: Target page, context or browser has been closed
    Call log:
      - waiting for locator('text=Admin')


      144 |     test.beforeEach(async () => {
      145 |       // Navigate to admin page
    > 146 |       await page.click('text=Admin');
          |                  ^
      147 |     });
      148 |
      149 |     test('should display admin dashboard', async () => {
        at /Users/aomira/Documents/Work/MOCT/Dev/tawasal.moct.gov.sy/tests/e2e/ui-comprehensive.spec.ts:146:18

    attachment #1: video (video/webm) ──────────────────────────────────────────────────────────────
    ../../test-results/ui-comprehensive-UI-Compre-0d49a-uld-support-role-management-Mobile-Safari/video.webm
    ────────────────────────────────────────────────────────────────────────────────────────────────
]]>
</failure>
<system-out>
<![CDATA[
[[ATTACHMENT|ui-comprehensive-UI-Compre-0d49a-uld-support-role-management-Mobile-Safari/video.webm]]
]]>
</system-out>
</testcase>
<testcase name="UI Comprehensive Tests › Admin Panel UI › should support audit logs viewer" classname="ui-comprehensive.spec.ts" time="26.367">
<failure message="ui-comprehensive.spec.ts:199:5 should support audit logs viewer" type="FAILURE">
<![CDATA[  [Mobile Safari] › ui-comprehensive.spec.ts:199:5 › UI Comprehensive Tests › Admin Panel UI › should support audit logs viewer 

    Error: page.click: Target page, context or browser has been closed
    Call log:
      - waiting for locator('text=Admin')


      144 |     test.beforeEach(async () => {
      145 |       // Navigate to admin page
    > 146 |       await page.click('text=Admin');
          |                  ^
      147 |     });
      148 |
      149 |     test('should display admin dashboard', async () => {
        at /Users/aomira/Documents/Work/MOCT/Dev/tawasal.moct.gov.sy/tests/e2e/ui-comprehensive.spec.ts:146:18

    attachment #1: video (video/webm) ──────────────────────────────────────────────────────────────
    ../../test-results/ui-comprehensive-UI-Compre-adfb3-d-support-audit-logs-viewer-Mobile-Safari/video.webm
    ────────────────────────────────────────────────────────────────────────────────────────────────
]]>
</failure>
<system-out>
<![CDATA[
[[ATTACHMENT|ui-comprehensive-UI-Compre-adfb3-d-support-audit-logs-viewer-Mobile-Safari/video.webm]]
]]>
</system-out>
</testcase>
<testcase name="UI Comprehensive Tests › Admin Panel UI › should support encryption management" classname="ui-comprehensive.spec.ts" time="25.447">
<failure message="ui-comprehensive.spec.ts:209:5 should support encryption management" type="FAILURE">
<![CDATA[  [Mobile Safari] › ui-comprehensive.spec.ts:209:5 › UI Comprehensive Tests › Admin Panel UI › should support encryption management 

    Error: page.click: Target page, context or browser has been closed
    Call log:
      - waiting for locator('text=Admin')


      144 |     test.beforeEach(async () => {
      145 |       // Navigate to admin page
    > 146 |       await page.click('text=Admin');
          |                  ^
      147 |     });
      148 |
      149 |     test('should display admin dashboard', async () => {
        at /Users/aomira/Documents/Work/MOCT/Dev/tawasal.moct.gov.sy/tests/e2e/ui-comprehensive.spec.ts:146:18

    attachment #1: video (video/webm) ──────────────────────────────────────────────────────────────
    ../../test-results/ui-comprehensive-UI-Compre-65da1-pport-encryption-management-Mobile-Safari/video.webm
    ────────────────────────────────────────────────────────────────────────────────────────────────
]]>
</failure>
<system-out>
<![CDATA[
[[ATTACHMENT|ui-comprehensive-UI-Compre-65da1-pport-encryption-management-Mobile-Safari/video.webm]]
]]>
</system-out>
</testcase>
<testcase name="UI Comprehensive Tests › Analytics Dashboard UI › should display analytics dashboard" classname="ui-comprehensive.spec.ts" time="13.05">
<failure message="ui-comprehensive.spec.ts:226:5 should display analytics dashboard" type="FAILURE">
<![CDATA[  [Mobile Safari] › ui-comprehensive.spec.ts:226:5 › UI Comprehensive Tests › Analytics Dashboard UI › should display analytics dashboard 

    Error: page.click: Target page, context or browser has been closed
    Call log:
      - waiting for locator('text=Analytics')


      221 |     test.beforeEach(async () => {
      222 |       // Navigate to analytics
    > 223 |       await page.click('text=Analytics');
          |                  ^
      224 |     });
      225 |
      226 |     test('should display analytics dashboard', async () => {
        at /Users/aomira/Documents/Work/MOCT/Dev/tawasal.moct.gov.sy/tests/e2e/ui-comprehensive.spec.ts:223:18

    attachment #1: video (video/webm) ──────────────────────────────────────────────────────────────
    ../../test-results/ui-comprehensive-UI-Compre-f7374-display-analytics-dashboard-Mobile-Safari/video.webm
    ────────────────────────────────────────────────────────────────────────────────────────────────
]]>
</failure>
<system-out>
<![CDATA[
[[ATTACHMENT|ui-comprehensive-UI-Compre-f7374-display-analytics-dashboard-Mobile-Safari/video.webm]]
]]>
</system-out>
</testcase>
<testcase name="UI Comprehensive Tests › Analytics Dashboard UI › should display charts and graphs" classname="ui-comprehensive.spec.ts" time="0.726">
<failure message="ui-comprehensive.spec.ts:233:5 should display charts and graphs" type="FAILURE">
<![CDATA[  [Mobile Safari] › ui-comprehensive.spec.ts:233:5 › UI Comprehensive Tests › Analytics Dashboard UI › should display charts and graphs 

    Error: page.click: Target page, context or browser has been closed
    Call log:
      - waiting for locator('text=Analytics')


      221 |     test.beforeEach(async () => {
      222 |       // Navigate to analytics
    > 223 |       await page.click('text=Analytics');
          |                  ^
      224 |     });
      225 |
      226 |     test('should display analytics dashboard', async () => {
        at /Users/aomira/Documents/Work/MOCT/Dev/tawasal.moct.gov.sy/tests/e2e/ui-comprehensive.spec.ts:223:18

    attachment #1: video (video/webm) ──────────────────────────────────────────────────────────────
    ../../test-results/ui-comprehensive-UI-Compre-c17c7-d-display-charts-and-graphs-Mobile-Safari/video.webm
    ────────────────────────────────────────────────────────────────────────────────────────────────
]]>
</failure>
<system-out>
<![CDATA[
[[ATTACHMENT|ui-comprehensive-UI-Compre-c17c7-d-display-charts-and-graphs-Mobile-Safari/video.webm]]
]]>
</system-out>
</testcase>
<testcase name="UI Comprehensive Tests › Analytics Dashboard UI › should support real-time updates" classname="ui-comprehensive.spec.ts" time="0.343">
<failure message="ui-comprehensive.spec.ts:240:5 should support real-time updates" type="FAILURE">
<![CDATA[  [Mobile Safari] › ui-comprehensive.spec.ts:240:5 › UI Comprehensive Tests › Analytics Dashboard UI › should support real-time updates 

    Error: page.goto: Provisiolal navigation canceled.
    Call log:
      - navigating to "http://localhost:3000/", waiting until "load"


       6 |   test.beforeEach(async ({ page: testPage }) => {
       7 |     page = testPage;
    >  8 |     await page.goto('http://localhost:3000');
         |                ^
       9 |   });
      10 |
      11 |   test.describe('Landing Page UI', () => {
        at /Users/aomira/Documents/Work/MOCT/Dev/tawasal.moct.gov.sy/tests/e2e/ui-comprehensive.spec.ts:8:16

    Error: page.click: Target page, context or browser has been closed

      221 |     test.beforeEach(async () => {
      222 |       // Navigate to analytics
    > 223 |       await page.click('text=Analytics');
          |                  ^
      224 |     });
      225 |
      226 |     test('should display analytics dashboard', async () => {
        at /Users/aomira/Documents/Work/MOCT/Dev/tawasal.moct.gov.sy/tests/e2e/ui-comprehensive.spec.ts:223:18

    attachment #1: video (video/webm) ──────────────────────────────────────────────────────────────
    ../../test-results/ui-comprehensive-UI-Compre-36cfa-d-support-real-time-updates-Mobile-Safari/video.webm
    ────────────────────────────────────────────────────────────────────────────────────────────────
]]>
</failure>
<system-out>
<![CDATA[
[[ATTACHMENT|ui-comprehensive-UI-Compre-36cfa-d-support-real-time-updates-Mobile-Safari/video.webm]]
]]>
</system-out>
</testcase>
<testcase name="UI Comprehensive Tests › Analytics Dashboard UI › should support filtering and date ranges" classname="ui-comprehensive.spec.ts" time="0.833">
<failure message="ui-comprehensive.spec.ts:246:5 should support filtering and date ranges" type="FAILURE">
<![CDATA[  [Mobile Safari] › ui-comprehensive.spec.ts:246:5 › UI Comprehensive Tests › Analytics Dashboard UI › should support filtering and date ranges 

    Error: page.click: Target page, context or browser has been closed
    Call log:
      - waiting for locator('text=Analytics')


      221 |     test.beforeEach(async () => {
      222 |       // Navigate to analytics
    > 223 |       await page.click('text=Analytics');
          |                  ^
      224 |     });
      225 |
      226 |     test('should display analytics dashboard', async () => {
        at /Users/aomira/Documents/Work/MOCT/Dev/tawasal.moct.gov.sy/tests/e2e/ui-comprehensive.spec.ts:223:18

    attachment #1: video (video/webm) ──────────────────────────────────────────────────────────────
    ../../test-results/ui-comprehensive-UI-Compre-46bfb-t-filtering-and-date-ranges-Mobile-Safari/video.webm
    ────────────────────────────────────────────────────────────────────────────────────────────────
]]>
</failure>
<system-out>
<![CDATA[
[[ATTACHMENT|ui-comprehensive-UI-Compre-46bfb-t-filtering-and-date-ranges-Mobile-Safari/video.webm]]
]]>
</system-out>
</testcase>
<testcase name="UI Comprehensive Tests › Authentication UI › should display login form" classname="ui-comprehensive.spec.ts" time="3.672">
<failure message="ui-comprehensive.spec.ts:258:5 should display login form" type="FAILURE">
<![CDATA[  [Mobile Safari] › ui-comprehensive.spec.ts:258:5 › UI Comprehensive Tests › Authentication UI › should display login form 

    Error: expect(locator).toBeVisible() failed

    Locator:  locator('[data-testid="login-form"]')
    Expected: visible
    Received: <element(s) not found>

    Call log:
      - Expect "toBeVisible" with timeout 5000ms
      - waiting for locator('[data-testid="login-form"]')


      261 |       
      262 |       // Check login form elements
    > 263 |       await expect(page.locator('[data-testid="login-form"]')).toBeVisible();
          |                                                                ^
      264 |       await expect(page.locator('[data-testid="username-input"]')).toBeVisible();
      265 |       await expect(page.locator('[data-testid="password-input"]')).toBeVisible();
      266 |       await expect(page.locator('[data-testid="login-button"]')).toBeVisible();
        at /Users/aomira/Documents/Work/MOCT/Dev/tawasal.moct.gov.sy/tests/e2e/ui-comprehensive.spec.ts:263:64

    attachment #1: video (video/webm) ──────────────────────────────────────────────────────────────
    ../../test-results/ui-comprehensive-UI-Compre-da77d-I-should-display-login-form-Mobile-Safari/video.webm
    ────────────────────────────────────────────────────────────────────────────────────────────────
]]>
</failure>
<system-out>
<![CDATA[
[[ATTACHMENT|ui-comprehensive-UI-Compre-da77d-I-should-display-login-form-Mobile-Safari/video.webm]]
]]>
</system-out>
</testcase>
<testcase name="UI Comprehensive Tests › Authentication UI › should support MFA setup" classname="ui-comprehensive.spec.ts" time="0.503">
<failure message="ui-comprehensive.spec.ts:269:5 should support MFA setup" type="FAILURE">
<![CDATA[  [Mobile Safari] › ui-comprehensive.spec.ts:269:5 › UI Comprehensive Tests › Authentication UI › should support MFA setup 

    Error: expect(locator).toBeVisible() failed

    Locator:  locator('[data-testid="mfa-setup"]')
    Expected: visible
    Received: <element(s) not found>

    Call log:
      - Expect "toBeVisible" with timeout 5000ms
      - waiting for locator('[data-testid="mfa-setup"]')


      272 |       
      273 |       // Check MFA setup components
    > 274 |       await expect(page.locator('[data-testid="mfa-setup"]')).toBeVisible();
          |                                                               ^
      275 |       await expect(page.locator('[data-testid="qr-code"]')).toBeVisible();
      276 |       await expect(page.locator('[data-testid="backup-codes"]')).toBeVisible();
      277 |     });
        at /Users/aomira/Documents/Work/MOCT/Dev/tawasal.moct.gov.sy/tests/e2e/ui-comprehensive.spec.ts:274:63

    attachment #1: video (video/webm) ──────────────────────────────────────────────────────────────
    ../../test-results/ui-comprehensive-UI-Compre-07349-UI-should-support-MFA-setup-Mobile-Safari/video.webm
    ────────────────────────────────────────────────────────────────────────────────────────────────
]]>
</failure>
<system-out>
<![CDATA[
[[ATTACHMENT|ui-comprehensive-UI-Compre-07349-UI-should-support-MFA-setup-Mobile-Safari/video.webm]]
]]>
</system-out>
</testcase>
<testcase name="UI Comprehensive Tests › Authentication UI › should support MFA verification" classname="ui-comprehensive.spec.ts" time="5.455">
<failure message="ui-comprehensive.spec.ts:279:5 should support MFA verification" type="FAILURE">
<![CDATA[  [Mobile Safari] › ui-comprehensive.spec.ts:279:5 › UI Comprehensive Tests › Authentication UI › should support MFA verification 

    Error: expect(locator).toBeVisible() failed

    Locator:  locator('[data-testid="mfa-verification"]')
    Expected: visible
    Received: <element(s) not found>
    Timeout:  5000ms

    Call log:
      - Expect "toBeVisible" with timeout 5000ms
      - waiting for locator('[data-testid="mfa-verification"]')


      282 |       
      283 |       // Check MFA verification components
    > 284 |       await expect(page.locator('[data-testid="mfa-verification"]')).toBeVisible();
          |                                                                      ^
      285 |       await expect(page.locator('[data-testid="mfa-code-input"]')).toBeVisible();
      286 |       await expect(page.locator('[data-testid="verify-button"]')).toBeVisible();
      287 |     });
        at /Users/aomira/Documents/Work/MOCT/Dev/tawasal.moct.gov.sy/tests/e2e/ui-comprehensive.spec.ts:284:70

    attachment #1: screenshot (image/png) ──────────────────────────────────────────────────────────
    ../../test-results/ui-comprehensive-UI-Compre-ad05e-ld-support-MFA-verification-Mobile-Safari/test-failed-1.png
    ────────────────────────────────────────────────────────────────────────────────────────────────

    attachment #2: video (video/webm) ──────────────────────────────────────────────────────────────
    ../../test-results/ui-comprehensive-UI-Compre-ad05e-ld-support-MFA-verification-Mobile-Safari/video.webm
    ────────────────────────────────────────────────────────────────────────────────────────────────

    Error Context: ../../test-results/ui-comprehensive-UI-Compre-ad05e-ld-support-MFA-verification-Mobile-Safari/error-context.md
]]>
</failure>
<system-out>
<![CDATA[
[[ATTACHMENT|ui-comprehensive-UI-Compre-ad05e-ld-support-MFA-verification-Mobile-Safari/test-failed-1.png]]

[[ATTACHMENT|ui-comprehensive-UI-Compre-ad05e-ld-support-MFA-verification-Mobile-Safari/video.webm]]

[[ATTACHMENT|ui-comprehensive-UI-Compre-ad05e-ld-support-MFA-verification-Mobile-Safari/error-context.md]]
]]>
</system-out>
</testcase>
<testcase name="UI Comprehensive Tests › Accessibility Tests › should have proper ARIA labels" classname="ui-comprehensive.spec.ts" time="5.42">
<failure message="ui-comprehensive.spec.ts:291:5 should have proper ARIA labels" type="FAILURE">
<![CDATA[  [Mobile Safari] › ui-comprehensive.spec.ts:291:5 › UI Comprehensive Tests › Accessibility Tests › should have proper ARIA labels 

    Error: expect(locator).toHaveAttribute() failed

    Locator:  locator('button').first()
    Expected: have attribute
    Received: <element(s) not found>
    Timeout:  5000ms

    Call log:
      - Expect "toHaveAttribute" with timeout 5000ms
      - waiting for locator('button').first()


      293 |       const buttons = page.locator('button');
      294 |       const firstButton = buttons.first();
    > 295 |       await expect(firstButton).toHaveAttribute('aria-label');
          |                                 ^
      296 |     });
      297 |
      298 |     test('should support keyboard navigation', async () => {
        at /Users/aomira/Documents/Work/MOCT/Dev/tawasal.moct.gov.sy/tests/e2e/ui-comprehensive.spec.ts:295:33

    attachment #1: screenshot (image/png) ──────────────────────────────────────────────────────────
    ../../test-results/ui-comprehensive-UI-Compre-64b2b-uld-have-proper-ARIA-labels-Mobile-Safari/test-failed-1.png
    ────────────────────────────────────────────────────────────────────────────────────────────────

    attachment #2: video (video/webm) ──────────────────────────────────────────────────────────────
    ../../test-results/ui-comprehensive-UI-Compre-64b2b-uld-have-proper-ARIA-labels-Mobile-Safari/video.webm
    ────────────────────────────────────────────────────────────────────────────────────────────────

    Error Context: ../../test-results/ui-comprehensive-UI-Compre-64b2b-uld-have-proper-ARIA-labels-Mobile-Safari/error-context.md
]]>
</failure>
<system-out>
<![CDATA[
[[ATTACHMENT|ui-comprehensive-UI-Compre-64b2b-uld-have-proper-ARIA-labels-Mobile-Safari/test-failed-1.png]]

[[ATTACHMENT|ui-comprehensive-UI-Compre-64b2b-uld-have-proper-ARIA-labels-Mobile-Safari/video.webm]]

[[ATTACHMENT|ui-comprehensive-UI-Compre-64b2b-uld-have-proper-ARIA-labels-Mobile-Safari/error-context.md]]
]]>
</system-out>
</testcase>
<testcase name="UI Comprehensive Tests › Accessibility Tests › should support keyboard navigation" classname="ui-comprehensive.spec.ts" time="5.42">
<failure message="ui-comprehensive.spec.ts:298:5 should support keyboard navigation" type="FAILURE">
<![CDATA[  [Mobile Safari] › ui-comprehensive.spec.ts:298:5 › UI Comprehensive Tests › Accessibility Tests › should support keyboard navigation 

    Error: expect(locator).toBeVisible() failed

    Locator:  locator(':focus')
    Expected: visible
    Received: <element(s) not found>
    Timeout:  5000ms

    Call log:
      - Expect "toBeVisible" with timeout 5000ms
      - waiting for locator(':focus')


      304 |       // Check if focus is visible
      305 |       const focusedElement = page.locator(':focus');
    > 306 |       await expect(focusedElement).toBeVisible();
          |                                    ^
      307 |     });
      308 |
      309 |     test('should have proper color contrast', async () => {
        at /Users/aomira/Documents/Work/MOCT/Dev/tawasal.moct.gov.sy/tests/e2e/ui-comprehensive.spec.ts:306:36

    attachment #1: screenshot (image/png) ──────────────────────────────────────────────────────────
    ../../test-results/ui-comprehensive-UI-Compre-2258e-support-keyboard-navigation-Mobile-Safari/test-failed-1.png
    ────────────────────────────────────────────────────────────────────────────────────────────────

    attachment #2: video (video/webm) ──────────────────────────────────────────────────────────────
    ../../test-results/ui-comprehensive-UI-Compre-2258e-support-keyboard-navigation-Mobile-Safari/video.webm
    ────────────────────────────────────────────────────────────────────────────────────────────────

    Error Context: ../../test-results/ui-comprehensive-UI-Compre-2258e-support-keyboard-navigation-Mobile-Safari/error-context.md
]]>
</failure>
<system-out>
<![CDATA[
[[ATTACHMENT|ui-comprehensive-UI-Compre-2258e-support-keyboard-navigation-Mobile-Safari/test-failed-1.png]]

[[ATTACHMENT|ui-comprehensive-UI-Compre-2258e-support-keyboard-navigation-Mobile-Safari/video.webm]]

[[ATTACHMENT|ui-comprehensive-UI-Compre-2258e-support-keyboard-navigation-Mobile-Safari/error-context.md]]
]]>
</system-out>
</testcase>
<testcase name="UI Comprehensive Tests › Accessibility Tests › should have proper color contrast" classname="ui-comprehensive.spec.ts" time="0.414">
</testcase>
<testcase name="UI Comprehensive Tests › Performance Tests › should load within acceptable time" classname="ui-comprehensive.spec.ts" time="0.472">
</testcase>
<testcase name="UI Comprehensive Tests › Performance Tests › should have good Lighthouse scores" classname="ui-comprehensive.spec.ts" time="0.44">
</testcase>
<testcase name="UI Comprehensive Tests › Error Handling UI › should display proper error messages" classname="ui-comprehensive.spec.ts" time="3.885">
<failure message="ui-comprehensive.spec.ts:337:5 should display proper error messages" type="FAILURE">
<![CDATA[  [Mobile Safari] › ui-comprehensive.spec.ts:337:5 › UI Comprehensive Tests › Error Handling UI › should display proper error messages 

    Error: expect(locator).toBeVisible() failed

    Locator:  locator('text=404')
    Expected: visible
    Received: <element(s) not found>

    Call log:
      - Expect "toBeVisible" with timeout 5000ms
      - waiting for locator('text=404')


      338 |       // Test 404 page
      339 |       await page.goto('http://localhost:3000/nonexistent-page');
    > 340 |       await expect(page.locator('text=404')).toBeVisible();
          |                                              ^
      341 |     });
      342 |
      343 |     test('should handle network errors gracefully', async () => {
        at /Users/aomira/Documents/Work/MOCT/Dev/tawasal.moct.gov.sy/tests/e2e/ui-comprehensive.spec.ts:340:46

    attachment #1: video (video/webm) ──────────────────────────────────────────────────────────────
    ../../test-results/ui-comprehensive-UI-Compre-316dd-splay-proper-error-messages-Mobile-Safari/video.webm
    ────────────────────────────────────────────────────────────────────────────────────────────────
]]>
</failure>
<system-out>
<![CDATA[
[[ATTACHMENT|ui-comprehensive-UI-Compre-316dd-splay-proper-error-messages-Mobile-Safari/video.webm]]
]]>
</system-out>
</testcase>
<testcase name="UI Comprehensive Tests › Error Handling UI › should handle network errors gracefully" classname="ui-comprehensive.spec.ts" time="0.301">
<failure message="ui-comprehensive.spec.ts:343:5 should handle network errors gracefully" type="FAILURE">
<![CDATA[  [Mobile Safari] › ui-comprehensive.spec.ts:343:5 › UI Comprehensive Tests › Error Handling UI › should handle network errors gracefully 

    Error: page.goto: Blocked by Web Inspector
    Call log:
      - navigating to "http://localhost:3000/", waiting until "load"


      345 |       await page.route('**/*', route => route.abort());
      346 |       
    > 347 |       await page.goto('http://localhost:3000');
          |                  ^
      348 |       // Should show error message or retry button
      349 |     });
      350 |   });
        at /Users/aomira/Documents/Work/MOCT/Dev/tawasal.moct.gov.sy/tests/e2e/ui-comprehensive.spec.ts:347:18

    attachment #1: screenshot (image/png) ──────────────────────────────────────────────────────────
    ../../test-results/ui-comprehensive-UI-Compre-76a7f-e-network-errors-gracefully-Mobile-Safari/test-failed-1.png
    ────────────────────────────────────────────────────────────────────────────────────────────────

    attachment #2: video (video/webm) ──────────────────────────────────────────────────────────────
    ../../test-results/ui-comprehensive-UI-Compre-76a7f-e-network-errors-gracefully-Mobile-Safari/video.webm
    ────────────────────────────────────────────────────────────────────────────────────────────────

    Error Context: ../../test-results/ui-comprehensive-UI-Compre-76a7f-e-network-errors-gracefully-Mobile-Safari/error-context.md
]]>
</failure>
<system-out>
<![CDATA[
[[ATTACHMENT|ui-comprehensive-UI-Compre-76a7f-e-network-errors-gracefully-Mobile-Safari/test-failed-1.png]]

[[ATTACHMENT|ui-comprehensive-UI-Compre-76a7f-e-network-errors-gracefully-Mobile-Safari/video.webm]]

[[ATTACHMENT|ui-comprehensive-UI-Compre-76a7f-e-network-errors-gracefully-Mobile-Safari/error-context.md]]
]]>
</system-out>
</testcase>
<testcase name="UI Comprehensive Tests › Internationalization UI › should support language switching" classname="ui-comprehensive.spec.ts" time="4.692">
<failure message="ui-comprehensive.spec.ts:353:5 should support language switching" type="FAILURE">
<![CDATA[  [Mobile Safari] › ui-comprehensive.spec.ts:353:5 › UI Comprehensive Tests › Internationalization UI › should support language switching 

    Error: expect(locator).toBeVisible() failed

    Locator:  locator('[data-testid="language-selector"]')
    Expected: visible
    Received: <element(s) not found>

    Call log:
      - Expect "toBeVisible" with timeout 5000ms
      - waiting for locator('[data-testid="language-selector"]')


      353 |     test('should support language switching', async () => {
      354 |       // Check if language selector is present
    > 355 |       await expect(page.locator('[data-testid="language-selector"]')).toBeVisible();
          |                                                                       ^
      356 |       
      357 |       // Test language switching
      358 |       await page.click('[data-testid="language-selector"]');
        at /Users/aomira/Documents/Work/MOCT/Dev/tawasal.moct.gov.sy/tests/e2e/ui-comprehensive.spec.ts:355:71

    attachment #1: video (video/webm) ──────────────────────────────────────────────────────────────
    ../../test-results/ui-comprehensive-UI-Compre-299a2--support-language-switching-Mobile-Safari/video.webm
    ────────────────────────────────────────────────────────────────────────────────────────────────
]]>
</failure>
<system-out>
<![CDATA[
[[ATTACHMENT|ui-comprehensive-UI-Compre-299a2--support-language-switching-Mobile-Safari/video.webm]]
]]>
</system-out>
</testcase>
<testcase name="UI Comprehensive Tests › Internationalization UI › should support RTL layout for Arabic" classname="ui-comprehensive.spec.ts" time="3.651">
<failure message="ui-comprehensive.spec.ts:365:5 should support RTL layout for Arabic" type="FAILURE">
<![CDATA[  [Mobile Safari] › ui-comprehensive.spec.ts:365:5 › UI Comprehensive Tests › Internationalization UI › should support RTL layout for Arabic 

    Error: page.click: Target page, context or browser has been closed
    Call log:
      - waiting for locator('[data-testid="language-selector"]')


      365 |     test('should support RTL layout for Arabic', async () => {
      366 |       // Switch to Arabic
    > 367 |       await page.click('[data-testid="language-selector"]');
          |                  ^
      368 |       await page.click('[data-testid="language-ar"]');
      369 |       
      370 |       // Check if RTL is applied
        at /Users/aomira/Documents/Work/MOCT/Dev/tawasal.moct.gov.sy/tests/e2e/ui-comprehensive.spec.ts:367:18

    attachment #1: video (video/webm) ──────────────────────────────────────────────────────────────
    ../../test-results/ui-comprehensive-UI-Compre-3e647-pport-RTL-layout-for-Arabic-Mobile-Safari/video.webm
    ────────────────────────────────────────────────────────────────────────────────────────────────
]]>
</failure>
<system-out>
<![CDATA[
[[ATTACHMENT|ui-comprehensive-UI-Compre-3e647-pport-RTL-layout-for-Arabic-Mobile-Safari/video.webm]]
]]>
</system-out>
</testcase>
</testsuite>
</testsuites>